10.0.79.73 - - [25/Jan/2016:12:37:51 +0100] "GET / HTTP/1.1" 304 210 "-" "Mozilla/5.0 (X11; Ubuntu; Linux x86_64; rv:40.0) Gecko/20100101 Firefox/40.0"
10.0.0.114 - - [25/Jan/2016:12:37:52 +0100] "GET /SYT-BS HTTP/1.1" 401 676 "http://netzwerktechnik.htl.rennweg.at/" "Mozilla/5.0 (X11; Linux x86_64) AppleWebKit/537.36 (KHTML, like Gecko) Chrome/44.0.2403.157 Safari/537.36"
10.0.0.114 - htl3r [25/Jan/2016:12:37:53 +0100] "GET /SYT-BS/3xI/Labor/Vorlage/UExx_Protokollvorlage.ott HTTP/1.1" 200 67107 "http://netzwerktechnik.htl.rennweg.at/SYT-BS/3xI/Labor/Vorlage/" "Mozilla/5.0 (X11; Ubuntu; Linux x86_64; rv:40.0) Gecko/20100101 Firefox/40.0"
10.0.79.76 - htl3r [25/Jan/2016:12:37:57 +0100] "GET /SYT-BS/3xI/ HTTP/1.1" 200 2398 "-" "Mozilla/5.0 (X11; Linux x86_64) AppleWebKit/537.36 (KHTML, like Gecko) Chrome/44.0.2403.157 Safari/537.36"
10.0.0.114 - htl3r [25/Jan/2016:12:37:58 +0100] "GET /SYT-BS HTTP/1.1" 301 589 "http://netzwerktechnik.htl.rennweg.at/" "Mozilla/5.0 (X11; Linux x86_64) AppleWebKit/537.36 (KHTML, like Gecko) Chrome/44.0.2403.157 Safari/537.36"
10.0.0.114 - htl3r [25/Jan/2016:12:37:58 +0100] "GET /SYT-BS/ HTTP/1.1" 200 2101 "http://netzwerktechnik.htl.rennweg.at/" "Mozilla/5.0 (X11; Linux x86_64) AppleWebKit/537.36 (KHTML, like Gecko) Chrome/44.0.2403.157 Safari/537.36"
10.0.0.114 - htl3r [25/Jan/2016:12:37:58 +0100] "GET /~hor/theme/style.css HTTP/1.1" 304 210 "http://netzwerktechnik.htl.rennweg.at/SYT-BS/" "Mozilla/5.0 (X11; Linux x86_64) AppleWebKit/537.36 (KHTML, like Gecko) Chrome/44.0.2403.157 Safari/537.36"
10.0.0.114 - htl3r [25/Jan/2016:12:37:58 +0100] "GET /~hor/theme/icons/blank.png HTTP/1.1" 304 187 "http://netzwerktechnik.htl.rennweg.at/SYT-BS/" "Mozilla/5.0 (X11; Linux x86_64) AppleWebKit/537.36 (KHTML, like Gecko) Chrome/44.0.2403.157 Safari/537.36"
10.0.0.114 - htl3r [25/Jan/2016:12:37:58 +0100] "GET /~hor/theme/icons/folder.png HTTP/1.1" 304 187 "http://netzwerktechnik.htl.rennweg.at/SYT-BS/" "Mozilla/5.0 (X11; Linux x86_64) AppleWebKit/537.36 (KHTML, like Gecko) Chrome/44.0.2403.157 Safari/537.36"
10.0.0.114 - htl3r [25/Jan/2016:12:37:58 +0100] "GET /~hor/theme/icons/folder-home.png HTTP/1.1" 304 187 "http://netzwerktechnik.htl.rennweg.at/SYT-BS/" "Mozilla/5.0 (X11; Linux x86_64) AppleWebKit/537.36 (KHTML, like Gecko) Chrome/44.0.2403.157 Safari/537.36"
10.0.0.114 - htl3r [25/Jan/2016:12:38:00 +0100] "GET /SYT-BS/3xI/ HTTP/1.1" 200 2397 "http://netzwerktechnik.htl.rennweg.at/SYT-BS/" "Mozilla/5.0 (X11; Linux x86_64) AppleWebKit/537.36 (KHTML, like Gecko) Chrome/44.0.2403.157 Safari/537.36"
10.0.0.114 - htl3r [25/Jan/2016:12:38:02 +0100] "GET /SYT-BS/3xI/Labor/ HTTP/1.1" 200 5615 "http://netzwerktechnik.htl.rennweg.at/SYT-BS/3xI/" "Mozilla/5.0 (X11; Linux x86_64) AppleWebKit/537.36 (KHTML, like Gecko) Chrome/44.0.2403.157 Safari/537.36"
10.0.0.114 - htl3r [25/Jan/2016:12:38:02 +0100] "GET /~hor/theme/icons/default.png HTTP/1.1" 200 602 "http://netzwerktechnik.htl.rennweg.at/SYT-BS/3xI/Labor/" "Mozilla/5.0 (X11; Linux x86_64) AppleWebKit/537.36 (KHTML, like Gecko) Chrome/44.0.2403.157 Safari/537.36"
10.0.0.114 - htl3r [25/Jan/2016:12:38:02 +0100] "GET /~hor/theme/icons/pdf.png HTTP/1.1" 304 187 "http://netzwerktechnik.htl.rennweg.at/SYT-BS/3xI/Labor/" "Mozilla/5.0 (X11; Linux x86_64) AppleWebKit/537.36 (KHTML, like Gecko) Chrome/44.0.2403.157 Safari/537.36"
10.0.0.114 - - [25/Jan/2016:12:38:03 +0100] "GET /SYT-BS/3xI/Labor/ HTTP/1.1" 401 677 "-" "Mozilla/5.0 (X11; Ubuntu; Linux x86_64; rv:40.0) Gecko/20100101 Firefox/40.0"
10.0.0.114 - htl3r [25/Jan/2016:12:38:05 +0100] "GET /SYT-BS/3xI/Labor/ HTTP/1.1" 200 5615 "-" "Mozilla/5.0 (X11; Ubuntu; Linux x86_64; rv:40.0) Gecko/20100101 Firefox/40.0"
10.0.0.114 - - [25/Jan/2016:12:38:05 +0100] "GET /~hor/theme/icons/default.png HTTP/1.1" 401 676 "http://netzwerktechnik.htl.rennweg.at/SYT-BS/3xI/Labor/" "Mozilla/5.0 (X11; Ubuntu; Linux x86_64; rv:40.0) Gecko/20100101 Firefox/40.0"
10.0.0.114 - htl3r [25/Jan/2016:12:38:05 +0100] "GET /~hor/theme/icons/default.png HTTP/1.1" 304 187 "http://netzwerktechnik.htl.rennweg.at/SYT-BS/3xI/Labor/" "Mozilla/5.0 (X11; Ubuntu; Linux x86_64; rv:40.0) Gecko/20100101 Firefox/40.0"
10.0.0.114 - htl3r [25/Jan/2016:12:38:07 +0100] "GET /SYT-BS/3xI/Labor/UE11_Linux_Scripting-full.pdf HTTP/1.1" 200 138942 "http://netzwerktechnik.htl.rennweg.at/SYT-BS/3xI/Labor/" "Mozilla/5.0 (X11; Ubuntu; Linux x86_64; rv:40.0) Gecko/20100101 Firefox/40.0"
10.14.16.204 - - [25/Jan/2016:12:38:08 +0100] "GET /SYT-BS/3xI/Labor/ HTTP/1.1" 401 677 "-" "Mozilla/5.0 (Windows NT 10.0; WOW64) AppleWebKit/537.36 (KHTML, like Gecko) Chrome/47.0.2526.111 Safari/537.36"
10.14.16.204 - htl3r [25/Jan/2016:12:38:08 +0100] "GET /SYT-BS/3xI/Labor/ HTTP/1.1" 200 5615 "-" "Mozilla/5.0 (Windows NT 10.0; WOW64) AppleWebKit/537.36 (KHTML, like Gecko) Chrome/47.0.2526.111 Safari/537.36"
10.14.16.204 - - [25/Jan/2016:12:38:08 +0100] "GET /~hor/theme/style.css HTTP/1.1" 401 676 "http://netzwerktechnik.htl.rennweg.at/SYT-BS/3xI/Labor/" "Mozilla/5.0 (Windows NT 10.0; WOW64) AppleWebKit/537.36 (KHTML, like Gecko) Chrome/47.0.2526.111 Safari/537.36"
10.14.16.204 - htl3r [25/Jan/2016:12:38:08 +0100] "GET /~hor/theme/style.css HTTP/1.1" 200 1197 "http://netzwerktechnik.htl.rennweg.at/SYT-BS/3xI/Labor/" "Mozilla/5.0 (Windows NT 10.0; WOW64) AppleWebKit/537.36 (KHTML, like Gecko) Chrome/47.0.2526.111 Safari/537.36"
10.14.16.204 - htl3r [25/Jan/2016:12:38:08 +0100] "GET /~hor/theme/icons/blank.png HTTP/1.1" 200 518 "http://netzwerktechnik.htl.rennweg.at/SYT-BS/3xI/Labor/" "Mozilla/5.0 (Windows NT 10.0; WOW64) AppleWebKit/537.36 (KHTML, like Gecko) Chrome/47.0.2526.111 Safari/537.36"
10.14.16.204 - htl3r [25/Jan/2016:12:38:08 +0100] "GET /~hor/theme/icons/folder-home.png HTTP/1.1" 200 909 "http://netzwerktechnik.htl.rennweg.at/SYT-BS/3xI/Labor/" "Mozilla/5.0 (Windows NT 10.0; WOW64) AppleWebKit/537.36 (KHTML, like Gecko) Chrome/47.0.2526.111 Safari/537.36"
10.14.16.204 - htl3r [25/Jan/2016:12:38:08 +0100] "GET /~hor/theme/icons/default.png HTTP/1.1" 200 602 "http://netzwerktechnik.htl.rennweg.at/SYT-BS/3xI/Labor/" "Mozilla/5.0 (Windows NT 10.0; WOW64) AppleWebKit/537.36 (KHTML, like Gecko) Chrome/47.0.2526.111 Safari/537.36"
10.14.16.204 - htl3r [25/Jan/2016:12:38:08 +0100] "GET /~hor/theme/icons/pdf.png HTTP/1.1" 200 1090 "http://netzwerktechnik.htl.rennweg.at/SYT-BS/3xI/Labor/" "Mozilla/5.0 (Windows NT 10.0; WOW64) AppleWebKit/537.36 (KHTML, like Gecko) Chrome/47.0.2526.111 Safari/537.36"
10.14.16.204 - htl3r [25/Jan/2016:12:38:14 +0100] "GET /SYT-BS/3xI/Labor/UE11_Linux_Scripting-full.pdf HTTP/1.1" 200 138943 "http://netzwerktechnik.htl.rennweg.at/SYT-BS/3xI/Labor/" "Mozilla/5.0 (Windows NT 10.0; WOW64) AppleWebKit/537.36 (KHTML, like Gecko) Chrome/47.0.2526.111 Safari/537.36"
10.0.79.76 - htl3r [25/Jan/2016:12:38:15 +0100] "GET /SYT-BS/3xI/Labor/ HTTP/1.1" 200 5616 "http://netzwerktechnik.htl.rennweg.at/SYT-BS/3xI/" "Mozilla/5.0 (X11; Linux x86_64) AppleWebKit/537.36 (KHTML, like Gecko) Chrome/44.0.2403.157 Safari/537.36"
10.14.26.135 - - [25/Jan/2016:12:38:19 +0100] "GET /favicon.ico HTTP/1.1" 200 721 "-" "Mozilla/5.0 (Windows NT 10.0; WOW64; rv:43.0) Gecko/20100101 Firefox/43.0"
10.14.26.135 - - [25/Jan/2016:12:38:20 +0100] "GET /SYT-BS/3xI/Labor/ HTTP/1.1" 401 676 "-" "Mozilla/5.0 (Windows NT 10.0; WOW64; rv:43.0) Gecko/20100101 Firefox/43.0"
10.0.79.76 - htl3r [25/Jan/2016:12:38:21 +0100] "GET /SYT-BS/3xI/Labor/UE11_Linux_Scripting-full.pdf HTTP/1.1" 200 138943 "http://netzwerktechnik.htl.rennweg.at/SYT-BS/3xI/Labor/" "Mozilla/5.0 (X11; Linux x86_64) AppleWebKit/537.36 (KHTML, like Gecko) Chrome/44.0.2403.157 Safari/537.36"
10.14.26.135 - htl3r [25/Jan/2016:12:38:22 +0100] "GET /SYT-BS/3xI/Labor/ HTTP/1.1" 200 5615 "-" "Mozilla/5.0 (Windows NT 10.0; WOW64; rv:43.0) Gecko/20100101 Firefox/43.0"
10.14.26.135 - - [25/Jan/2016:12:38:22 +0100] "GET /~hor/theme/style.css HTTP/1.1" 401 676 "http://netzwerktechnik.htl.rennweg.at/SYT-BS/3xI/Labor/" "Mozilla/5.0 (Windows NT 10.0; WOW64; rv:43.0) Gecko/20100101 Firefox/43.0"
10.14.26.135 - - [25/Jan/2016:12:38:22 +0100] "GET /~hor/theme/icons/blank.png HTTP/1.1" 401 676 "http://netzwerktechnik.htl.rennweg.at/SYT-BS/3xI/Labor/" "Mozilla/5.0 (Windows NT 10.0; WOW64; rv:43.0) Gecko/20100101 Firefox/43.0"
10.14.26.135 - - [25/Jan/2016:12:38:22 +0100] "GET /~hor/theme/icons/folder-home.png HTTP/1.1" 401 677 "http://netzwerktechnik.htl.rennweg.at/SYT-BS/3xI/Labor/" "Mozilla/5.0 (Windows NT 10.0; WOW64; rv:43.0) Gecko/20100101 Firefox/43.0"
10.14.26.135 - - [25/Jan/2016:12:38:22 +0100] "GET /~hor/theme/icons/folder.png HTTP/1.1" 401 677 "http://netzwerktechnik.htl.rennweg.at/SYT-BS/3xI/Labor/" "Mozilla/5.0 (Windows NT 10.0; WOW64; rv:43.0) Gecko/20100101 Firefox/43.0"
10.14.26.135 - htl3r [25/Jan/2016:12:38:22 +0100] "GET /~hor/theme/style.css HTTP/1.1" 200 1198 "http://netzwerktechnik.htl.rennweg.at/SYT-BS/3xI/Labor/" "Mozilla/5.0 (Windows NT 10.0; WOW64; rv:43.0) Gecko/20100101 Firefox/43.0"
10.14.26.135 - - [25/Jan/2016:12:38:22 +0100] "GET /~hor/theme/icons/default.png HTTP/1.1" 401 677 "http://netzwerktechnik.htl.rennweg.at/SYT-BS/3xI/Labor/" "Mozilla/5.0 (Windows NT 10.0; WOW64; rv:43.0) Gecko/20100101 Firefox/43.0"
10.14.26.135 - - [25/Jan/2016:12:38:22 +0100] "GET /~hor/theme/icons/pdf.png HTTP/1.1" 401 677 "http://netzwerktechnik.htl.rennweg.at/SYT-BS/3xI/Labor/" "Mozilla/5.0 (Windows NT 10.0; WOW64; rv:43.0) Gecko/20100101 Firefox/43.0"
10.14.26.135 - htl3r [25/Jan/2016:12:38:22 +0100] "GET /~hor/theme/icons/folder-home.png HTTP/1.1" 200 909 "http://netzwerktechnik.htl.rennweg.at/SYT-BS/3xI/Labor/" "Mozilla/5.0 (Windows NT 10.0; WOW64; rv:43.0) Gecko/20100101 Firefox/43.0"
10.14.26.135 - htl3r [25/Jan/2016:12:38:22 +0100] "GET /~hor/theme/icons/blank.png HTTP/1.1" 200 517 "http://netzwerktechnik.htl.rennweg.at/SYT-BS/3xI/Labor/" "Mozilla/5.0 (Windows NT 10.0; WOW64; rv:43.0) Gecko/20100101 Firefox/43.0"
10.14.26.135 - htl3r [25/Jan/2016:12:38:22 +0100] "GET /~hor/theme/icons/default.png HTTP/1.1" 200 602 "http://netzwerktechnik.htl.rennweg.at/SYT-BS/3xI/Labor/" "Mozilla/5.0 (Windows NT 10.0; WOW64; rv:43.0) Gecko/20100101 Firefox/43.0"
10.14.26.135 - htl3r [25/Jan/2016:12:38:22 +0100] "GET /~hor/theme/icons/folder.png HTTP/1.1" 200 686 "http://netzwerktechnik.htl.rennweg.at/SYT-BS/3xI/Labor/" "Mozilla/5.0 (Windows NT 10.0; WOW64; rv:43.0) Gecko/20100101 Firefox/43.0"
10.14.26.135 - htl3r [25/Jan/2016:12:38:22 +0100] "GET /~hor/theme/icons/pdf.png HTTP/1.1" 200 1090 "http://netzwerktechnik.htl.rennweg.at/SYT-BS/3xI/Labor/" "Mozilla/5.0 (Windows NT 10.0; WOW64; rv:43.0) Gecko/20100101 Firefox/43.0"
10.0.0.114 - htl3r [25/Jan/2016:12:38:24 +0100] "GET /SYT-BS/ HTTP/1.1" 200 2102 "http://netzwerktechnik.htl.rennweg.at/" "Mozilla/5.0 (X11; Ubuntu; Linux x86_64; rv:40.0) Gecko/20100101 Firefox/40.0"
10.0.0.114 - htl3r [25/Jan/2016:12:38:25 +0100] "GET /SYT-BS/3xI/ HTTP/1.1" 200 2397 "http://netzwerktechnik.htl.rennweg.at/SYT-BS/" "Mozilla/5.0 (X11; Ubuntu; Linux x86_64; rv:40.0) Gecko/20100101 Firefox/40.0"
10.0.0.114 - htl3r [25/Jan/2016:12:38:26 +0100] "GET /SYT-BS/3xI/Leistungsbeurteilung/ HTTP/1.1" 200 2078 "http://netzwerktechnik.htl.rennweg.at/SYT-BS/3xI/" "Mozilla/5.0 (X11; Ubuntu; Linux x86_64; rv:40.0) Gecko/20100101 Firefox/40.0"
10.14.26.135 - htl3r [25/Jan/2016:12:38:28 +0100] "GET /SYT-BS/3xI/Labor/UE11_Linux_Scripting-full.pdf HTTP/1.1" 200 138943 "http://netzwerktechnik.htl.rennweg.at/SYT-BS/3xI/Labor/" "Mozilla/5.0 (Windows NT 10.0; WOW64; rv:43.0) Gecko/20100101 Firefox/43.0"
10.0.0.114 - htl3r [25/Jan/2016:12:38:31 +0100] "GET /SYT-BS/3xI/Labor/ HTTP/1.1" 200 5615 "http://netzwerktechnik.htl.rennweg.at/SYT-BS/3xI/" "Mozilla/5.0 (X11; Ubuntu; Linux x86_64; rv:40.0) Gecko/20100101 Firefox/40.0"
10.0.79.81 - - [25/Jan/2016:12:38:32 +0100] "GET / HTTP/1.1" 304 210 "-" "Mozilla/5.0 (X11; Ubuntu; Linux x86_64; rv:40.0) Gecko/20100101 Firefox/40.0"
10.0.0.114 - htl3r [25/Jan/2016:12:38:34 +0100] "GET /SYT-BS/3xI/Labor/UE11_Linux_Scripting-full.pdf HTTP/1.1" 200 138943 "http://netzwerktechnik.htl.rennweg.at/SYT-BS/3xI/Labor/" "Mozilla/5.0 (X11; Linux x86_64) AppleWebKit/537.36 (KHTML, like Gecko) Chrome/44.0.2403.157 Safari/537.36"
10.0.79.81 - - [25/Jan/2016:12:38:35 +0100] "GET /SYT-BS/ HTTP/1.1" 401 676 "http://netzwerktechnik.htl.rennweg.at/" "Mozilla/5.0 (X11; Ubuntu; Linux x86_64; rv:40.0) Gecko/20100101 Firefox/40.0"
10.0.0.114 - htl3r [25/Jan/2016:12:38:41 +0100] "GET /SYT-BS/3xI/Labor/Vorlage/ HTTP/1.1" 200 2497 "http://netzwerktechnik.htl.rennweg.at/SYT-BS/3xI/Labor/" "Mozilla/5.0 (X11; Ubuntu; Linux x86_64; rv:40.0) Gecko/20100101 Firefox/40.0"
10.0.0.114 - - [25/Jan/2016:12:38:41 +0100] "GET /icons/odf6ott-20x22.png HTTP/1.1" 304 187 "http://netzwerktechnik.htl.rennweg.at/SYT-BS/3xI/Labor/Vorlage/" "Mozilla/5.0 (X11; Ubuntu; Linux x86_64; rv:40.0) Gecko/20100101 Firefox/40.0"
10.0.79.81 - - [25/Jan/2016:12:38:41 +0100] "GET /SYT-BS/ HTTP/1.1" 401 677 "http://netzwerktechnik.htl.rennweg.at/" "Mozilla/5.0 (X11; Ubuntu; Linux x86_64; rv:40.0) Gecko/20100101 Firefox/40.0"
10.0.0.114 - htl3r [25/Jan/2016:12:38:42 +0100] "GET /SYT-BS/3xI/Labor/Vorlage/UExx_Protokollvorlage.ott HTTP/1.1" 200 67107 "http://netzwerktechnik.htl.rennweg.at/SYT-BS/3xI/Labor/Vorlage/" "Mozilla/5.0 (X11; Ubuntu; Linux x86_64; rv:40.0) Gecko/20100101 Firefox/40.0"
10.0.79.81 - htl3r [25/Jan/2016:12:38:43 +0100] "GET /SYT-BS/ HTTP/1.1" 200 2101 "http://netzwerktechnik.htl.rennweg.at/" "Mozilla/5.0 (X11; Ubuntu; Linux x86_64; rv:40.0) Gecko/20100101 Firefox/40.0"
10.0.79.81 - htl3r [25/Jan/2016:12:38:46 +0100] "GET /SYT-BS/3xI/ HTTP/1.1" 200 2397 "http://netzwerktechnik.htl.rennweg.at/SYT-BS/" "Mozilla/5.0 (X11; Ubuntu; Linux x86_64; rv:40.0) Gecko/20100101 Firefox/40.0"
10.0.79.81 - htl3r [25/Jan/2016:12:38:52 +0100] "GET /SYT-BS/3xI/Labor/ HTTP/1.1" 200 5616 "http://netzwerktechnik.htl.rennweg.at/SYT-BS/3xI/" "Mozilla/5.0 (X11; Ubuntu; Linux x86_64; rv:40.0) Gecko/20100101 Firefox/40.0"
10.0.79.81 - htl3r [25/Jan/2016:12:38:56 +0100] "GET /SYT-BS/3xI/Labor/UE11_Linux_Scripting-full.pdf HTTP/1.1" 200 138942 "http://netzwerktechnik.htl.rennweg.at/SYT-BS/3xI/Labor/" "Mozilla/5.0 (X11; Ubuntu; Linux x86_64; rv:40.0) Gecko/20100101 Firefox/40.0"
10.0.79.84 - - [25/Jan/2016:12:38:58 +0100] "GET /SYT-BS/3xI/Labor/ HTTP/1.1" 401 677 "http://netzwerktechnik.htl.rennweg.at/SYT-BS/3xI/" "Mozilla/5.0 (X11; Ubuntu; Linux x86_64; rv:40.0) Gecko/20100101 Firefox/40.0"
10.0.79.84 - - [25/Jan/2016:12:39:00 +0100] "GET /~hor/theme/style.css HTTP/1.1" 401 677 "http://netzwerktechnik.htl.rennweg.at/SYT-BS/3xI/Labor/" "Mozilla/5.0 (X11; Ubuntu; Linux x86_64; rv:40.0) Gecko/20100101 Firefox/40.0"
10.0.79.84 - htl3r [25/Jan/2016:12:39:00 +0100] "GET /SYT-BS/3xI/Labor/ HTTP/1.1" 200 5615 "http://netzwerktechnik.htl.rennweg.at/SYT-BS/3xI/" "Mozilla/5.0 (X11; Ubuntu; Linux x86_64; rv:40.0) Gecko/20100101 Firefox/40.0"
10.0.79.84 - htl3r [25/Jan/2016:12:39:00 +0100] "GET /~hor/theme/style.css HTTP/1.1" 304 210 "http://netzwerktechnik.htl.rennweg.at/SYT-BS/3xI/Labor/" "Mozilla/5.0 (X11; Ubuntu; Linux x86_64; rv:40.0) Gecko/20100101 Firefox/40.0"
10.0.79.84 - htl3r [25/Jan/2016:12:39:00 +0100] "GET /~hor/theme/icons/folder-home.png HTTP/1.1" 304 187 "http://netzwerktechnik.htl.rennweg.at/SYT-BS/3xI/Labor/" "Mozilla/5.0 (X11; Ubuntu; Linux x86_64; rv:40.0) Gecko/20100101 Firefox/40.0"
10.0.79.84 - htl3r [25/Jan/2016:12:39:00 +0100] "GET /~hor/theme/icons/folder.png HTTP/1.1" 304 188 "http://netzwerktechnik.htl.rennweg.at/SYT-BS/3xI/Labor/" "Mozilla/5.0 (X11; Ubuntu; Linux x86_64; rv:40.0) Gecko/20100101 Firefox/40.0"
10.0.79.84 - htl3r [25/Jan/2016:12:39:00 +0100] "GET /~hor/theme/icons/default.png HTTP/1.1" 304 188 "http://netzwerktechnik.htl.rennweg.at/SYT-BS/3xI/Labor/" "Mozilla/5.0 (X11; Ubuntu; Linux x86_64; rv:40.0) Gecko/20100101 Firefox/40.0"
10.0.79.84 - htl3r [25/Jan/2016:12:39:00 +0100] "GET /~hor/theme/icons/pdf.png HTTP/1.1" 304 187 "http://netzwerktechnik.htl.rennweg.at/SYT-BS/3xI/Labor/" "Mozilla/5.0 (X11; Ubuntu; Linux x86_64; rv:40.0) Gecko/20100101 Firefox/40.0"
10.0.79.84 - htl3r [25/Jan/2016:12:39:00 +0100] "GET /~hor/theme/icons/blank.png HTTP/1.1" 304 186 "http://netzwerktechnik.htl.rennweg.at/SYT-BS/3xI/Labor/" "Mozilla/5.0 (X11; Ubuntu; Linux x86_64; rv:40.0) Gecko/20100101 Firefox/40.0"
10.0.79.84 - htl3r [25/Jan/2016:12:39:02 +0100] "GET /SYT-BS/3xI/Labor/UE11_Linux_Scripting-full.pdf HTTP/1.1" 200 138942 "http://netzwerktechnik.htl.rennweg.at/SYT-BS/3xI/Labor/" "Mozilla/5.0 (X11; Ubuntu; Linux x86_64; rv:40.0) Gecko/20100101 Firefox/40.0"
10.0.79.76 - - [25/Jan/2016:12:39:06 +0100] "GET / HTTP/1.1" 304 210 "-" "Mozilla/5.0 (X11; Linux x86_64) AppleWebKit/537.36 (KHTML, like Gecko) Chrome/44.0.2403.157 Safari/537.36"
10.0.0.114 - htl3r [25/Jan/2016:12:39:08 +0100] "GET /SYT-BS/3xI/Labor/Vorlage/ HTTP/1.1" 200 2497 "http://netzwerktechnik.htl.rennweg.at/SYT-BS/3xI/Labor/" "Mozilla/5.0 (X11; Linux x86_64) AppleWebKit/537.36 (KHTML, like Gecko) Chrome/44.0.2403.157 Safari/537.36"
10.0.0.114 - htl3r [25/Jan/2016:12:39:10 +0100] "GET /SYT-BS/3xI/Labor/Vorlage/UExx_Protokollvorlage.ott HTTP/1.1" 200 67107 "http://netzwerktechnik.htl.rennweg.at/SYT-BS/3xI/Labor/Vorlage/" "Mozilla/5.0 (X11; Linux x86_64) AppleWebKit/537.36 (KHTML, like Gecko) Chrome/44.0.2403.157 Safari/537.36"
213.208.148.212 - htl3r [25/Jan/2016:12:39:23 +0100] "GET /~dru/NWTK5/Handouts/ HTTP/1.1" 200 913 "-" "Mozilla/5.0 (Windows NT 6.3; WOW64) AppleWebKit/537.36 (KHTML, like Gecko) Chrome/47.0.2526.111 Safari/537.36"
213.208.148.212 - - [25/Jan/2016:12:39:24 +0100] "GET /~dru/images/1uparrow.png HTTP/1.1" 401 676 "http://netzwerktechnik.htl.rennweg.at/~dru/NWTK5/Handouts/" "Mozilla/5.0 (Windows NT 6.3; WOW64) AppleWebKit/537.36 (KHTML, like Gecko) Chrome/47.0.2526.111 Safari/537.36"
213.208.148.212 - htl3r [25/Jan/2016:12:39:24 +0100] "GET /~dru/images/1uparrow.png HTTP/1.1" 200 861 "http://netzwerktechnik.htl.rennweg.at/~dru/NWTK5/Handouts/" "Mozilla/5.0 (Windows NT 6.3; WOW64) AppleWebKit/537.36 (KHTML, like Gecko) Chrome/47.0.2526.111 Safari/537.36"
213.208.148.212 - htl3r [25/Jan/2016:12:39:24 +0100] "GET /~dru/images/logo_htl3r.gif HTTP/1.1" 200 6076 "http://netzwerktechnik.htl.rennweg.at/~dru/styles/dirlisting.css" "Mozilla/5.0 (Windows NT 6.3; WOW64) AppleWebKit/537.36 (KHTML, like Gecko) Chrome/47.0.2526.111 Safari/537.36"
213.208.148.212 - htl3r [25/Jan/2016:12:39:26 +0100] "GET /~dru/NWTK5/Handouts/02%20-%20Network%20Management%20ABCs.pdf HTTP/1.1" 200 130984 "http://netzwerktechnik.htl.rennweg.at/~dru/NWTK5/Handouts/" "Mozilla/5.0 (Windows NT 6.3; WOW64) AppleWebKit/537.36 (KHTML, like Gecko) Chrome/47.0.2526.111 Safari/537.36"
10.0.0.114 - - [25/Jan/2016:12:39:36 +0100] "GET / HTTP/1.1" 304 210 "-" "Mozilla/5.0 (X11; Ubuntu; Linux x86_64; rv:40.0) Gecko/20100101 Firefox/40.0"
10.0.79.73 - - [25/Jan/2016:12:39:37 +0100] "GET /SYT-BS/ HTTP/1.1" 401 677 "http://netzwerktechnik.htl.rennweg.at/" "Mozilla/5.0 (X11; Ubuntu; Linux x86_64; rv:40.0) Gecko/20100101 Firefox/40.0"
10.0.79.73 - htl3r [25/Jan/2016:12:39:38 +0100] "GET /SYT-BS/ HTTP/1.1" 200 2101 "http://netzwerktechnik.htl.rennweg.at/" "Mozilla/5.0 (X11; Ubuntu; Linux x86_64; rv:40.0) Gecko/20100101 Firefox/40.0"
213.208.148.212 - - [25/Jan/2016:12:39:39 +0100] "GET / HTTP/1.1" 200 854 "-" "Mozilla/5.0 (Windows NT 6.2; WOW64; rv:41.0) Gecko/20100101 Firefox/41.0"
213.208.148.212 - - [25/Jan/2016:12:39:39 +0100] "GET /img/htl.png HTTP/1.1" 200 19214 "http://netzwerktechnik.htl.rennweg.at/" "Mozilla/5.0 (Windows NT 6.2; WOW64; rv:41.0) Gecko/20100101 Firefox/41.0"
213.208.148.212 - - [25/Jan/2016:12:39:39 +0100] "GET /favicon.ico HTTP/1.1" 200 720 "-" "Mozilla/5.0 (Windows NT 6.2; WOW64; rv:41.0) Gecko/20100101 Firefox/41.0"
10.0.79.80 - htl3r [25/Jan/2016:12:39:40 +0100] "GET /SYT-BS/3xI/ HTTP/1.1" 200 2398 "http://netzwerktechnik.htl.rennweg.at/SYT-BS/3xI/Labor/" "Mozilla/5.0 (X11; Ubuntu; Linux x86_64; rv:40.0) Gecko/20100101 Firefox/40.0"
10.0.79.73 - htl3r [25/Jan/2016:12:39:41 +0100] "GET /SYT-BS/3xI/ HTTP/1.1" 200 2397 "http://netzwerktechnik.htl.rennweg.at/SYT-BS/" "Mozilla/5.0 (X11; Ubuntu; Linux x86_64; rv:40.0) Gecko/20100101 Firefox/40.0"
213.208.148.212 - - [25/Jan/2016:12:39:41 +0100] "GET /SYT-BS HTTP/1.1" 401 676 "http://netzwerktechnik.htl.rennweg.at/" "Mozilla/5.0 (Windows NT 6.2; WOW64; rv:41.0) Gecko/20100101 Firefox/41.0"
10.0.79.73 - htl3r [25/Jan/2016:12:39:42 +0100] "GET /SYT-BS/3xI/Labor/ HTTP/1.1" 200 5615 "http://netzwerktechnik.htl.rennweg.at/SYT-BS/3xI/" "Mozilla/5.0 (X11; Ubuntu; Linux x86_64; rv:40.0) Gecko/20100101 Firefox/40.0"
213.208.148.212 - - [25/Jan/2016:12:39:42 +0100] "GET / HTTP/1.1" 200 854 "-" "Mozilla/5.0 (Windows NT 10.0; WOW64) AppleWebKit/537.36 (KHTML, like Gecko) Chrome/47.0.2526.111 Safari/537.36"
213.208.148.212 - - [25/Jan/2016:12:39:42 +0100] "GET /img/htl.png HTTP/1.1" 200 19214 "http://netzwerktechnik.htl.rennweg.at/" "Mozilla/5.0 (Windows NT 10.0; WOW64) AppleWebKit/537.36 (KHTML, like Gecko) Chrome/47.0.2526.111 Safari/537.36"
213.208.148.212 - - [25/Jan/2016:12:39:42 +0100] "GET /favicon.ico HTTP/1.1" 200 720 "http://netzwerktechnik.htl.rennweg.at/" "Mozilla/5.0 (Windows NT 10.0; WOW64) AppleWebKit/537.36 (KHTML, like Gecko) Chrome/47.0.2526.111 Safari/537.36"
213.208.148.212 - htl3r [25/Jan/2016:12:39:43 +0100] "GET /SYT-BS HTTP/1.1" 301 588 "http://netzwerktechnik.htl.rennweg.at/" "Mozilla/5.0 (Windows NT 6.2; WOW64; rv:41.0) Gecko/20100101 Firefox/41.0"
213.208.148.212 - htl3r [25/Jan/2016:12:39:43 +0100] "GET /SYT-BS/ HTTP/1.1" 200 2101 "http://netzwerktechnik.htl.rennweg.at/" "Mozilla/5.0 (Windows NT 6.2; WOW64; rv:41.0) Gecko/20100101 Firefox/41.0"
213.208.148.212 - htl3r [25/Jan/2016:12:39:43 +0100] "GET /~hor/theme/style.css HTTP/1.1" 200 1197 "http://netzwerktechnik.htl.rennweg.at/SYT-BS/" "Mozilla/5.0 (Windows NT 6.2; WOW64; rv:41.0) Gecko/20100101 Firefox/41.0"
213.208.148.212 - htl3r [25/Jan/2016:12:39:43 +0100] "GET /~hor/theme/icons/blank.png HTTP/1.1" 200 518 "http://netzwerktechnik.htl.rennweg.at/SYT-BS/" "Mozilla/5.0 (Windows NT 6.2; WOW64; rv:41.0) Gecko/20100101 Firefox/41.0"
213.208.148.212 - htl3r [25/Jan/2016:12:39:43 +0100] "GET /~hor/theme/icons/folder-home.png HTTP/1.1" 200 909 "http://netzwerktechnik.htl.rennweg.at/SYT-BS/" "Mozilla/5.0 (Windows NT 6.2; WOW64; rv:41.0) Gecko/20100101 Firefox/41.0"
213.208.148.212 - htl3r [25/Jan/2016:12:39:43 +0100] "GET /~hor/theme/icons/folder.png HTTP/1.1" 200 687 "http://netzwerktechnik.htl.rennweg.at/SYT-BS/" "Mozilla/5.0 (Windows NT 6.2; WOW64; rv:41.0) Gecko/20100101 Firefox/41.0"
213.208.148.212 - - [25/Jan/2016:12:39:43 +0100] "GET /favicon.ico HTTP/1.1" 304 186 "-" "Mozilla/5.0 (Windows NT 6.2; WOW64; rv:41.0) Gecko/20100101 Firefox/41.0"
213.208.148.212 - - [25/Jan/2016:12:39:44 +0100] "GET / HTTP/1.1" 200 854 "-" "Mozilla/5.0 (Windows NT 6.1; WOW64) AppleWebKit/537.36 (KHTML, like Gecko) Chrome/47.0.2526.111 Safari/537.36"
213.208.148.212 - - [25/Jan/2016:12:39:44 +0100] "GET /img/htl.png HTTP/1.1" 200 19214 "http://netzwerktechnik.htl.rennweg.at/" "Mozilla/5.0 (Windows NT 6.1; WOW64) AppleWebKit/537.36 (KHTML, like Gecko) Chrome/47.0.2526.111 Safari/537.36"
10.0.79.73 - htl3r [25/Jan/2016:12:39:44 +0100] "GET /SYT-BS/3xI/Labor/UE11_Linux_Scripting-full.pdf HTTP/1.1" 200 138942 "http://netzwerktechnik.htl.rennweg.at/SYT-BS/3xI/Labor/" "Mozilla/5.0 (X11; Ubuntu; Linux x86_64; rv:40.0) Gecko/20100101 Firefox/40.0"
213.208.148.212 - htl3r [25/Jan/2016:12:39:45 +0100] "GET /SYT-BS/3xI/ HTTP/1.1" 200 2397 "http://netzwerktechnik.htl.rennweg.at/SYT-BS/" "Mozilla/5.0 (Windows NT 6.2; WOW64; rv:41.0) Gecko/20100101 Firefox/41.0"
10.0.79.80 - htl3r [25/Jan/2016:12:39:46 +0100] "GET /SYT-BS/ HTTP/1.1" 200 2102 "http://netzwerktechnik.htl.rennweg.at/SYT-BS/3xI/" "Mozilla/5.0 (X11; Ubuntu; Linux x86_64; rv:40.0) Gecko/20100101 Firefox/40.0"
213.208.148.212 - htl3r [25/Jan/2016:12:39:46 +0100] "GET /SYT-BS/3xI/Labor/ HTTP/1.1" 200 5615 "http://netzwerktechnik.htl.rennweg.at/SYT-BS/3xI/" "Mozilla/5.0 (Windows NT 6.2; WOW64; rv:41.0) Gecko/20100101 Firefox/41.0"
213.208.148.212 - htl3r [25/Jan/2016:12:39:46 +0100] "GET /~hor/theme/icons/default.png HTTP/1.1" 200 602 "http://netzwerktechnik.htl.rennweg.at/SYT-BS/3xI/Labor/" "Mozilla/5.0 (Windows NT 6.2; WOW64; rv:41.0) Gecko/20100101 Firefox/41.0"
213.208.148.212 - htl3r [25/Jan/2016:12:39:46 +0100] "GET /~hor/theme/icons/pdf.png HTTP/1.1" 200 1090 "http://netzwerktechnik.htl.rennweg.at/SYT-BS/3xI/Labor/" "Mozilla/5.0 (Windows NT 6.2; WOW64; rv:41.0) Gecko/20100101 Firefox/41.0"
213.208.148.212 - - [25/Jan/2016:12:39:46 +0100] "GET /SEW HTTP/1.1" 401 676 "http://netzwerktechnik.htl.rennweg.at/" "Mozilla/5.0 (Windows NT 6.1; WOW64) AppleWebKit/537.36 (KHTML, like Gecko) Chrome/47.0.2526.111 Safari/537.36"
10.0.79.80 - htl3r [25/Jan/2016:12:39:47 +0100] "GET /SYT-BS/2xI/ HTTP/1.1" 200 2397 "http://netzwerktechnik.htl.rennweg.at/SYT-BS/" "Mozilla/5.0 (X11; Ubuntu; Linux x86_64; rv:40.0) Gecko/20100101 Firefox/40.0"
10.0.0.114 - - [25/Jan/2016:12:39:47 +0100] "GET /SYT-BS/ HTTP/1.1" 401 677 "http://netzwerktechnik.htl.rennweg.at/" "Mozilla/5.0 (X11; Ubuntu; Linux x86_64; rv:40.0) Gecko/20100101 Firefox/40.0"
10.0.79.80 - htl3r [25/Jan/2016:12:39:48 +0100] "GET /SYT-BS/2xI/Labor/ HTTP/1.1" 200 4734 "http://netzwerktechnik.htl.rennweg.at/SYT-BS/2xI/" "Mozilla/5.0 (X11; Ubuntu; Linux x86_64; rv:40.0) Gecko/20100101 Firefox/40.0"
10.0.79.68 - - [25/Jan/2016:12:39:48 +0100] "GET / HTTP/1.1" 304 210 "-" "Mozilla/5.0 (X11; Linux x86_64) AppleWebKit/537.36 (KHTML, like Gecko) Chrome/44.0.2403.157 Safari/537.36"
10.0.79.80 - htl3r [25/Jan/2016:12:39:50 +0100] "GET /SYT-BS/2xI/Labor/Vorlage/ HTTP/1.1" 200 2496 "http://netzwerktechnik.htl.rennweg.at/SYT-BS/2xI/Labor/" "Mozilla/5.0 (X11; Ubuntu; Linux x86_64; rv:40.0) Gecko/20100101 Firefox/40.0"
213.208.148.212 - htl3r [25/Jan/2016:12:39:52 +0100] "GET /SYT-BS/3xI/Labor/UE11_Linux_Scripting-full.pdf HTTP/1.1" 200 138943 "http://netzwerktechnik.htl.rennweg.at/SYT-BS/3xI/Labor/" "Mozilla/5.0 (Windows NT 6.2; WOW64; rv:41.0) Gecko/20100101 Firefox/41.0"
10.0.79.80 - htl3r [25/Jan/2016:12:39:52 +0100] "GET /SYT-BS/2xI/Labor/Vorlage/UExx_Protokollvorlage.ott HTTP/1.1" 200 67107 "http://netzwerktechnik.htl.rennweg.at/SYT-BS/2xI/Labor/Vorlage/" "Mozilla/5.0 (X11; Ubuntu; Linux x86_64; rv:40.0) Gecko/20100101 Firefox/40.0"
213.208.148.212 - htl3r [25/Jan/2016:12:39:53 +0100] "GET /SYT-BS/3xI/Labor/UE11_Linux_Scripting-full.pdf HTTP/1.1" 206 65887 "http://netzwerktechnik.htl.rennweg.at/SYT-BS/3xI/Labor/" "Mozilla/5.0 (Windows NT 6.2; WOW64; rv:41.0) Gecko/20100101 Firefox/41.0"
213.208.148.212 - htl3r [25/Jan/2016:12:39:53 +0100] "GET /SYT-BS/3xI/Labor/UE11_Linux_Scripting-full.pdf HTTP/1.1" 206 7924 "http://netzwerktechnik.htl.rennweg.at/SYT-BS/3xI/Labor/" "Mozilla/5.0 (Windows NT 6.2; WOW64; rv:41.0) Gecko/20100101 Firefox/41.0"
213.208.148.212 - - [25/Jan/2016:12:39:53 +0100] "GET /~dru HTTP/1.1" 401 677 "http://netzwerktechnik.htl.rennweg.at/" "Mozilla/5.0 (Windows NT 6.1; WOW64) AppleWebKit/537.36 (KHTML, like Gecko) Chrome/47.0.2526.111 Safari/537.36"
10.14.25.181 - - [25/Jan/2016:12:39:53 +0100] "GET / HTTP/1.1" 200 854 "-" "Mozilla/5.0 (Windows NT 10.0; WOW64; rv:43.0) Gecko/20100101 Firefox/43.0"
10.14.25.181 - - [25/Jan/2016:12:39:53 +0100] "GET /img/htl.png HTTP/1.1" 200 19214 "http://netzwerktechnik.htl.rennweg.at/" "Mozilla/5.0 (Windows NT 10.0; WOW64; rv:43.0) Gecko/20100101 Firefox/43.0"
10.14.25.181 - - [25/Jan/2016:12:39:53 +0100] "GET /favicon.ico HTTP/1.1" 200 720 "-" "Mozilla/5.0 (Windows NT 10.0; WOW64; rv:43.0) Gecko/20100101 Firefox/43.0"
10.0.79.68 - - [25/Jan/2016:12:39:53 +0100] "GET /SYT-BS HTTP/1.1" 401 677 "http://netzwerktechnik.htl.rennweg.at/" "Mozilla/5.0 (X11; Linux x86_64) AppleWebKit/537.36 (KHTML, like Gecko) Chrome/44.0.2403.157 Safari/537.36"
213.208.148.212 - htl3r [25/Jan/2016:12:39:54 +0100] "GET /~dru HTTP/1.1" 301 585 "http://netzwerktechnik.htl.rennweg.at/" "Mozilla/5.0 (Windows NT 6.1; WOW64) AppleWebKit/537.36 (KHTML, like Gecko) Chrome/47.0.2526.111 Safari/537.36"
213.208.148.212 - htl3r [25/Jan/2016:12:39:54 +0100] "GET /~dru/ HTTP/1.1" 200 940 "http://netzwerktechnik.htl.rennweg.at/" "Mozilla/5.0 (Windows NT 6.1; WOW64) AppleWebKit/537.36 (KHTML, like Gecko) Chrome/47.0.2526.111 Safari/537.36"
213.208.148.212 - htl3r [25/Jan/2016:12:39:54 +0100] "GET /~dru/styles/dirlisting.css HTTP/1.1" 200 805 "http://netzwerktechnik.htl.rennweg.at/~dru/" "Mozilla/5.0 (Windows NT 6.1; WOW64) AppleWebKit/537.36 (KHTML, like Gecko) Chrome/47.0.2526.111 Safari/537.36"
213.208.148.212 - htl3r [25/Jan/2016:12:39:54 +0100] "GET /~dru/images/folder_yellow.png HTTP/1.1" 200 928 "http://netzwerktechnik.htl.rennweg.at/~dru/" "Mozilla/5.0 (Windows NT 6.1; WOW64) AppleWebKit/537.36 (KHTML, like Gecko) Chrome/47.0.2526.111 Safari/537.36"
213.208.148.212 - htl3r [25/Jan/2016:12:39:54 +0100] "GET /~dru/images/logo_htl3r.gif HTTP/1.1" 200 6076 "http://netzwerktechnik.htl.rennweg.at/~dru/styles/dirlisting.css" "Mozilla/5.0 (Windows NT 6.1; WOW64) AppleWebKit/537.36 (KHTML, like Gecko) Chrome/47.0.2526.111 Safari/537.36"
10.0.79.68 - htl3r [25/Jan/2016:12:39:54 +0100] "GET /SYT-BS HTTP/1.1" 301 588 "http://netzwerktechnik.htl.rennweg.at/" "Mozilla/5.0 (X11; Linux x86_64) AppleWebKit/537.36 (KHTML, like Gecko) Chrome/44.0.2403.157 Safari/537.36"
10.0.79.68 - htl3r [25/Jan/2016:12:39:54 +0100] "GET /SYT-BS/ HTTP/1.1" 200 2101 "http://netzwerktechnik.htl.rennweg.at/" "Mozilla/5.0 (X11; Linux x86_64) AppleWebKit/537.36 (KHTML, like Gecko) Chrome/44.0.2403.157 Safari/537.36"
10.14.25.181 - htl3r [25/Jan/2016:12:39:56 +0100] "GET /SYT-BS HTTP/1.1" 301 588 "http://netzwerktechnik.htl.rennweg.at/" "Mozilla/5.0 (Windows NT 10.0; WOW64; rv:43.0) Gecko/20100101 Firefox/43.0"
10.14.25.181 - htl3r [25/Jan/2016:12:39:56 +0100] "GET /SYT-BS/ HTTP/1.1" 200 2101 "http://netzwerktechnik.htl.rennweg.at/" "Mozilla/5.0 (Windows NT 10.0; WOW64; rv:43.0) Gecko/20100101 Firefox/43.0"
10.14.25.181 - htl3r [25/Jan/2016:12:39:56 +0100] "GET /~hor/theme/style.css HTTP/1.1" 200 1197 "http://netzwerktechnik.htl.rennweg.at/SYT-BS/" "Mozilla/5.0 (Windows NT 10.0; WOW64; rv:43.0) Gecko/20100101 Firefox/43.0"
10.14.25.181 - htl3r [25/Jan/2016:12:39:56 +0100] "GET /~hor/theme/icons/blank.png HTTP/1.1" 200 517 "http://netzwerktechnik.htl.rennweg.at/SYT-BS/" "Mozilla/5.0 (Windows NT 10.0; WOW64; rv:43.0) Gecko/20100101 Firefox/43.0"
10.14.25.181 - htl3r [25/Jan/2016:12:39:56 +0100] "GET /~hor/theme/icons/folder-home.png HTTP/1.1" 200 910 "http://netzwerktechnik.htl.rennweg.at/SYT-BS/" "Mozilla/5.0 (Windows NT 10.0; WOW64; rv:43.0) Gecko/20100101 Firefox/43.0"
10.14.25.181 - htl3r [25/Jan/2016:12:39:56 +0100] "GET /~hor/theme/icons/folder.png HTTP/1.1" 200 687 "http://netzwerktechnik.htl.rennweg.at/SYT-BS/" "Mozilla/5.0 (Windows NT 10.0; WOW64; rv:43.0) Gecko/20100101 Firefox/43.0"
213.208.148.212 - htl3r [25/Jan/2016:12:39:56 +0100] "GET /~dru/NWTK5/ HTTP/1.1" 200 851 "http://netzwerktechnik.htl.rennweg.at/~dru/" "Mozilla/5.0 (Windows NT 6.1; WOW64) AppleWebKit/537.36 (KHTML, like Gecko) Chrome/47.0.2526.111 Safari/537.36"
213.208.148.212 - htl3r [25/Jan/2016:12:39:56 +0100] "GET /~dru/images/1uparrow.png HTTP/1.1" 200 861 "http://netzwerktechnik.htl.rennweg.at/~dru/NWTK5/" "Mozilla/5.0 (Windows NT 6.1; WOW64) AppleWebKit/537.36 (KHTML, like Gecko) Chrome/47.0.2526.111 Safari/537.36"
10.0.79.68 - htl3r [25/Jan/2016:12:39:56 +0100] "GET /SYT-BS/3xI/ HTTP/1.1" 200 2397 "http://netzwerktechnik.htl.rennweg.at/SYT-BS/" "Mozilla/5.0 (X11; Linux x86_64) AppleWebKit/537.36 (KHTML, like Gecko) Chrome/44.0.2403.157 Safari/537.36"
10.0.0.114 - htl3r [25/Jan/2016:12:39:57 +0100] "GET /SYT-BS/ HTTP/1.1" 200 2102 "http://netzwerktechnik.htl.rennweg.at/" "Mozilla/5.0 (X11; Ubuntu; Linux x86_64; rv:40.0) Gecko/20100101 Firefox/40.0"
213.208.148.212 - htl3r [25/Jan/2016:12:39:57 +0100] "GET /~dru/NWTK5/Handouts/ HTTP/1.1" 200 912 "http://netzwerktechnik.htl.rennweg.at/~dru/NWTK5/" "Mozilla/5.0 (Windows NT 6.1; WOW64) AppleWebKit/537.36 (KHTML, like Gecko) Chrome/47.0.2526.111 Safari/537.36"
10.0.79.68 - htl3r [25/Jan/2016:12:39:58 +0100] "GET /SYT-BS/3xI/Labor/ HTTP/1.1" 200 5615 "http://netzwerktechnik.htl.rennweg.at/SYT-BS/3xI/" "Mozilla/5.0 (X11; Linux x86_64) AppleWebKit/537.36 (KHTML, like Gecko) Chrome/44.0.2403.157 Safari/537.36"
10.14.25.181 - htl3r [25/Jan/2016:12:39:58 +0100] "GET /SYT-BS/3xI/ HTTP/1.1" 200 2397 "http://netzwerktechnik.htl.rennweg.at/SYT-BS/" "Mozilla/5.0 (Windows NT 10.0; WOW64; rv:43.0) Gecko/20100101 Firefox/43.0"
10.14.25.181 - htl3r [25/Jan/2016:12:39:59 +0100] "GET /SYT-BS/3xI/Labor/ HTTP/1.1" 200 5615 "http://netzwerktechnik.htl.rennweg.at/SYT-BS/3xI/" "Mozilla/5.0 (Windows NT 10.0; WOW64; rv:43.0) Gecko/20100101 Firefox/43.0"
10.14.25.181 - htl3r [25/Jan/2016:12:39:59 +0100] "GET /~hor/theme/icons/default.png HTTP/1.1" 200 602 "http://netzwerktechnik.htl.rennweg.at/SYT-BS/3xI/Labor/" "Mozilla/5.0 (Windows NT 10.0; WOW64; rv:43.0) Gecko/20100101 Firefox/43.0"
10.14.25.181 - htl3r [25/Jan/2016:12:39:59 +0100] "GET /~hor/theme/icons/pdf.png HTTP/1.1" 200 1090 "http://netzwerktechnik.htl.rennweg.at/SYT-BS/3xI/Labor/" "Mozilla/5.0 (Windows NT 10.0; WOW64; rv:43.0) Gecko/20100101 Firefox/43.0"
213.208.148.212 - htl3r [25/Jan/2016:12:39:59 +0100] "GET /~dru/NWTK5/Handouts/02%20-%20Network%20Management%20ABCs.pdf HTTP/1.1" 200 130984 "http://netzwerktechnik.htl.rennweg.at/~dru/NWTK5/Handouts/" "Mozilla/5.0 (Windows NT 6.1; WOW64) AppleWebKit/537.36 (KHTML, like Gecko) Chrome/47.0.2526.111 Safari/537.36"
10.0.0.114 - htl3r [25/Jan/2016:12:40:03 +0100] "GET /SYT-BS/3xI/ HTTP/1.1" 200 2398 "http://netzwerktechnik.htl.rennweg.at/SYT-BS/" "Mozilla/5.0 (X11; Ubuntu; Linux x86_64; rv:40.0) Gecko/20100101 Firefox/40.0"
10.0.79.81 - - [25/Jan/2016:12:40:04 +0100] "GET /SYT-BS/3xI/ HTTP/1.1" 401 677 "http://netzwerktechnik.htl.rennweg.at/SYT-BS/3xI/Labor/" "Mozilla/5.0 (X11; Ubuntu; Linux x86_64; rv:40.0) Gecko/20100101 Firefox/40.0"
10.0.0.114 - htl3r [25/Jan/2016:12:40:04 +0100] "GET /SYT-BS/3xI/Labor/ HTTP/1.1" 200 5615 "http://netzwerktechnik.htl.rennweg.at/SYT-BS/3xI/" "Mozilla/5.0 (X11; Ubuntu; Linux x86_64; rv:40.0) Gecko/20100101 Firefox/40.0"
10.14.25.181 - htl3r [25/Jan/2016:12:40:05 +0100] "GET /SYT-BS/3xI/Labor/UE11_Linux_Scripting-full.pdf HTTP/1.1" 200 138943 "http://netzwerktechnik.htl.rennweg.at/SYT-BS/3xI/Labor/" "Mozilla/5.0 (Windows NT 10.0; WOW64; rv:43.0) Gecko/20100101 Firefox/43.0"
10.0.79.68 - htl3r [25/Jan/2016:12:40:05 +0100] "GET /SYT-BS/3xI/Labor/UE11_Linux_Scripting-full.pdf HTTP/1.1" 200 138943 "http://netzwerktechnik.htl.rennweg.at/SYT-BS/3xI/Labor/" "Mozilla/5.0 (X11; Linux x86_64) AppleWebKit/537.36 (KHTML, like Gecko) Chrome/44.0.2403.157 Safari/537.36"
10.14.25.181 - htl3r [25/Jan/2016:12:40:06 +0100] "GET /SYT-BS/3xI/Labor/UE11_Linux_Scripting-full.pdf HTTP/1.1" 206 7924 "http://netzwerktechnik.htl.rennweg.at/SYT-BS/3xI/Labor/" "Mozilla/5.0 (Windows NT 10.0; WOW64; rv:43.0) Gecko/20100101 Firefox/43.0"
10.0.79.81 - htl3r [25/Jan/2016:12:40:06 +0100] "GET /SYT-BS/3xI/ HTTP/1.1" 200 2397 "http://netzwerktechnik.htl.rennweg.at/SYT-BS/3xI/Labor/" "Mozilla/5.0 (X11; Ubuntu; Linux x86_64; rv:40.0) Gecko/20100101 Firefox/40.0"
10.0.79.81 - htl3r [25/Jan/2016:12:40:08 +0100] "GET /SYT-BS/3xI/Handouts/ HTTP/1.1" 200 1724 "http://netzwerktechnik.htl.rennweg.at/SYT-BS/3xI/" "Mozilla/5.0 (X11; Ubuntu; Linux x86_64; rv:40.0) Gecko/20100101 Firefox/40.0"
10.0.79.81 - htl3r [25/Jan/2016:12:40:09 +0100] "GET /SYT-BS/3xI/ HTTP/1.1" 200 2397 "http://netzwerktechnik.htl.rennweg.at/SYT-BS/3xI/Handouts/" "Mozilla/5.0 (X11; Ubuntu; Linux x86_64; rv:40.0) Gecko/20100101 Firefox/40.0"
10.0.0.114 - htl3r [25/Jan/2016:12:40:11 +0100] "GET /SYT-BS/3xI/Labor/UE11_Linux_Scripting-full.pdf HTTP/1.1" 200 138943 "http://netzwerktechnik.htl.rennweg.at/SYT-BS/3xI/Labor/" "Mozilla/5.0 (X11; Ubuntu; Linux x86_64; rv:40.0) Gecko/20100101 Firefox/40.0"
10.0.79.81 - htl3r [25/Jan/2016:12:40:11 +0100] "GET /SYT-BS/3xI/Labor/ HTTP/1.1" 200 5615 "http://netzwerktechnik.htl.rennweg.at/SYT-BS/3xI/" "Mozilla/5.0 (X11; Ubuntu; Linux x86_64; rv:40.0) Gecko/20100101 Firefox/40.0"
10.0.79.81 - htl3r [25/Jan/2016:12:40:15 +0100] "GET /SYT-BS/3xI/Labor/Vorlage/ HTTP/1.1" 200 2496 "http://netzwerktechnik.htl.rennweg.at/SYT-BS/3xI/Labor/" "Mozilla/5.0 (X11; Ubuntu; Linux x86_64; rv:40.0) Gecko/20100101 Firefox/40.0"
213.208.148.212 - - [25/Jan/2016:12:40:16 +0100] "GET /~dru HTTP/1.1" 401 677 "http://netzwerktechnik.htl.rennweg.at/" "Mozilla/5.0 (Windows NT 10.0; WOW64) AppleWebKit/537.36 (KHTML, like Gecko) Chrome/47.0.2526.111 Safari/537.36"
213.208.148.212 - - [25/Jan/2016:12:40:16 +0100] "GET /favicon.ico HTTP/1.1" 200 721 "-" "Mozilla/5.0 (Windows NT 10.0; WOW64) AppleWebKit/537.36 (KHTML, like Gecko) Chrome/47.0.2526.111 Safari/537.36"
10.0.79.81 - htl3r [25/Jan/2016:12:40:17 +0100] "GET /SYT-BS/3xI/Labor/Vorlage/UExx_Protokollvorlage.ott HTTP/1.1" 200 67107 "http://netzwerktechnik.htl.rennweg.at/SYT-BS/3xI/Labor/Vorlage/" "Mozilla/5.0 (X11; Ubuntu; Linux x86_64; rv:40.0) Gecko/20100101 Firefox/40.0"
213.208.148.212 - htl3r [25/Jan/2016:12:40:18 +0100] "GET /~dru HTTP/1.1" 301 585 "http://netzwerktechnik.htl.rennweg.at/" "Mozilla/5.0 (Windows NT 10.0; WOW64) AppleWebKit/537.36 (KHTML, like Gecko) Chrome/47.0.2526.111 Safari/537.36"
213.208.148.212 - htl3r [25/Jan/2016:12:40:18 +0100] "GET /~dru/ HTTP/1.1" 200 940 "http://netzwerktechnik.htl.rennweg.at/" "Mozilla/5.0 (Windows NT 10.0; WOW64) AppleWebKit/537.36 (KHTML, like Gecko) Chrome/47.0.2526.111 Safari/537.36"
213.208.148.212 - htl3r [25/Jan/2016:12:40:18 +0100] "GET /~dru/styles/dirlisting.css HTTP/1.1" 200 805 "http://netzwerktechnik.htl.rennweg.at/~dru/" "Mozilla/5.0 (Windows NT 10.0; WOW64) AppleWebKit/537.36 (KHTML, like Gecko) Chrome/47.0.2526.111 Safari/537.36"
213.208.148.212 - htl3r [25/Jan/2016:12:40:18 +0100] "GET /~dru/images/folder_yellow.png HTTP/1.1" 200 927 "http://netzwerktechnik.htl.rennweg.at/~dru/" "Mozilla/5.0 (Windows NT 10.0; WOW64) AppleWebKit/537.36 (KHTML, like Gecko) Chrome/47.0.2526.111 Safari/537.36"
107.161.181.107 - - [25/Jan/2016:12:40:18 +0100] "GET /favicon.ico HTTP/1.1" 200 721 "-" "Mozilla/5.0 (Windows NT 10.0; WOW64) AppleWebKit/537.36 (KHTML, like Gecko) Chrome/47.0.2526.111 Safari/537.36"
213.208.148.212 - htl3r [25/Jan/2016:12:40:18 +0100] "GET /~dru/images/logo_htl3r.gif HTTP/1.1" 200 6076 "http://netzwerktechnik.htl.rennweg.at/~dru/styles/dirlisting.css" "Mozilla/5.0 (Windows NT 10.0; WOW64) AppleWebKit/537.36 (KHTML, like Gecko) Chrome/47.0.2526.111 Safari/537.36"
213.208.148.212 - htl3r [25/Jan/2016:12:40:23 +0100] "GET /~dru/NWTK5/ HTTP/1.1" 200 851 "http://netzwerktechnik.htl.rennweg.at/~dru/" "Mozilla/5.0 (Windows NT 10.0; WOW64) AppleWebKit/537.36 (KHTML, like Gecko) Chrome/47.0.2526.111 Safari/537.36"
213.208.148.212 - htl3r [25/Jan/2016:12:40:23 +0100] "GET /~dru/images/1uparrow.png HTTP/1.1" 200 861 "http://netzwerktechnik.htl.rennweg.at/~dru/NWTK5/" "Mozilla/5.0 (Windows NT 10.0; WOW64) AppleWebKit/537.36 (KHTML, like Gecko) Chrome/47.0.2526.111 Safari/537.36"
10.0.79.78 - - [25/Jan/2016:12:40:24 +0100] "GET / HTTP/1.1" 304 210 "-" "Mozilla/5.0 (X11; Linux x86_64) AppleWebKit/537.36 (KHTML, like Gecko) Chrome/44.0.2403.157 Safari/537.36"
213.208.148.212 - htl3r [25/Jan/2016:12:40:25 +0100] "GET /~dru/NWTK5/Handouts/ HTTP/1.1" 200 912 "http://netzwerktechnik.htl.rennweg.at/~dru/NWTK5/" "Mozilla/5.0 (Windows NT 10.0; WOW64) AppleWebKit/537.36 (KHTML, like Gecko) Chrome/47.0.2526.111 Safari/537.36"
10.0.79.73 - htl3r [25/Jan/2016:12:40:25 +0100] "GET /SYT-BS/3xI/Labor/Vorlage/ HTTP/1.1" 200 2497 "http://netzwerktechnik.htl.rennweg.at/SYT-BS/3xI/Labor/" "Mozilla/5.0 (X11; Ubuntu; Linux x86_64; rv:40.0) Gecko/20100101 Firefox/40.0"
10.0.79.73 - htl3r [25/Jan/2016:12:40:31 +0100] "GET /SYT-BS/3xI/Labor/Vorlage/UExx_Protokollvorlage.ott HTTP/1.1" 200 67108 "http://netzwerktechnik.htl.rennweg.at/SYT-BS/3xI/Labor/Vorlage/" "Mozilla/5.0 (X11; Ubuntu; Linux x86_64; rv:40.0) Gecko/20100101 Firefox/40.0"
10.0.79.78 - - [25/Jan/2016:12:40:42 +0100] "GET /SYT-BS HTTP/1.1" 401 677 "http://netzwerktechnik.htl.rennweg.at/" "Mozilla/5.0 (X11; Linux x86_64) AppleWebKit/537.36 (KHTML, like Gecko) Chrome/44.0.2403.157 Safari/537.36"
10.0.79.78 - htl3r [25/Jan/2016:12:40:47 +0100] "GET /SYT-BS HTTP/1.1" 301 588 "http://netzwerktechnik.htl.rennweg.at/" "Mozilla/5.0 (X11; Linux x86_64) AppleWebKit/537.36 (KHTML, like Gecko) Chrome/44.0.2403.157 Safari/537.36"
10.0.79.78 - htl3r [25/Jan/2016:12:40:47 +0100] "GET /SYT-BS/ HTTP/1.1" 200 2101 "http://netzwerktechnik.htl.rennweg.at/" "Mozilla/5.0 (X11; Linux x86_64) AppleWebKit/537.36 (KHTML, like Gecko) Chrome/44.0.2403.157 Safari/537.36"
10.0.79.78 - htl3r [25/Jan/2016:12:40:48 +0100] "GET /SYT-BS/3xI/ HTTP/1.1" 200 2397 "http://netzwerktechnik.htl.rennweg.at/SYT-BS/" "Mozilla/5.0 (X11; Linux x86_64) AppleWebKit/537.36 (KHTML, like Gecko) Chrome/44.0.2403.157 Safari/537.36"
10.0.79.78 - htl3r [25/Jan/2016:12:40:53 +0100] "GET /SYT-BS/3xI/Labor/ HTTP/1.1" 200 5615 "http://netzwerktechnik.htl.rennweg.at/SYT-BS/3xI/" "Mozilla/5.0 (X11; Linux x86_64) AppleWebKit/537.36 (KHTML, like Gecko) Chrome/44.0.2403.157 Safari/537.36"
10.0.79.78 - htl3r [25/Jan/2016:12:40:58 +0100] "GET /SYT-BS/3xI/Labor/UE11_Linux_Scripting-full.pdf HTTP/1.1" 200 138943 "http://netzwerktechnik.htl.rennweg.at/SYT-BS/3xI/Labor/" "Mozilla/5.0 (X11; Linux x86_64) AppleWebKit/537.36 (KHTML, like Gecko) Chrome/44.0.2403.157 Safari/537.36"
10.0.79.82 - - [25/Jan/2016:12:41:17 +0100] "GET / HTTP/1.1" 304 210 "-" "Mozilla/5.0 (X11; Linux x86_64) AppleWebKit/537.36 (KHTML, like Gecko) Chrome/44.0.2403.157 Safari/537.36"
10.0.79.82 - - [25/Jan/2016:12:41:21 +0100] "GET /SYT-BS HTTP/1.1" 401 676 "http://netzwerktechnik.htl.rennweg.at/" "Mozilla/5.0 (X11; Linux x86_64) AppleWebKit/537.36 (KHTML, like Gecko) Chrome/44.0.2403.157 Safari/537.36"
10.0.79.82 - htl3r [25/Jan/2016:12:41:22 +0100] "GET /SYT-BS HTTP/1.1" 301 588 "http://netzwerktechnik.htl.rennweg.at/" "Mozilla/5.0 (X11; Linux x86_64) AppleWebKit/537.36 (KHTML, like Gecko) Chrome/44.0.2403.157 Safari/537.36"
10.0.79.82 - htl3r [25/Jan/2016:12:41:22 +0100] "GET /SYT-BS/ HTTP/1.1" 200 2101 "http://netzwerktechnik.htl.rennweg.at/" "Mozilla/5.0 (X11; Linux x86_64) AppleWebKit/537.36 (KHTML, like Gecko) Chrome/44.0.2403.157 Safari/537.36"
10.0.79.82 - htl3r [25/Jan/2016:12:41:26 +0100] "GET /SYT-BS/3xI/ HTTP/1.1" 200 2397 "http://netzwerktechnik.htl.rennweg.at/SYT-BS/" "Mozilla/5.0 (X11; Linux x86_64) AppleWebKit/537.36 (KHTML, like Gecko) Chrome/44.0.2403.157 Safari/537.36"
10.0.79.82 - htl3r [25/Jan/2016:12:41:27 +0100] "GET /SYT-BS/3xI/Labor/ HTTP/1.1" 200 5615 "http://netzwerktechnik.htl.rennweg.at/SYT-BS/3xI/" "Mozilla/5.0 (X11; Linux x86_64) AppleWebKit/537.36 (KHTML, like Gecko) Chrome/44.0.2403.157 Safari/537.36"
10.0.79.82 - htl3r [25/Jan/2016:12:41:29 +0100] "GET /SYT-BS/3xI/Labor/UE11_Linux_Scripting-full.pdf HTTP/1.1" 200 138942 "http://netzwerktechnik.htl.rennweg.at/SYT-BS/3xI/Labor/" "Mozilla/5.0 (X11; Linux x86_64) AppleWebKit/537.36 (KHTML, like Gecko) Chrome/44.0.2403.157 Safari/537.36"
10.0.0.114 - - [25/Jan/2016:12:41:33 +0100] "GET / HTTP/1.1" 304 210 "-" "Mozilla/5.0 (X11; Ubuntu; Linux x86_64; rv:40.0) Gecko/20100101 Firefox/40.0"
10.0.0.114 - - [25/Jan/2016:12:41:39 +0100] "GET /SYT-BS/ HTTP/1.1" 401 677 "http://netzwerktechnik.htl.rennweg.at/" "Mozilla/5.0 (X11; Ubuntu; Linux x86_64; rv:40.0) Gecko/20100101 Firefox/40.0"
10.0.0.114 - htl3r [25/Jan/2016:12:41:41 +0100] "GET /SYT-BS/ HTTP/1.1" 200 2101 "http://netzwerktechnik.htl.rennweg.at/" "Mozilla/5.0 (X11; Ubuntu; Linux x86_64; rv:40.0) Gecko/20100101 Firefox/40.0"
10.0.0.114 - - [25/Jan/2016:12:41:41 +0100] "GET /~hor/theme/style.css HTTP/1.1" 401 676 "http://netzwerktechnik.htl.rennweg.at/SYT-BS/" "Mozilla/5.0 (X11; Ubuntu; Linux x86_64; rv:40.0) Gecko/20100101 Firefox/40.0"
10.0.0.114 - htl3r [25/Jan/2016:12:41:41 +0100] "GET /~hor/theme/style.css HTTP/1.1" 304 210 "http://netzwerktechnik.htl.rennweg.at/SYT-BS/" "Mozilla/5.0 (X11; Ubuntu; Linux x86_64; rv:40.0) Gecko/20100101 Firefox/40.0"
10.0.0.114 - - [25/Jan/2016:12:41:41 +0100] "GET /~hor/theme/icons/blank.png HTTP/1.1" 401 676 "http://netzwerktechnik.htl.rennweg.at/SYT-BS/" "Mozilla/5.0 (X11; Ubuntu; Linux x86_64; rv:40.0) Gecko/20100101 Firefox/40.0"
10.0.0.114 - htl3r [25/Jan/2016:12:41:41 +0100] "GET /~hor/theme/icons/blank.png HTTP/1.1" 304 186 "http://netzwerktechnik.htl.rennweg.at/SYT-BS/" "Mozilla/5.0 (X11; Ubuntu; Linux x86_64; rv:40.0) Gecko/20100101 Firefox/40.0"
10.0.0.114 - - [25/Jan/2016:12:41:41 +0100] "GET /~hor/theme/icons/folder-home.png HTTP/1.1" 401 677 "http://netzwerktechnik.htl.rennweg.at/SYT-BS/" "Mozilla/5.0 (X11; Ubuntu; Linux x86_64; rv:40.0) Gecko/20100101 Firefox/40.0"
10.0.0.114 - htl3r [25/Jan/2016:12:41:41 +0100] "GET /~hor/theme/icons/folder-home.png HTTP/1.1" 304 187 "http://netzwerktechnik.htl.rennweg.at/SYT-BS/" "Mozilla/5.0 (X11; Ubuntu; Linux x86_64; rv:40.0) Gecko/20100101 Firefox/40.0"
10.0.0.114 - - [25/Jan/2016:12:41:41 +0100] "GET /~hor/theme/icons/folder.png HTTP/1.1" 401 676 "http://netzwerktechnik.htl.rennweg.at/SYT-BS/" "Mozilla/5.0 (X11; Ubuntu; Linux x86_64; rv:40.0) Gecko/20100101 Firefox/40.0"
10.0.0.114 - htl3r [25/Jan/2016:12:41:41 +0100] "GET /~hor/theme/icons/folder.png HTTP/1.1" 304 187 "http://netzwerktechnik.htl.rennweg.at/SYT-BS/" "Mozilla/5.0 (X11; Ubuntu; Linux x86_64; rv:40.0) Gecko/20100101 Firefox/40.0"
10.0.0.114 - htl3r [25/Jan/2016:12:41:44 +0100] "GET /SYT-BS/3xI/ HTTP/1.1" 200 2397 "http://netzwerktechnik.htl.rennweg.at/SYT-BS/" "Mozilla/5.0 (X11; Ubuntu; Linux x86_64; rv:40.0) Gecko/20100101 Firefox/40.0"
10.0.0.114 - htl3r [25/Jan/2016:12:41:45 +0100] "GET /SYT-BS/3xI/Labor/ HTTP/1.1" 200 5615 "http://netzwerktechnik.htl.rennweg.at/SYT-BS/3xI/" "Mozilla/5.0 (X11; Ubuntu; Linux x86_64; rv:40.0) Gecko/20100101 Firefox/40.0"
10.0.0.114 - htl3r [25/Jan/2016:12:41:45 +0100] "GET /~hor/theme/icons/default.png HTTP/1.1" 200 602 "http://netzwerktechnik.htl.rennweg.at/SYT-BS/3xI/Labor/" "Mozilla/5.0 (X11; Ubuntu; Linux x86_64; rv:40.0) Gecko/20100101 Firefox/40.0"
10.0.0.114 - htl3r [25/Jan/2016:12:41:45 +0100] "GET /~hor/theme/icons/pdf.png HTTP/1.1" 304 187 "http://netzwerktechnik.htl.rennweg.at/SYT-BS/3xI/Labor/" "Mozilla/5.0 (X11; Ubuntu; Linux x86_64; rv:40.0) Gecko/20100101 Firefox/40.0"
10.14.24.117 - - [25/Jan/2016:12:42:02 +0100] "GET / HTTP/1.1" 200 854 "-" "Mozilla/5.0 (Macintosh; Intel Mac OS X 10_11) AppleWebKit/601.1.56 (KHTML, like Gecko) Version/9.0 Safari/601.1.56"
10.0.79.78 - htl3r [25/Jan/2016:12:42:03 +0100] "GET /SYT-BS/ HTTP/1.1" 200 2102 "http://netzwerktechnik.htl.rennweg.at/" "Mozilla/5.0 (X11; Linux x86_64) AppleWebKit/537.36 (KHTML, like Gecko) Chrome/44.0.2403.157 Safari/537.36"
10.0.79.78 - htl3r [25/Jan/2016:12:42:05 +0100] "GET /SYT-BS/3xI/ HTTP/1.1" 200 2397 "http://netzwerktechnik.htl.rennweg.at/SYT-BS/" "Mozilla/5.0 (X11; Linux x86_64) AppleWebKit/537.36 (KHTML, like Gecko) Chrome/44.0.2403.157 Safari/537.36"
10.0.79.78 - htl3r [25/Jan/2016:12:42:08 +0100] "GET /SYT-BS/3xI/Leistungsbeurteilung/ HTTP/1.1" 200 2078 "http://netzwerktechnik.htl.rennweg.at/SYT-BS/3xI/" "Mozilla/5.0 (X11; Linux x86_64) AppleWebKit/537.36 (KHTML, like Gecko) Chrome/44.0.2403.157 Safari/537.36"
10.0.79.78 - htl3r [25/Jan/2016:12:42:11 +0100] "GET /SYT-BS/3xI/Labor/ HTTP/1.1" 200 5615 "http://netzwerktechnik.htl.rennweg.at/SYT-BS/3xI/" "Mozilla/5.0 (X11; Linux x86_64) AppleWebKit/537.36 (KHTML, like Gecko) Chrome/44.0.2403.157 Safari/537.36"
10.0.79.78 - htl3r [25/Jan/2016:12:42:20 +0100] "GET /SYT-BS/3xI/Labor/Vorlage/ HTTP/1.1" 200 2497 "http://netzwerktechnik.htl.rennweg.at/SYT-BS/3xI/Labor/" "Mozilla/5.0 (X11; Linux x86_64) AppleWebKit/537.36 (KHTML, like Gecko) Chrome/44.0.2403.157 Safari/537.36"
10.0.79.78 - - [25/Jan/2016:12:42:20 +0100] "GET /icons/odf6ott-20x22.png HTTP/1.1" 304 187 "http://netzwerktechnik.htl.rennweg.at/SYT-BS/3xI/Labor/Vorlage/" "Mozilla/5.0 (X11; Linux x86_64) AppleWebKit/537.36 (KHTML, like Gecko) Chrome/44.0.2403.157 Safari/537.36"
10.0.79.78 - htl3r [25/Jan/2016:12:42:23 +0100] "GET /SYT-BS/3xI/Labor/Vorlage/UExx_Protokollvorlage.ott HTTP/1.1" 200 67107 "http://netzwerktechnik.htl.rennweg.at/SYT-BS/3xI/Labor/Vorlage/" "Mozilla/5.0 (X11; Linux x86_64) AppleWebKit/537.36 (KHTML, like Gecko) Chrome/44.0.2403.157 Safari/537.36"
10.0.79.82 - htl3r [25/Jan/2016:12:42:25 +0100] "GET /SYT-BS/3xI/Labor/Vorlage/ HTTP/1.1" 200 2497 "http://netzwerktechnik.htl.rennweg.at/SYT-BS/3xI/Labor/" "Mozilla/5.0 (X11; Linux x86_64) AppleWebKit/537.36 (KHTML, like Gecko) Chrome/44.0.2403.157 Safari/537.36"
10.0.79.82 - htl3r [25/Jan/2016:12:42:26 +0100] "GET /SYT-BS/3xI/Labor/Vorlage/UExx_Protokollvorlage.ott HTTP/1.1" 200 67107 "http://netzwerktechnik.htl.rennweg.at/SYT-BS/3xI/Labor/Vorlage/" "Mozilla/5.0 (X11; Linux x86_64) AppleWebKit/537.36 (KHTML, like Gecko) Chrome/44.0.2403.157 Safari/537.36"
10.0.79.79 - - [25/Jan/2016:12:42:27 +0100] "GET / HTTP/1.1" 304 210 "-" "Mozilla/5.0 (X11; Linux x86_64) AppleWebKit/537.36 (KHTML, like Gecko) Chrome/44.0.2403.157 Safari/537.36"
10.0.79.79 - - [25/Jan/2016:12:42:40 +0100] "GET /SYT-BS/ HTTP/1.1" 401 677 "http://netzwerktechnik.htl.rennweg.at/" "Mozilla/5.0 (X11; Linux x86_64) AppleWebKit/537.36 (KHTML, like Gecko) Chrome/44.0.2403.157 Safari/537.36"
10.0.79.79 - htl3r [25/Jan/2016:12:42:41 +0100] "GET /SYT-BS/ HTTP/1.1" 200 2101 "http://netzwerktechnik.htl.rennweg.at/" "Mozilla/5.0 (X11; Linux x86_64) AppleWebKit/537.36 (KHTML, like Gecko) Chrome/44.0.2403.157 Safari/537.36"
10.0.79.83 - - [25/Jan/2016:12:42:51 +0100] "GET / HTTP/1.1" 304 210 "-" "Mozilla/5.0 (X11; Ubuntu; Linux x86_64; rv:40.0) Gecko/20100101 Firefox/40.0"
10.0.79.83 - - [25/Jan/2016:12:42:59 +0100] "GET /SYT-BS/ HTTP/1.1" 401 677 "http://netzwerktechnik.htl.rennweg.at/" "Mozilla/5.0 (X11; Ubuntu; Linux x86_64; rv:40.0) Gecko/20100101 Firefox/40.0"
