213.208.148.212 - htl3r [26/Jan/2016:12:38:17 +0100] "GET /~dru/images/logo_htl3r.gif HTTP/1.1" 200 6076 "http://netzwerktechnik.htl.rennweg.at/~dru/styles/dirlisting.css" "Mozilla/5.0 (Windows NT 10.0; WOW64; rv:43.0) Gecko/20100101 Firefox/43.0"
213.208.148.212 - - [26/Jan/2016:12:38:17 +0100] "GET /favicon.ico HTTP/1.1" 304 186 "-" "Mozilla/5.0 (Windows NT 10.0; WOW64; rv:43.0) Gecko/20100101 Firefox/43.0"
213.208.148.212 - htl3r [26/Jan/2016:12:38:18 +0100] "GET /~dru/NWTK4/ HTTP/1.1" 200 857 "http://netzwerktechnik.htl.rennweg.at/~dru/" "Mozilla/5.0 (Windows NT 10.0; WOW64; rv:43.0) Gecko/20100101 Firefox/43.0"
213.208.148.212 - htl3r [26/Jan/2016:12:38:18 +0100] "GET /~dru/images/1uparrow.png HTTP/1.1" 200 861 "http://netzwerktechnik.htl.rennweg.at/~dru/NWTK4/" "Mozilla/5.0 (Windows NT 10.0; WOW64; rv:43.0) Gecko/20100101 Firefox/43.0"
213.208.148.212 - htl3r [26/Jan/2016:12:38:20 +0100] "GET /~dru/NWTK4/Labor/ HTTP/1.1" 200 1038 "http://netzwerktechnik.htl.rennweg.at/~dru/NWTK4/" "Mozilla/5.0 (Windows NT 10.0; WOW64; rv:43.0) Gecko/20100101 Firefox/43.0"
213.208.148.212 - htl3r [26/Jan/2016:12:38:22 +0100] "GET /~dru/NWTK4/Labor/Survival_Guide_Linux_Netzwerkeinstellungen.pdf HTTP/1.1" 200 162169 "http://netzwerktechnik.htl.rennweg.at/~dru/NWTK4/Labor/" "Mozilla/5.0 (Windows NT 10.0; WOW64; rv:43.0) Gecko/20100101 Firefox/43.0"
10.2.75.43 - htl3r [26/Jan/2016:12:39:35 +0100] "GET /~dru/ HTTP/1.1" 200 941 "http://netzwerktechnik.htl.rennweg.at/" "Mozilla/5.0 (Windows NT 10.0; WOW64; rv:43.0) Gecko/20100101 Firefox/43.0"
10.2.75.43 - htl3r [26/Jan/2016:12:39:38 +0100] "GET /~dru/NWTK4/ HTTP/1.1" 200 857 "http://netzwerktechnik.htl.rennweg.at/~dru/" "Mozilla/5.0 (Windows NT 10.0; WOW64; rv:43.0) Gecko/20100101 Firefox/43.0"
10.2.75.43 - htl3r [26/Jan/2016:12:39:39 +0100] "GET /~dru/NWTK4/Labor/ HTTP/1.1" 200 1038 "http://netzwerktechnik.htl.rennweg.at/~dru/NWTK4/" "Mozilla/5.0 (Windows NT 10.0; WOW64; rv:43.0) Gecko/20100101 Firefox/43.0"
10.2.75.43 - htl3r [26/Jan/2016:12:39:40 +0100] "GET /~dru/NWTK4/Labor/UE05_Firewall_II/ HTTP/1.1" 200 881 "http://netzwerktechnik.htl.rennweg.at/~dru/NWTK4/Labor/" "Mozilla/5.0 (Windows NT 10.0; WOW64; rv:43.0) Gecko/20100101 Firefox/43.0"
10.2.75.43 - htl3r [26/Jan/2016:12:39:43 +0100] "GET /~dru/NWTK4/Handouts/ HTTP/1.1" 200 995 "http://netzwerktechnik.htl.rennweg.at/~dru/NWTK4/" "Mozilla/5.0 (Windows NT 10.0; WOW64; rv:43.0) Gecko/20100101 Firefox/43.0"
10.2.75.43 - htl3r [26/Jan/2016:12:39:44 +0100] "GET /~dru/NWTK4/Handouts/04%20-%20Netfilter%20Basics.pdf HTTP/1.1" 200 284938 "http://netzwerktechnik.htl.rennweg.at/~dru/NWTK4/Handouts/" "Mozilla/5.0 (Windows NT 10.0; WOW64; rv:43.0) Gecko/20100101 Firefox/43.0"
10.14.26.155 - - [26/Jan/2016:12:43:02 +0100] "GET /~dru/ HTTP/1.1" 401 677 "-" "Mozilla/5.0 (Windows NT 6.3; WOW64) AppleWebKit/537.36 (KHTML, like Gecko) Chrome/47.0.2526.111 Safari/537.36"
10.14.26.155 - htl3r [26/Jan/2016:12:43:03 +0100] "GET /~dru/ HTTP/1.1" 200 940 "-" "Mozilla/5.0 (Windows NT 6.3; WOW64) AppleWebKit/537.36 (KHTML, like Gecko) Chrome/47.0.2526.111 Safari/537.36"
10.14.26.155 - htl3r [26/Jan/2016:12:43:09 +0100] "GET /~dru/NWTK4/ HTTP/1.1" 200 858 "http://netzwerktechnik.htl.rennweg.at/~dru/" "Mozilla/5.0 (Windows NT 6.3; WOW64) AppleWebKit/537.36 (KHTML, like Gecko) Chrome/47.0.2526.111 Safari/537.36"
213.208.148.212 - htl3r [26/Jan/2016:12:43:12 +0100] "GET /~dru/NWTK4/Handouts/ HTTP/1.1" 200 996 "http://netzwerktechnik.htl.rennweg.at/~dru/NWTK4/" "Mozilla/5.0 (Windows NT 6.1; WOW64; rv:43.0) Gecko/20100101 Firefox/43.0"
213.208.148.212 - htl3r [26/Jan/2016:12:43:13 +0100] "GET /~dru/NWTK4/Handouts/00%20-%20Linux%20Archive%20und%20Paketverwaltung.pdf HTTP/1.1" 200 258417 "http://netzwerktechnik.htl.rennweg.at/~dru/NWTK4/Handouts/" "Mozilla/5.0 (Windows NT 6.1; WOW64; rv:43.0) Gecko/20100101 Firefox/43.0"
54.174.12.105 - - [26/Jan/2016:12:43:14 +0100] "GET /wp-login.php HTTP/1.1" 404 169006 "-" "Opera/9.80 (Windows NT 5.1; U; ru) Presto/2.9.168 Version/11.50"
10.14.26.155 - htl3r [26/Jan/2016:12:43:19 +0100] "GET /~dru/NWTK4/Handouts/ HTTP/1.1" 200 996 "http://netzwerktechnik.htl.rennweg.at/~dru/NWTK4/" "Mozilla/5.0 (Windows NT 6.3; WOW64) AppleWebKit/537.36 (KHTML, like Gecko) Chrome/47.0.2526.111 Safari/537.36"
10.14.26.155 - htl3r [26/Jan/2016:12:43:24 +0100] "GET /~dru/NWTK4/Handouts/04%20-%20Netfilter%20Basics.pdf HTTP/1.1" 304 189 "http://netzwerktechnik.htl.rennweg.at/~dru/NWTK4/Handouts/" "Mozilla/5.0 (Windows NT 6.3; WOW64) AppleWebKit/537.36 (KHTML, like Gecko) Chrome/47.0.2526.111 Safari/537.36"
10.14.26.155 - htl3r [26/Jan/2016:12:43:42 +0100] "GET /~dru/NWTK4/Handouts/03%20-%20Netfilter%20Intro.pdf HTTP/1.1" 304 190 "http://netzwerktechnik.htl.rennweg.at/~dru/NWTK4/Handouts/" "Mozilla/5.0 (Windows NT 6.3; WOW64) AppleWebKit/537.36 (KHTML, like Gecko) Chrome/47.0.2526.111 Safari/537.36"
10.2.75.45 - - [26/Jan/2016:12:43:45 +0100] "GET /~dru HTTP/1.1" 401 677 "http://netzwerktechnik.htl.rennweg.at/" "Mozilla/5.0 (Windows NT 6.3; WOW64; rv:43.0) Gecko/20100101 Firefox/43.0"
10.2.75.45 - htl3r [26/Jan/2016:12:43:46 +0100] "GET /~dru HTTP/1.1" 301 585 "http://netzwerktechnik.htl.rennweg.at/" "Mozilla/5.0 (Windows NT 6.3; WOW64; rv:43.0) Gecko/20100101 Firefox/43.0"
10.2.75.45 - htl3r [26/Jan/2016:12:43:46 +0100] "GET /~dru/ HTTP/1.1" 200 940 "http://netzwerktechnik.htl.rennweg.at/" "Mozilla/5.0 (Windows NT 6.3; WOW64; rv:43.0) Gecko/20100101 Firefox/43.0"
10.2.75.45 - htl3r [26/Jan/2016:12:43:47 +0100] "GET /~dru/styles/dirlisting.css HTTP/1.1" 200 805 "http://netzwerktechnik.htl.rennweg.at/~dru/" "Mozilla/5.0 (Windows NT 6.3; WOW64; rv:43.0) Gecko/20100101 Firefox/43.0"
10.2.75.45 - htl3r [26/Jan/2016:12:43:47 +0100] "GET /~dru/images/folder_yellow.png HTTP/1.1" 200 927 "http://netzwerktechnik.htl.rennweg.at/~dru/" "Mozilla/5.0 (Windows NT 6.3; WOW64; rv:43.0) Gecko/20100101 Firefox/43.0"
10.2.75.45 - htl3r [26/Jan/2016:12:43:47 +0100] "GET /~dru/images/logo_htl3r.gif HTTP/1.1" 200 6076 "http://netzwerktechnik.htl.rennweg.at/~dru/styles/dirlisting.css" "Mozilla/5.0 (Windows NT 6.3; WOW64; rv:43.0) Gecko/20100101 Firefox/43.0"
10.2.75.45 - htl3r [26/Jan/2016:12:43:48 +0100] "GET /~dru/NWTK4/ HTTP/1.1" 200 857 "http://netzwerktechnik.htl.rennweg.at/~dru/" "Mozilla/5.0 (Windows NT 6.3; WOW64; rv:43.0) Gecko/20100101 Firefox/43.0"
10.2.75.45 - htl3r [26/Jan/2016:12:43:48 +0100] "GET /~dru/images/1uparrow.png HTTP/1.1" 200 861 "http://netzwerktechnik.htl.rennweg.at/~dru/NWTK4/" "Mozilla/5.0 (Windows NT 6.3; WOW64; rv:43.0) Gecko/20100101 Firefox/43.0"
10.14.26.121 - - [26/Jan/2016:12:44:01 +0100] "GET /SYT-BS/ HTTP/1.1" 401 677 "http://netzwerktechnik.htl.rennweg.at/" "Mozilla/5.0 (Windows NT 6.2; WOW64; rv:43.0) Gecko/20100101 Firefox/43.0"
10.14.26.121 - htl3r [26/Jan/2016:12:44:01 +0100] "GET /SYT-BS/ HTTP/1.1" 200 2101 "http://netzwerktechnik.htl.rennweg.at/" "Mozilla/5.0 (Windows NT 6.2; WOW64; rv:43.0) Gecko/20100101 Firefox/43.0"
10.14.26.121 - - [26/Jan/2016:12:44:05 +0100] "GET /~dru/ HTTP/1.1" 401 676 "http://netzwerktechnik.htl.rennweg.at/" "Mozilla/5.0 (Windows NT 6.2; WOW64; rv:43.0) Gecko/20100101 Firefox/43.0"
10.14.26.121 - htl3r [26/Jan/2016:12:44:05 +0100] "GET /~dru/ HTTP/1.1" 200 940 "http://netzwerktechnik.htl.rennweg.at/" "Mozilla/5.0 (Windows NT 6.2; WOW64; rv:43.0) Gecko/20100101 Firefox/43.0"
10.14.26.121 - htl3r [26/Jan/2016:12:44:08 +0100] "GET /~dru/NWTK4/ HTTP/1.1" 200 857 "http://netzwerktechnik.htl.rennweg.at/~dru/" "Mozilla/5.0 (Windows NT 6.2; WOW64; rv:43.0) Gecko/20100101 Firefox/43.0"
10.14.26.121 - htl3r [26/Jan/2016:12:44:14 +0100] "GET /~dru/NWTK4/Handouts/ HTTP/1.1" 200 996 "http://netzwerktechnik.htl.rennweg.at/~dru/NWTK4/" "Mozilla/5.0 (Windows NT 6.2; WOW64; rv:43.0) Gecko/20100101 Firefox/43.0"
10.14.26.121 - htl3r [26/Jan/2016:12:44:16 +0100] "GET /~dru/NWTK4/Handouts/04%20-%20Netfilter%20Basics.pdf HTTP/1.1" 304 189 "http://netzwerktechnik.htl.rennweg.at/~dru/NWTK4/Handouts/" "Mozilla/5.0 (Windows NT 6.2; WOW64; rv:43.0) Gecko/20100101 Firefox/43.0"
10.13.1.211 - htl3r [26/Jan/2016:12:44:38 +0100] "GET /~dru/BSYS/ HTTP/1.1" 200 938 "http://netzwerktechnik.htl.rennweg.at/~dru/BSYS/Handouts/" "Mozilla/5.0 (Windows NT 6.3; WOW64; rv:43.0) Gecko/20100101 Firefox/43.0"
10.13.1.211 - htl3r [26/Jan/2016:12:44:39 +0100] "GET /~dru/ HTTP/1.1" 200 940 "http://netzwerktechnik.htl.rennweg.at/~dru/BSYS/" "Mozilla/5.0 (Windows NT 6.3; WOW64; rv:43.0) Gecko/20100101 Firefox/43.0"
10.12.5.238 - - [26/Jan/2016:12:44:42 +0100] "GET /~dru HTTP/1.1" 401 677 "http://netzwerktechnik.htl.rennweg.at/" "Mozilla/5.0 (Windows NT 6.1; Win64; x64) AppleWebKit/537.36 (KHTML, like Gecko) Chrome/47.0.2526.111 Safari/537.36"
10.12.5.238 - htl3r [26/Jan/2016:12:44:44 +0100] "GET /~dru HTTP/1.1" 301 585 "http://netzwerktechnik.htl.rennweg.at/" "Mozilla/5.0 (Windows NT 6.1; Win64; x64) AppleWebKit/537.36 (KHTML, like Gecko) Chrome/47.0.2526.111 Safari/537.36"
10.12.5.238 - htl3r [26/Jan/2016:12:44:44 +0100] "GET /~dru/ HTTP/1.1" 200 940 "http://netzwerktechnik.htl.rennweg.at/" "Mozilla/5.0 (Windows NT 6.1; Win64; x64) AppleWebKit/537.36 (KHTML, like Gecko) Chrome/47.0.2526.111 Safari/537.36"
10.12.5.238 - htl3r [26/Jan/2016:12:44:44 +0100] "GET /~dru/images/folder_yellow.png HTTP/1.1" 200 927 "http://netzwerktechnik.htl.rennweg.at/~dru/" "Mozilla/5.0 (Windows NT 6.1; Win64; x64) AppleWebKit/537.36 (KHTML, like Gecko) Chrome/47.0.2526.111 Safari/537.36"
10.12.5.238 - htl3r [26/Jan/2016:12:44:44 +0100] "GET /~dru/images/logo_htl3r.gif HTTP/1.1" 200 6076 "http://netzwerktechnik.htl.rennweg.at/~dru/styles/dirlisting.css" "Mozilla/5.0 (Windows NT 6.1; Win64; x64) AppleWebKit/537.36 (KHTML, like Gecko) Chrome/47.0.2526.111 Safari/537.36"
10.12.5.238 - htl3r [26/Jan/2016:12:44:46 +0100] "GET /~dru/NWTK4/ HTTP/1.1" 200 857 "http://netzwerktechnik.htl.rennweg.at/~dru/" "Mozilla/5.0 (Windows NT 6.1; Win64; x64) AppleWebKit/537.36 (KHTML, like Gecko) Chrome/47.0.2526.111 Safari/537.36"
10.12.5.238 - htl3r [26/Jan/2016:12:44:46 +0100] "GET /~dru/images/1uparrow.png HTTP/1.1" 200 861 "http://netzwerktechnik.htl.rennweg.at/~dru/NWTK4/" "Mozilla/5.0 (Windows NT 6.1; Win64; x64) AppleWebKit/537.36 (KHTML, like Gecko) Chrome/47.0.2526.111 Safari/537.36"
10.12.5.238 - htl3r [26/Jan/2016:12:44:48 +0100] "GET /~dru/NWTK4/Handouts/ HTTP/1.1" 200 995 "http://netzwerktechnik.htl.rennweg.at/~dru/NWTK4/" "Mozilla/5.0 (Windows NT 6.1; Win64; x64) AppleWebKit/537.36 (KHTML, like Gecko) Chrome/47.0.2526.111 Safari/537.36"
10.12.5.238 - htl3r [26/Jan/2016:12:44:49 +0100] "GET /~dru/NWTK4/Handouts/04%20-%20Netfilter%20Basics.pdf HTTP/1.1" 304 189 "http://netzwerktechnik.htl.rennweg.at/~dru/NWTK4/Handouts/" "Mozilla/5.0 (Windows NT 6.1; Win64; x64) AppleWebKit/537.36 (KHTML, like Gecko) Chrome/47.0.2526.111 Safari/537.36"
10.13.1.211 - htl3r [26/Jan/2016:12:45:30 +0100] "GET /~dru/NWTK4/ HTTP/1.1" 200 858 "http://netzwerktechnik.htl.rennweg.at/~dru/" "Mozilla/5.0 (Windows NT 6.3; WOW64; rv:43.0) Gecko/20100101 Firefox/43.0"
10.13.1.211 - htl3r [26/Jan/2016:12:45:32 +0100] "GET /~dru/NWTK4/Labor/ HTTP/1.1" 200 1038 "http://netzwerktechnik.htl.rennweg.at/~dru/NWTK4/" "Mozilla/5.0 (Windows NT 6.3; WOW64; rv:43.0) Gecko/20100101 Firefox/43.0"
10.13.1.211 - htl3r [26/Jan/2016:12:45:33 +0100] "GET /~dru/NWTK4/ HTTP/1.1" 200 857 "http://netzwerktechnik.htl.rennweg.at/~dru/NWTK4/Labor/" "Mozilla/5.0 (Windows NT 6.3; WOW64; rv:43.0) Gecko/20100101 Firefox/43.0"
10.13.1.211 - htl3r [26/Jan/2016:12:45:36 +0100] "GET /~dru/NWTK4/Handouts/ HTTP/1.1" 200 995 "http://netzwerktechnik.htl.rennweg.at/~dru/NWTK4/" "Mozilla/5.0 (Windows NT 6.3; WOW64; rv:43.0) Gecko/20100101 Firefox/43.0"
10.13.1.211 - htl3r [26/Jan/2016:12:45:49 +0100] "GET /~dru/NWTK4/Handouts/03%20-%20Netfilter%20Intro.pdf HTTP/1.1" 200 564525 "http://netzwerktechnik.htl.rennweg.at/~dru/NWTK4/Handouts/" "Mozilla/5.0 (Windows NT 6.3; WOW64; rv:43.0) Gecko/20100101 Firefox/43.0"
10.14.26.121 - htl3r [26/Jan/2016:12:46:17 +0100] "GET /~dru/NWTK4/Handouts/03%20-%20Netfilter%20Intro.pdf HTTP/1.1" 304 190 "http://netzwerktechnik.htl.rennweg.at/~dru/NWTK4/Handouts/" "Mozilla/5.0 (Windows NT 6.2; WOW64; rv:43.0) Gecko/20100101 Firefox/43.0"
10.12.5.238 - htl3r [26/Jan/2016:12:46:31 +0100] "GET /~dru/NWTK4/Handouts/03%20-%20Netfilter%20Intro.pdf HTTP/1.1" 304 190 "http://netzwerktechnik.htl.rennweg.at/~dru/NWTK4/Handouts/" "Mozilla/5.0 (Windows NT 6.1; Win64; x64) AppleWebKit/537.36 (KHTML, like Gecko) Chrome/47.0.2526.111 Safari/537.36"
10.14.27.137 - - [26/Jan/2016:12:49:08 +0100] "GET / HTTP/1.1" 304 210 "-" "Mozilla/5.0 (Windows NT 10.0; WOW64) AppleWebKit/537.36 (KHTML, like Gecko) Chrome/47.0.2526.111 Safari/537.36"
78.132.32.216 - - [26/Jan/2016:12:49:49 +0100] "GET / HTTP/1.1" 200 854 "-" "Mozilla/5.0 (Windows NT 10.0; WOW64; rv:43.0) Gecko/20100101 Firefox/43.0"
78.132.32.216 - - [26/Jan/2016:12:49:49 +0100] "GET /img/htl.png HTTP/1.1" 200 19214 "http://netzwerktechnik.htl.rennweg.at/" "Mozilla/5.0 (Windows NT 10.0; WOW64; rv:43.0) Gecko/20100101 Firefox/43.0"
10.14.27.137 - - [26/Jan/2016:12:51:15 +0100] "GET /SYT-BS HTTP/1.1" 401 677 "http://netzwerktechnik.htl.rennweg.at/" "Mozilla/5.0 (Windows NT 10.0; WOW64) AppleWebKit/537.36 (KHTML, like Gecko) Chrome/47.0.2526.111 Safari/537.36"
10.14.27.137 - htl3r [26/Jan/2016:12:51:19 +0100] "GET /SYT-BS HTTP/1.1" 301 588 "http://netzwerktechnik.htl.rennweg.at/" "Mozilla/5.0 (Windows NT 10.0; WOW64) AppleWebKit/537.36 (KHTML, like Gecko) Chrome/47.0.2526.111 Safari/537.36"
10.14.27.137 - htl3r [26/Jan/2016:12:51:19 +0100] "GET /SYT-BS/ HTTP/1.1" 200 2101 "http://netzwerktechnik.htl.rennweg.at/" "Mozilla/5.0 (Windows NT 10.0; WOW64) AppleWebKit/537.36 (KHTML, like Gecko) Chrome/47.0.2526.111 Safari/537.36"
10.14.27.137 - htl3r [26/Jan/2016:12:51:19 +0100] "GET /~hor/theme/style.css HTTP/1.1" 200 1197 "http://netzwerktechnik.htl.rennweg.at/SYT-BS/" "Mozilla/5.0 (Windows NT 10.0; WOW64) AppleWebKit/537.36 (KHTML, like Gecko) Chrome/47.0.2526.111 Safari/537.36"
10.14.27.137 - htl3r [26/Jan/2016:12:51:19 +0100] "GET /~hor/theme/icons/blank.png HTTP/1.1" 200 518 "http://netzwerktechnik.htl.rennweg.at/SYT-BS/" "Mozilla/5.0 (Windows NT 10.0; WOW64) AppleWebKit/537.36 (KHTML, like Gecko) Chrome/47.0.2526.111 Safari/537.36"
10.14.27.137 - htl3r [26/Jan/2016:12:51:19 +0100] "GET /~hor/theme/icons/folder-home.png HTTP/1.1" 200 909 "http://netzwerktechnik.htl.rennweg.at/SYT-BS/" "Mozilla/5.0 (Windows NT 10.0; WOW64) AppleWebKit/537.36 (KHTML, like Gecko) Chrome/47.0.2526.111 Safari/537.36"
10.14.27.137 - htl3r [26/Jan/2016:12:51:19 +0100] "GET /~hor/theme/icons/folder.png HTTP/1.1" 200 687 "http://netzwerktechnik.htl.rennweg.at/SYT-BS/" "Mozilla/5.0 (Windows NT 10.0; WOW64) AppleWebKit/537.36 (KHTML, like Gecko) Chrome/47.0.2526.111 Safari/537.36"
10.14.27.137 - htl3r [26/Jan/2016:12:51:30 +0100] "GET /~dru HTTP/1.1" 301 586 "http://netzwerktechnik.htl.rennweg.at/" "Mozilla/5.0 (Windows NT 10.0; WOW64) AppleWebKit/537.36 (KHTML, like Gecko) Chrome/47.0.2526.111 Safari/537.36"
10.14.27.137 - htl3r [26/Jan/2016:12:51:30 +0100] "GET /~dru/ HTTP/1.1" 200 940 "http://netzwerktechnik.htl.rennweg.at/" "Mozilla/5.0 (Windows NT 10.0; WOW64) AppleWebKit/537.36 (KHTML, like Gecko) Chrome/47.0.2526.111 Safari/537.36"
10.14.27.137 - htl3r [26/Jan/2016:12:51:37 +0100] "GET /~dru/NWTK4/ HTTP/1.1" 200 858 "http://netzwerktechnik.htl.rennweg.at/~dru/" "Mozilla/5.0 (Windows NT 10.0; WOW64) AppleWebKit/537.36 (KHTML, like Gecko) Chrome/47.0.2526.111 Safari/537.36"
10.14.27.137 - htl3r [26/Jan/2016:12:52:22 +0100] "GET /~dru/NWTK4/Handouts/ HTTP/1.1" 200 996 "http://netzwerktechnik.htl.rennweg.at/~dru/NWTK4/" "Mozilla/5.0 (Windows NT 10.0; WOW64) AppleWebKit/537.36 (KHTML, like Gecko) Chrome/47.0.2526.111 Safari/537.36"
10.14.27.137 - htl3r [26/Jan/2016:12:52:23 +0100] "GET /~dru/NWTK4/Handouts/04%20-%20Netfilter%20Basics.pdf HTTP/1.1" 200 284938 "http://netzwerktechnik.htl.rennweg.at/~dru/NWTK4/Handouts/" "Mozilla/5.0 (Windows NT 10.0; WOW64) AppleWebKit/537.36 (KHTML, like Gecko) Chrome/47.0.2526.111 Safari/537.36"
10.14.27.137 - htl3r [26/Jan/2016:12:52:36 +0100] "GET /~dru/NWTK4/Handouts/03%20-%20Netfilter%20Intro.pdf HTTP/1.1" 200 564525 "http://netzwerktechnik.htl.rennweg.at/~dru/NWTK4/Handouts/" "Mozilla/5.0 (Windows NT 10.0; WOW64) AppleWebKit/537.36 (KHTML, like Gecko) Chrome/47.0.2526.111 Safari/537.36"
66.249.93.58 - - [26/Jan/2016:13:08:27 +0100] "GET /SEW/4xI-NW/ HTTP/1.1" 401 677 "-" "Mozilla/5.0 (Windows NT 6.1; rv:6.0) Gecko/20110814 Firefox/6.0 Google Favicon"
10.13.1.211 - htl3r [26/Jan/2016:13:11:08 +0100] "GET /~dru/NWTK4/ HTTP/1.1" 200 858 "http://netzwerktechnik.htl.rennweg.at/~dru/NWTK4/Handouts/" "Mozilla/5.0 (Windows NT 6.3; WOW64; rv:43.0) Gecko/20100101 Firefox/43.0"
10.13.1.211 - htl3r [26/Jan/2016:13:11:10 +0100] "GET /~dru/NWTK4/Handouts/ HTTP/1.1" 200 995 "http://netzwerktechnik.htl.rennweg.at/~dru/NWTK4/" "Mozilla/5.0 (Windows NT 6.3; WOW64; rv:43.0) Gecko/20100101 Firefox/43.0"
10.13.1.211 - htl3r [26/Jan/2016:13:11:22 +0100] "GET /~dru/NWTK4/Handouts/04%20-%20Netfilter%20Basics.pdf HTTP/1.1" 200 284939 "http://netzwerktechnik.htl.rennweg.at/~dru/NWTK4/Handouts/" "Mozilla/5.0 (Windows NT 6.3; WOW64; rv:43.0) Gecko/20100101 Firefox/43.0"
10.2.75.48 - - [26/Jan/2016:13:11:53 +0100] "GET / HTTP/1.1" 200 854 "-" "Mozilla/5.0 (Windows NT 6.1; WOW64) AppleWebKit/537.36 (KHTML, like Gecko) Chrome/50.0.2631.0 Safari/537.36"
10.2.75.48 - - [26/Jan/2016:13:11:53 +0100] "GET /img/htl.png HTTP/1.1" 200 19214 "http://netzwerktechnik.htl.rennweg.at/" "Mozilla/5.0 (Windows NT 6.1; WOW64) AppleWebKit/537.36 (KHTML, like Gecko) Chrome/50.0.2631.0 Safari/537.36"
10.2.75.48 - - [26/Jan/2016:13:11:56 +0100] "GET /~dru HTTP/1.1" 401 676 "http://netzwerktechnik.htl.rennweg.at/" "Mozilla/5.0 (Windows NT 6.1; WOW64) AppleWebKit/537.36 (KHTML, like Gecko) Chrome/50.0.2631.0 Safari/537.36"
10.2.75.48 - htl3r [26/Jan/2016:13:12:01 +0100] "GET /~dru HTTP/1.1" 301 585 "http://netzwerktechnik.htl.rennweg.at/" "Mozilla/5.0 (Windows NT 6.1; WOW64) AppleWebKit/537.36 (KHTML, like Gecko) Chrome/50.0.2631.0 Safari/537.36"
10.2.75.48 - htl3r [26/Jan/2016:13:12:01 +0100] "GET /~dru/ HTTP/1.1" 200 940 "http://netzwerktechnik.htl.rennweg.at/" "Mozilla/5.0 (Windows NT 6.1; WOW64) AppleWebKit/537.36 (KHTML, like Gecko) Chrome/50.0.2631.0 Safari/537.36"
10.2.75.48 - htl3r [26/Jan/2016:13:12:01 +0100] "GET /~dru/styles/dirlisting.css HTTP/1.1" 200 805 "http://netzwerktechnik.htl.rennweg.at/~dru/" "Mozilla/5.0 (Windows NT 6.1; WOW64) AppleWebKit/537.36 (KHTML, like Gecko) Chrome/50.0.2631.0 Safari/537.36"
10.2.75.48 - htl3r [26/Jan/2016:13:12:01 +0100] "GET /~dru/images/folder_yellow.png HTTP/1.1" 200 927 "http://netzwerktechnik.htl.rennweg.at/~dru/" "Mozilla/5.0 (Windows NT 6.1; WOW64) AppleWebKit/537.36 (KHTML, like Gecko) Chrome/50.0.2631.0 Safari/537.36"
10.2.75.48 - htl3r [26/Jan/2016:13:12:01 +0100] "GET /~dru/images/logo_htl3r.gif HTTP/1.1" 200 6076 "http://netzwerktechnik.htl.rennweg.at/~dru/styles/dirlisting.css" "Mozilla/5.0 (Windows NT 6.1; WOW64) AppleWebKit/537.36 (KHTML, like Gecko) Chrome/50.0.2631.0 Safari/537.36"
10.2.75.48 - htl3r [26/Jan/2016:13:12:03 +0100] "GET /~dru/NWTK4/ HTTP/1.1" 200 857 "http://netzwerktechnik.htl.rennweg.at/~dru/" "Mozilla/5.0 (Windows NT 6.1; WOW64) AppleWebKit/537.36 (KHTML, like Gecko) Chrome/50.0.2631.0 Safari/537.36"
10.2.75.48 - htl3r [26/Jan/2016:13:12:03 +0100] "GET /~dru/images/1uparrow.png HTTP/1.1" 200 861 "http://netzwerktechnik.htl.rennweg.at/~dru/NWTK4/" "Mozilla/5.0 (Windows NT 6.1; WOW64) AppleWebKit/537.36 (KHTML, like Gecko) Chrome/50.0.2631.0 Safari/537.36"
10.2.75.48 - htl3r [26/Jan/2016:13:12:05 +0100] "GET /~dru/NWTK4/Handouts/ HTTP/1.1" 200 995 "http://netzwerktechnik.htl.rennweg.at/~dru/NWTK4/" "Mozilla/5.0 (Windows NT 6.1; WOW64) AppleWebKit/537.36 (KHTML, like Gecko) Chrome/50.0.2631.0 Safari/537.36"
10.2.75.48 - htl3r [26/Jan/2016:13:12:06 +0100] "GET /~dru/NWTK4/Handouts/03%20-%20Netfilter%20Intro.pdf HTTP/1.1" 200 564524 "http://netzwerktechnik.htl.rennweg.at/~dru/NWTK4/Handouts/" "Mozilla/5.0 (Windows NT 6.1; WOW64) AppleWebKit/537.36 (KHTML, like Gecko) Chrome/50.0.2631.0 Safari/537.36"
10.14.26.140 - - [26/Jan/2016:13:20:56 +0100] "GET /favicon.ico HTTP/1.1" 200 721 "http://netzwerktechnik.htl.rennweg.at/SEW/4xI-NW/05_python.pdf" "Mozilla/5.0 (Windows NT 10.0; WOW64) AppleWebKit/537.36 (KHTML, like Gecko) Chrome/47.0.2526.111 Safari/537.36"
74.91.28.58 - - [26/Jan/2016:13:24:20 +0100] "GET / HTTP/1.1" 200 2260 "-" "Mozilla/4.0 (compatible; MSIE 8.0; Windows NT 6.1; Trident/4.0; SLCC2; .NET CLR 2.0.50727; .NET CLR 3.5.30729; .NET CLR 3.0.30729; Media Center PC 6.0)"
208.69.31.10 - - [26/Jan/2016:13:29:05 +0100] "GET /w00tw00t.at.blackhats.romanian.anti-sec:) HTTP/1.1" 404 101232 "-" "ZmEu"
208.69.31.10 - - [26/Jan/2016:13:29:06 +0100] "GET /phpMyAdmin/scripts/setup.php HTTP/1.1" 404 98496 "-" "ZmEu"
208.69.31.10 - - [26/Jan/2016:13:29:06 +0100] "GET /phpmyadmin/scripts/setup.php HTTP/1.1" 404 71136 "-" "ZmEu"
208.69.31.10 - - [26/Jan/2016:13:29:06 +0100] "GET /pma/scripts/setup.php HTTP/1.1" 404 98496 "-" "ZmEu"
208.69.31.10 - - [26/Jan/2016:13:29:06 +0100] "GET /myadmin/scripts/setup.php HTTP/1.1" 404 101232 "-" "ZmEu"
208.69.31.10 - - [26/Jan/2016:13:29:07 +0100] "GET /MyAdmin/scripts/setup.php HTTP/1.1" 404 71136 "-" "ZmEu"
10.0.79.68 - - [26/Jan/2016:14:17:39 +0100] "GET / HTTP/1.1" 304 210 "-" "Mozilla/5.0 (X11; Linux x86_64) AppleWebKit/537.36 (KHTML, like Gecko) Chrome/44.0.2403.157 Safari/537.36"
10.0.79.72 - - [26/Jan/2016:14:17:43 +0100] "GET / HTTP/1.1" 304 210 "-" "Mozilla/5.0 (X11; Linux x86_64) AppleWebKit/537.36 (KHTML, like Gecko) Chrome/44.0.2403.157 Safari/537.36"
10.0.79.72 - - [26/Jan/2016:14:17:47 +0100] "GET /~dru HTTP/1.1" 401 676 "http://netzwerktechnik.htl.rennweg.at/" "Mozilla/5.0 (X11; Linux x86_64) AppleWebKit/537.36 (KHTML, like Gecko) Chrome/44.0.2403.157 Safari/537.36"
10.0.79.72 - htl3r [26/Jan/2016:14:17:49 +0100] "GET /~dru HTTP/1.1" 301 585 "http://netzwerktechnik.htl.rennweg.at/" "Mozilla/5.0 (X11; Linux x86_64) AppleWebKit/537.36 (KHTML, like Gecko) Chrome/44.0.2403.157 Safari/537.36"
10.0.79.72 - htl3r [26/Jan/2016:14:17:49 +0100] "GET /~dru/ HTTP/1.1" 200 940 "http://netzwerktechnik.htl.rennweg.at/" "Mozilla/5.0 (X11; Linux x86_64) AppleWebKit/537.36 (KHTML, like Gecko) Chrome/44.0.2403.157 Safari/537.36"
10.0.79.68 - - [26/Jan/2016:14:17:51 +0100] "GET /~dru HTTP/1.1" 401 677 "http://netzwerktechnik.htl.rennweg.at/" "Mozilla/5.0 (X11; Linux x86_64) AppleWebKit/537.36 (KHTML, like Gecko) Chrome/44.0.2403.157 Safari/537.36"
10.0.79.72 - htl3r [26/Jan/2016:14:17:51 +0100] "GET /~dru/NWTK4/ HTTP/1.1" 200 857 "http://netzwerktechnik.htl.rennweg.at/~dru/" "Mozilla/5.0 (X11; Linux x86_64) AppleWebKit/537.36 (KHTML, like Gecko) Chrome/44.0.2403.157 Safari/537.36"
10.0.79.68 - htl3r [26/Jan/2016:14:17:53 +0100] "GET /~dru HTTP/1.1" 301 585 "http://netzwerktechnik.htl.rennweg.at/" "Mozilla/5.0 (X11; Linux x86_64) AppleWebKit/537.36 (KHTML, like Gecko) Chrome/44.0.2403.157 Safari/537.36"
10.0.79.72 - htl3r [26/Jan/2016:14:17:53 +0100] "GET /~dru/NWTK4/Labor/ HTTP/1.1" 200 1038 "http://netzwerktechnik.htl.rennweg.at/~dru/NWTK4/" "Mozilla/5.0 (X11; Linux x86_64) AppleWebKit/537.36 (KHTML, like Gecko) Chrome/44.0.2403.157 Safari/537.36"
10.0.79.68 - htl3r [26/Jan/2016:14:17:53 +0100] "GET /~dru/ HTTP/1.1" 200 940 "http://netzwerktechnik.htl.rennweg.at/" "Mozilla/5.0 (X11; Linux x86_64) AppleWebKit/537.36 (KHTML, like Gecko) Chrome/44.0.2403.157 Safari/537.36"
10.0.79.68 - htl3r [26/Jan/2016:14:17:55 +0100] "GET /~dru/NWTK4/ HTTP/1.1" 200 857 "http://netzwerktechnik.htl.rennweg.at/~dru/" "Mozilla/5.0 (X11; Linux x86_64) AppleWebKit/537.36 (KHTML, like Gecko) Chrome/44.0.2403.157 Safari/537.36"
10.0.79.68 - htl3r [26/Jan/2016:14:17:56 +0100] "GET /~dru/NWTK4/Labor/ HTTP/1.1" 200 1038 "http://netzwerktechnik.htl.rennweg.at/~dru/NWTK4/" "Mozilla/5.0 (X11; Linux x86_64) AppleWebKit/537.36 (KHTML, like Gecko) Chrome/44.0.2403.157 Safari/537.36"
10.0.79.72 - htl3r [26/Jan/2016:14:17:57 +0100] "GET /~dru/NWTK4/Labor/UE04_Firewall/ HTTP/1.1" 200 849 "http://netzwerktechnik.htl.rennweg.at/~dru/NWTK4/Labor/" "Mozilla/5.0 (X11; Linux x86_64) AppleWebKit/537.36 (KHTML, like Gecko) Chrome/44.0.2403.157 Safari/537.36"
10.0.79.68 - htl3r [26/Jan/2016:14:17:59 +0100] "GET /~dru/NWTK4/Labor/UE04_Firewall/ HTTP/1.1" 200 849 "http://netzwerktechnik.htl.rennweg.at/~dru/NWTK4/Labor/" "Mozilla/5.0 (X11; Linux x86_64) AppleWebKit/537.36 (KHTML, like Gecko) Chrome/44.0.2403.157 Safari/537.36"
10.0.79.72 - htl3r [26/Jan/2016:14:18:00 +0100] "GET /~dru/NWTK4/Labor/UE04_Firewall/UE04_Linux_Firewall.odt HTTP/1.1" 200 80281 "http://netzwerktechnik.htl.rennweg.at/~dru/NWTK4/Labor/UE04_Firewall/" "Mozilla/5.0 (X11; Linux x86_64) AppleWebKit/537.36 (KHTML, like Gecko) Chrome/44.0.2403.157 Safari/537.36"
10.0.79.68 - htl3r [26/Jan/2016:14:18:05 +0100] "GET /~dru/NWTK4/Labor/UE04_Firewall/UE04_Linux_Firewall.odt HTTP/1.1" 200 80282 "http://netzwerktechnik.htl.rennweg.at/~dru/NWTK4/Labor/UE04_Firewall/" "Mozilla/5.0 (X11; Linux x86_64) AppleWebKit/537.36 (KHTML, like Gecko) Chrome/44.0.2403.157 Safari/537.36"
10.14.28.66 - - [26/Jan/2016:14:18:15 +0100] "GET / HTTP/1.1" 304 210 "-" "Mozilla/5.0 (Windows NT 10.0; WOW64) AppleWebKit/537.36 (KHTML, like Gecko) Chrome/47.0.2526.111 Safari/537.36"
10.14.28.66 - - [26/Jan/2016:14:18:18 +0100] "GET /favicon.ico HTTP/1.1" 200 721 "http://netzwerktechnik.htl.rennweg.at/" "Mozilla/5.0 (Windows NT 10.0; WOW64) AppleWebKit/537.36 (KHTML, like Gecko) Chrome/47.0.2526.111 Safari/537.36"
10.14.28.66 - - [26/Jan/2016:14:18:19 +0100] "GET /~dru HTTP/1.1" 401 676 "http://netzwerktechnik.htl.rennweg.at/" "Mozilla/5.0 (Windows NT 10.0; WOW64) AppleWebKit/537.36 (KHTML, like Gecko) Chrome/47.0.2526.111 Safari/537.36"
10.14.28.66 - htl3r [26/Jan/2016:14:18:20 +0100] "GET /~dru HTTP/1.1" 301 585 "http://netzwerktechnik.htl.rennweg.at/" "Mozilla/5.0 (Windows NT 10.0; WOW64) AppleWebKit/537.36 (KHTML, like Gecko) Chrome/47.0.2526.111 Safari/537.36"
10.14.28.66 - htl3r [26/Jan/2016:14:18:20 +0100] "GET /~dru/ HTTP/1.1" 200 940 "http://netzwerktechnik.htl.rennweg.at/" "Mozilla/5.0 (Windows NT 10.0; WOW64) AppleWebKit/537.36 (KHTML, like Gecko) Chrome/47.0.2526.111 Safari/537.36"
10.14.28.66 - htl3r [26/Jan/2016:14:18:20 +0100] "GET /~dru/styles/dirlisting.css HTTP/1.1" 200 805 "http://netzwerktechnik.htl.rennweg.at/~dru/" "Mozilla/5.0 (Windows NT 10.0; WOW64) AppleWebKit/537.36 (KHTML, like Gecko) Chrome/47.0.2526.111 Safari/537.36"
10.14.28.66 - htl3r [26/Jan/2016:14:18:20 +0100] "GET /~dru/images/folder_yellow.png HTTP/1.1" 200 928 "http://netzwerktechnik.htl.rennweg.at/~dru/" "Mozilla/5.0 (Windows NT 10.0; WOW64) AppleWebKit/537.36 (KHTML, like Gecko) Chrome/47.0.2526.111 Safari/537.36"
10.14.28.66 - htl3r [26/Jan/2016:14:18:20 +0100] "GET /~dru/images/logo_htl3r.gif HTTP/1.1" 200 6076 "http://netzwerktechnik.htl.rennweg.at/~dru/styles/dirlisting.css" "Mozilla/5.0 (Windows NT 10.0; WOW64) AppleWebKit/537.36 (KHTML, like Gecko) Chrome/47.0.2526.111 Safari/537.36"
10.14.28.66 - htl3r [26/Jan/2016:14:18:22 +0100] "GET /~dru/NWTK4/ HTTP/1.1" 200 857 "http://netzwerktechnik.htl.rennweg.at/~dru/" "Mozilla/5.0 (Windows NT 10.0; WOW64) AppleWebKit/537.36 (KHTML, like Gecko) Chrome/47.0.2526.111 Safari/537.36"
10.14.28.66 - htl3r [26/Jan/2016:14:18:22 +0100] "GET /~dru/images/1uparrow.png HTTP/1.1" 200 861 "http://netzwerktechnik.htl.rennweg.at/~dru/NWTK4/" "Mozilla/5.0 (Windows NT 10.0; WOW64) AppleWebKit/537.36 (KHTML, like Gecko) Chrome/47.0.2526.111 Safari/537.36"
10.14.28.66 - htl3r [26/Jan/2016:14:18:23 +0100] "GET /~dru/NWTK4/Labor/ HTTP/1.1" 200 1038 "http://netzwerktechnik.htl.rennweg.at/~dru/NWTK4/" "Mozilla/5.0 (Windows NT 10.0; WOW64) AppleWebKit/537.36 (KHTML, like Gecko) Chrome/47.0.2526.111 Safari/537.36"
10.14.28.66 - htl3r [26/Jan/2016:14:18:25 +0100] "GET /~dru/NWTK4/Labor/UE04_Firewall/ HTTP/1.1" 200 849 "http://netzwerktechnik.htl.rennweg.at/~dru/NWTK4/Labor/" "Mozilla/5.0 (Windows NT 10.0; WOW64) AppleWebKit/537.36 (KHTML, like Gecko) Chrome/47.0.2526.111 Safari/537.36"
10.14.28.66 - htl3r [26/Jan/2016:14:18:26 +0100] "GET /~dru/NWTK4/Labor/UE04_Firewall/UE04_Linux_Firewall.pdf HTTP/1.1" 200 194716 "http://netzwerktechnik.htl.rennweg.at/~dru/NWTK4/Labor/UE04_Firewall/" "Mozilla/5.0 (Windows NT 10.0; WOW64) AppleWebKit/537.36 (KHTML, like Gecko) Chrome/47.0.2526.111 Safari/537.36"
213.208.148.212 - - [26/Jan/2016:14:19:12 +0100] "GET /~wsr HTTP/1.1" 401 677 "-" "Mozilla/5.0 (Windows NT 10.0; Win64; x64) AppleWebKit/537.36 (KHTML, like Gecko) Chrome/48.0.2564.82 Safari/537.36"
213.208.148.212 - htl3r [26/Jan/2016:14:19:13 +0100] "GET /~wsr HTTP/1.1" 301 584 "-" "Mozilla/5.0 (Windows NT 10.0; Win64; x64) AppleWebKit/537.36 (KHTML, like Gecko) Chrome/48.0.2564.82 Safari/537.36"
213.208.148.212 - htl3r [26/Jan/2016:14:19:13 +0100] "GET /~wsr/ HTTP/1.1" 200 2117 "-" "Mozilla/5.0 (Windows NT 10.0; Win64; x64) AppleWebKit/537.36 (KHTML, like Gecko) Chrome/48.0.2564.82 Safari/537.36"
213.208.148.212 - htl3r [26/Jan/2016:14:19:13 +0100] "GET /~hor/theme/style.css HTTP/1.1" 200 1197 "http://netzwerktechnik.htl.rennweg.at/~wsr/" "Mozilla/5.0 (Windows NT 10.0; Win64; x64) AppleWebKit/537.36 (KHTML, like Gecko) Chrome/48.0.2564.82 Safari/537.36"
213.208.148.212 - htl3r [26/Jan/2016:14:19:13 +0100] "GET /~hor/theme/icons/blank.png HTTP/1.1" 200 518 "http://netzwerktechnik.htl.rennweg.at/~wsr/" "Mozilla/5.0 (Windows NT 10.0; Win64; x64) AppleWebKit/537.36 (KHTML, like Gecko) Chrome/48.0.2564.82 Safari/537.36"
213.208.148.212 - htl3r [26/Jan/2016:14:19:13 +0100] "GET /~hor/theme/icons/folder-home.png HTTP/1.1" 200 909 "http://netzwerktechnik.htl.rennweg.at/~wsr/" "Mozilla/5.0 (Windows NT 10.0; Win64; x64) AppleWebKit/537.36 (KHTML, like Gecko) Chrome/48.0.2564.82 Safari/537.36"
213.208.148.212 - htl3r [26/Jan/2016:14:19:13 +0100] "GET /~hor/theme/icons/folder.png HTTP/1.1" 200 687 "http://netzwerktechnik.htl.rennweg.at/~wsr/" "Mozilla/5.0 (Windows NT 10.0; Win64; x64) AppleWebKit/537.36 (KHTML, like Gecko) Chrome/48.0.2564.82 Safari/537.36"
10.14.28.66 - htl3r [26/Jan/2016:14:19:15 +0100] "GET /~dru/NWTK4/Labor/UE04_Firewall/UE04_Linux_Firewall.odt HTTP/1.1" 200 80282 "http://netzwerktechnik.htl.rennweg.at/~dru/NWTK4/Labor/UE04_Firewall/" "Mozilla/5.0 (Windows NT 10.0; WOW64) AppleWebKit/537.36 (KHTML, like Gecko) Chrome/47.0.2526.111 Safari/537.36"
213.208.148.212 - htl3r [26/Jan/2016:14:19:17 +0100] "GET /~dru/ HTTP/1.1" 200 940 "-" "Mozilla/5.0 (Windows NT 10.0; Win64; x64) AppleWebKit/537.36 (KHTML, like Gecko) Chrome/48.0.2564.82 Safari/537.36"
213.208.148.212 - htl3r [26/Jan/2016:14:19:18 +0100] "GET /~dru/styles/dirlisting.css HTTP/1.1" 200 805 "http://netzwerktechnik.htl.rennweg.at/~dru/" "Mozilla/5.0 (Windows NT 10.0; Win64; x64) AppleWebKit/537.36 (KHTML, like Gecko) Chrome/48.0.2564.82 Safari/537.36"
213.208.148.212 - htl3r [26/Jan/2016:14:19:18 +0100] "GET /~dru/images/folder_yellow.png HTTP/1.1" 200 927 "http://netzwerktechnik.htl.rennweg.at/~dru/" "Mozilla/5.0 (Windows NT 10.0; Win64; x64) AppleWebKit/537.36 (KHTML, like Gecko) Chrome/48.0.2564.82 Safari/537.36"
213.208.148.212 - htl3r [26/Jan/2016:14:19:18 +0100] "GET /~dru/images/logo_htl3r.gif HTTP/1.1" 200 6076 "http://netzwerktechnik.htl.rennweg.at/~dru/styles/dirlisting.css" "Mozilla/5.0 (Windows NT 10.0; Win64; x64) AppleWebKit/537.36 (KHTML, like Gecko) Chrome/48.0.2564.82 Safari/537.36"
213.208.148.212 - htl3r [26/Jan/2016:14:19:21 +0100] "GET /~dru/BS/ HTTP/1.1" 200 884 "http://netzwerktechnik.htl.rennweg.at/~dru/" "Mozilla/5.0 (Windows NT 10.0; Win64; x64) AppleWebKit/537.36 (KHTML, like Gecko) Chrome/48.0.2564.82 Safari/537.36"
213.208.148.212 - htl3r [26/Jan/2016:14:19:21 +0100] "GET /~dru/images/1uparrow.png HTTP/1.1" 200 861 "http://netzwerktechnik.htl.rennweg.at/~dru/BS/" "Mozilla/5.0 (Windows NT 10.0; Win64; x64) AppleWebKit/537.36 (KHTML, like Gecko) Chrome/48.0.2564.82 Safari/537.36"
213.208.148.212 - htl3r [26/Jan/2016:14:19:22 +0100] "GET /~dru/BS/Labor/ HTTP/1.1" 200 898 "http://netzwerktechnik.htl.rennweg.at/~dru/BS/" "Mozilla/5.0 (Windows NT 10.0; Win64; x64) AppleWebKit/537.36 (KHTML, like Gecko) Chrome/48.0.2564.82 Safari/537.36"
213.208.148.212 - htl3r [26/Jan/2016:14:19:23 +0100] "GET /~dru/BS/Labor/3xI/ HTTP/1.1" 200 1280 "http://netzwerktechnik.htl.rennweg.at/~dru/BS/Labor/" "Mozilla/5.0 (Windows NT 10.0; Win64; x64) AppleWebKit/537.36 (KHTML, like Gecko) Chrome/48.0.2564.82 Safari/537.36"
10.14.27.116 - htl3r [26/Jan/2016:14:19:30 +0100] "GET /~dru HTTP/1.1" 301 586 "-" "Mozilla/5.0 (Windows NT 10.0; WOW64) AppleWebKit/537.36 (KHTML, like Gecko) Chrome/47.0.2526.111 Safari/537.36"
10.14.27.116 - htl3r [26/Jan/2016:14:19:30 +0100] "GET /~dru/ HTTP/1.1" 200 940 "-" "Mozilla/5.0 (Windows NT 10.0; WOW64) AppleWebKit/537.36 (KHTML, like Gecko) Chrome/47.0.2526.111 Safari/537.36"
10.14.27.116 - htl3r [26/Jan/2016:14:19:30 +0100] "GET /~dru/styles/dirlisting.css HTTP/1.1" 200 805 "http://netzwerktechnik.htl.rennweg.at/~dru/" "Mozilla/5.0 (Windows NT 10.0; WOW64) AppleWebKit/537.36 (KHTML, like Gecko) Chrome/47.0.2526.111 Safari/537.36"
10.14.27.116 - htl3r [26/Jan/2016:14:19:30 +0100] "GET /~dru/images/folder_yellow.png HTTP/1.1" 200 927 "http://netzwerktechnik.htl.rennweg.at/~dru/" "Mozilla/5.0 (Windows NT 10.0; WOW64) AppleWebKit/537.36 (KHTML, like Gecko) Chrome/47.0.2526.111 Safari/537.36"
10.14.27.116 - htl3r [26/Jan/2016:14:19:30 +0100] "GET /~dru/images/logo_htl3r.gif HTTP/1.1" 200 6076 "http://netzwerktechnik.htl.rennweg.at/~dru/styles/dirlisting.css" "Mozilla/5.0 (Windows NT 10.0; WOW64) AppleWebKit/537.36 (KHTML, like Gecko) Chrome/47.0.2526.111 Safari/537.36"
10.14.27.116 - htl3r [26/Jan/2016:14:19:33 +0100] "GET /~dru/BSYS/ HTTP/1.1" 200 938 "http://netzwerktechnik.htl.rennweg.at/~dru/" "Mozilla/5.0 (Windows NT 10.0; WOW64) AppleWebKit/537.36 (KHTML, like Gecko) Chrome/47.0.2526.111 Safari/537.36"
10.14.27.116 - htl3r [26/Jan/2016:14:19:34 +0100] "GET /~dru/images/1uparrow.png HTTP/1.1" 200 861 "http://netzwerktechnik.htl.rennweg.at/~dru/BSYS/" "Mozilla/5.0 (Windows NT 10.0; WOW64) AppleWebKit/537.36 (KHTML, like Gecko) Chrome/47.0.2526.111 Safari/537.36"
213.208.148.212 - htl3r [26/Jan/2016:14:19:39 +0100] "GET /~dru/NWTK4/ HTTP/1.1" 200 858 "http://netzwerktechnik.htl.rennweg.at/~dru/" "Mozilla/5.0 (Windows NT 10.0; Win64; x64) AppleWebKit/537.36 (KHTML, like Gecko) Chrome/48.0.2564.82 Safari/537.36"
10.14.27.116 - htl3r [26/Jan/2016:14:19:39 +0100] "GET /~dru/NWTK4/ HTTP/1.1" 200 858 "http://netzwerktechnik.htl.rennweg.at/~dru/" "Mozilla/5.0 (Windows NT 10.0; WOW64) AppleWebKit/537.36 (KHTML, like Gecko) Chrome/47.0.2526.111 Safari/537.36"
213.208.148.212 - htl3r [26/Jan/2016:14:19:40 +0100] "GET /~dru/NWTK4/Labor/ HTTP/1.1" 200 1038 "http://netzwerktechnik.htl.rennweg.at/~dru/NWTK4/" "Mozilla/5.0 (Windows NT 10.0; Win64; x64) AppleWebKit/537.36 (KHTML, like Gecko) Chrome/48.0.2564.82 Safari/537.36"
10.14.27.116 - htl3r [26/Jan/2016:14:19:41 +0100] "GET /~dru/NWTK4/Labor/ HTTP/1.1" 200 1038 "http://netzwerktechnik.htl.rennweg.at/~dru/NWTK4/" "Mozilla/5.0 (Windows NT 10.0; WOW64) AppleWebKit/537.36 (KHTML, like Gecko) Chrome/47.0.2526.111 Safari/537.36"
213.208.148.212 - htl3r [26/Jan/2016:14:19:42 +0100] "GET /~dru/NWTK4/Labor/UE04_Firewall/ HTTP/1.1" 200 849 "http://netzwerktechnik.htl.rennweg.at/~dru/NWTK4/Labor/" "Mozilla/5.0 (Windows NT 10.0; Win64; x64) AppleWebKit/537.36 (KHTML, like Gecko) Chrome/48.0.2564.82 Safari/537.36"
10.14.27.116 - htl3r [26/Jan/2016:14:19:43 +0100] "GET /~dru/NWTK4/Labor/UE04_Firewall/ HTTP/1.1" 200 849 "http://netzwerktechnik.htl.rennweg.at/~dru/NWTK4/Labor/" "Mozilla/5.0 (Windows NT 10.0; WOW64) AppleWebKit/537.36 (KHTML, like Gecko) Chrome/47.0.2526.111 Safari/537.36"
10.14.27.116 - htl3r [26/Jan/2016:14:19:46 +0100] "GET /~dru/NWTK4/Labor/UE04_Firewall/UE04_Linux_Firewall.odt HTTP/1.1" 200 80281 "http://netzwerktechnik.htl.rennweg.at/~dru/NWTK4/Labor/UE04_Firewall/" "Mozilla/5.0 (Windows NT 10.0; WOW64) AppleWebKit/537.36 (KHTML, like Gecko) Chrome/47.0.2526.111 Safari/537.36"
213.208.148.212 - htl3r [26/Jan/2016:14:19:52 +0100] "GET /~dru/NWTK4/Labor/UE04_Firewall/UE04_Linux_Firewall.odt HTTP/1.1" 200 80282 "http://netzwerktechnik.htl.rennweg.at/~dru/NWTK4/Labor/UE04_Firewall/" "Mozilla/5.0 (Windows NT 10.0; Win64; x64) AppleWebKit/537.36 (KHTML, like Gecko) Chrome/48.0.2564.82 Safari/537.36"
213.208.148.212 - htl3r [26/Jan/2016:14:19:54 +0100] "GET /~dru/NWTK4/Labor/UE04_Firewall/UE04_Linux_Firewall.pdf HTTP/1.1" 200 194716 "http://netzwerktechnik.htl.rennweg.at/~dru/NWTK4/Labor/UE04_Firewall/" "Mozilla/5.0 (Windows NT 10.0; Win64; x64) AppleWebKit/537.36 (KHTML, like Gecko) Chrome/48.0.2564.82 Safari/537.36"
10.0.79.72 - htl3r [26/Jan/2016:14:20:40 +0100] "GET /~dru/NWTK4/Handouts/ HTTP/1.1" 200 996 "http://netzwerktechnik.htl.rennweg.at/~dru/NWTK4/" "Mozilla/5.0 (X11; Linux x86_64) AppleWebKit/537.36 (KHTML, like Gecko) Chrome/44.0.2403.157 Safari/537.36"
10.0.79.78 - - [26/Jan/2016:14:26:24 +0100] "GET / HTTP/1.1" 200 854 "-" "Mozilla/5.0 (X11; Linux x86_64) AppleWebKit/537.36 (KHTML, like Gecko) Chrome/44.0.2403.157 Safari/537.36"
10.0.79.78 - - [26/Jan/2016:14:26:24 +0100] "GET /img/htl.png HTTP/1.1" 200 19214 "http://netzwerktechnik.htl.rennweg.at/" "Mozilla/5.0 (X11; Linux x86_64) AppleWebKit/537.36 (KHTML, like Gecko) Chrome/44.0.2403.157 Safari/537.36"
10.0.79.78 - - [26/Jan/2016:14:26:24 +0100] "GET /favicon.ico HTTP/1.1" 200 720 "http://netzwerktechnik.htl.rennweg.at/" "Mozilla/5.0 (X11; Linux x86_64) AppleWebKit/537.36 (KHTML, like Gecko) Chrome/44.0.2403.157 Safari/537.36"
10.0.79.78 - - [26/Jan/2016:14:26:27 +0100] "GET /~dru HTTP/1.1" 401 676 "http://netzwerktechnik.htl.rennweg.at/" "Mozilla/5.0 (X11; Linux x86_64) AppleWebKit/537.36 (KHTML, like Gecko) Chrome/44.0.2403.157 Safari/537.36"
10.0.79.78 - htl3r [26/Jan/2016:14:26:34 +0100] "GET /~dru HTTP/1.1" 301 586 "http://netzwerktechnik.htl.rennweg.at/" "Mozilla/5.0 (X11; Linux x86_64) AppleWebKit/537.36 (KHTML, like Gecko) Chrome/44.0.2403.157 Safari/537.36"
10.0.79.78 - htl3r [26/Jan/2016:14:26:34 +0100] "GET /~dru/ HTTP/1.1" 200 940 "http://netzwerktechnik.htl.rennweg.at/" "Mozilla/5.0 (X11; Linux x86_64) AppleWebKit/537.36 (KHTML, like Gecko) Chrome/44.0.2403.157 Safari/537.36"
10.0.79.78 - htl3r [26/Jan/2016:14:26:34 +0100] "GET /~dru/styles/dirlisting.css HTTP/1.1" 200 805 "http://netzwerktechnik.htl.rennweg.at/~dru/" "Mozilla/5.0 (X11; Linux x86_64) AppleWebKit/537.36 (KHTML, like Gecko) Chrome/44.0.2403.157 Safari/537.36"
10.0.79.78 - htl3r [26/Jan/2016:14:26:34 +0100] "GET /~dru/images/folder_yellow.png HTTP/1.1" 200 928 "http://netzwerktechnik.htl.rennweg.at/~dru/" "Mozilla/5.0 (X11; Linux x86_64) AppleWebKit/537.36 (KHTML, like Gecko) Chrome/44.0.2403.157 Safari/537.36"
10.0.79.78 - htl3r [26/Jan/2016:14:26:34 +0100] "GET /~dru/images/logo_htl3r.gif HTTP/1.1" 200 6076 "http://netzwerktechnik.htl.rennweg.at/~dru/styles/dirlisting.css" "Mozilla/5.0 (X11; Linux x86_64) AppleWebKit/537.36 (KHTML, like Gecko) Chrome/44.0.2403.157 Safari/537.36"
10.0.79.78 - htl3r [26/Jan/2016:14:26:37 +0100] "GET /~dru/NWTK4/ HTTP/1.1" 200 857 "http://netzwerktechnik.htl.rennweg.at/~dru/" "Mozilla/5.0 (X11; Linux x86_64) AppleWebKit/537.36 (KHTML, like Gecko) Chrome/44.0.2403.157 Safari/537.36"
10.0.79.78 - htl3r [26/Jan/2016:14:26:37 +0100] "GET /~dru/images/1uparrow.png HTTP/1.1" 200 861 "http://netzwerktechnik.htl.rennweg.at/~dru/NWTK4/" "Mozilla/5.0 (X11; Linux x86_64) AppleWebKit/537.36 (KHTML, like Gecko) Chrome/44.0.2403.157 Safari/537.36"
10.14.25.81 - - [26/Jan/2016:14:26:41 +0100] "GET /SEW/4xI-NW/ HTTP/1.1" 401 677 "-" "Mozilla/5.0 (Windows NT 10.0; WOW64) AppleWebKit/537.36 (KHTML, like Gecko) Chrome/47.0.2526.111 Safari/537.36"
10.0.79.78 - htl3r [26/Jan/2016:14:26:42 +0100] "GET /~dru/NWTK4/Handouts/ HTTP/1.1" 200 995 "http://netzwerktechnik.htl.rennweg.at/~dru/NWTK4/" "Mozilla/5.0 (X11; Linux x86_64) AppleWebKit/537.36 (KHTML, like Gecko) Chrome/44.0.2403.157 Safari/537.36"
10.14.25.81 - htl3r [26/Jan/2016:14:26:42 +0100] "GET /SEW/4xI-NW/ HTTP/1.1" 200 4360 "-" "Mozilla/5.0 (Windows NT 10.0; WOW64) AppleWebKit/537.36 (KHTML, like Gecko) Chrome/47.0.2526.111 Safari/537.36"
10.14.28.76 - - [26/Jan/2016:14:26:44 +0100] "GET /~dru/NWTK4/ HTTP/1.1" 401 677 "-" "Mozilla/5.0 (Windows NT 10.0; Win64; x64) AppleWebKit/537.36 (KHTML, like Gecko) Chrome/48.0.2564.82 Safari/537.36"
10.0.79.78 - htl3r [26/Jan/2016:14:26:46 +0100] "GET /~dru/NWTK4/Labor/ HTTP/1.1" 200 1038 "http://netzwerktechnik.htl.rennweg.at/~dru/NWTK4/" "Mozilla/5.0 (X11; Linux x86_64) AppleWebKit/537.36 (KHTML, like Gecko) Chrome/44.0.2403.157 Safari/537.36"
10.0.79.78 - htl3r [26/Jan/2016:14:26:47 +0100] "GET /~dru/NWTK4/Labor/UE04_Firewall/ HTTP/1.1" 200 849 "http://netzwerktechnik.htl.rennweg.at/~dru/NWTK4/Labor/" "Mozilla/5.0 (X11; Linux x86_64) AppleWebKit/537.36 (KHTML, like Gecko) Chrome/44.0.2403.157 Safari/537.36"
10.0.79.78 - htl3r [26/Jan/2016:14:26:49 +0100] "GET /~dru/NWTK4/Labor/UE04_Firewall/UE04_Linux_Firewall.odt HTTP/1.1" 200 80281 "http://netzwerktechnik.htl.rennweg.at/~dru/NWTK4/Labor/UE04_Firewall/" "Mozilla/5.0 (X11; Linux x86_64) AppleWebKit/537.36 (KHTML, like Gecko) Chrome/44.0.2403.157 Safari/537.36"
10.14.28.76 - htl3r [26/Jan/2016:14:26:50 +0100] "GET /~dru/NWTK4/ HTTP/1.1" 200 858 "-" "Mozilla/5.0 (Windows NT 10.0; Win64; x64) AppleWebKit/537.36 (KHTML, like Gecko) Chrome/48.0.2564.82 Safari/537.36"
10.14.28.76 - - [26/Jan/2016:14:26:50 +0100] "GET /~dru/styles/dirlisting.css HTTP/1.1" 401 676 "http://netzwerktechnik.htl.rennweg.at/~dru/NWTK4/" "Mozilla/5.0 (Windows NT 10.0; Win64; x64) AppleWebKit/537.36 (KHTML, like Gecko) Chrome/48.0.2564.82 Safari/537.36"
10.14.28.76 - - [26/Jan/2016:14:26:50 +0100] "GET /~dru/images/1uparrow.png HTTP/1.1" 401 677 "http://netzwerktechnik.htl.rennweg.at/~dru/NWTK4/" "Mozilla/5.0 (Windows NT 10.0; Win64; x64) AppleWebKit/537.36 (KHTML, like Gecko) Chrome/48.0.2564.82 Safari/537.36"
10.14.28.76 - htl3r [26/Jan/2016:14:26:50 +0100] "GET /~dru/images/1uparrow.png HTTP/1.1" 200 861 "http://netzwerktechnik.htl.rennweg.at/~dru/NWTK4/" "Mozilla/5.0 (Windows NT 10.0; Win64; x64) AppleWebKit/537.36 (KHTML, like Gecko) Chrome/48.0.2564.82 Safari/537.36"
10.14.28.76 - htl3r [26/Jan/2016:14:26:50 +0100] "GET /~dru/styles/dirlisting.css HTTP/1.1" 200 805 "http://netzwerktechnik.htl.rennweg.at/~dru/NWTK4/" "Mozilla/5.0 (Windows NT 10.0; Win64; x64) AppleWebKit/537.36 (KHTML, like Gecko) Chrome/48.0.2564.82 Safari/537.36"
10.14.28.76 - htl3r [26/Jan/2016:14:26:50 +0100] "GET /~dru/images/folder_yellow.png HTTP/1.1" 200 927 "http://netzwerktechnik.htl.rennweg.at/~dru/NWTK4/" "Mozilla/5.0 (Windows NT 10.0; Win64; x64) AppleWebKit/537.36 (KHTML, like Gecko) Chrome/48.0.2564.82 Safari/537.36"
10.14.28.76 - htl3r [26/Jan/2016:14:26:50 +0100] "GET /~dru/images/logo_htl3r.gif HTTP/1.1" 200 6076 "http://netzwerktechnik.htl.rennweg.at/~dru/styles/dirlisting.css" "Mozilla/5.0 (Windows NT 10.0; Win64; x64) AppleWebKit/537.36 (KHTML, like Gecko) Chrome/48.0.2564.82 Safari/537.36"
10.14.28.76 - - [26/Jan/2016:14:26:51 +0100] "GET /favicon.ico HTTP/1.1" 200 720 "http://netzwerktechnik.htl.rennweg.at/~dru/NWTK4/" "Mozilla/5.0 (Windows NT 10.0; Win64; x64) AppleWebKit/537.36 (KHTML, like Gecko) Chrome/48.0.2564.82 Safari/537.36"
10.0.79.80 - - [26/Jan/2016:14:26:59 +0100] "GET / HTTP/1.1" 200 854 "-" "Mozilla/5.0 (X11; Linux x86_64) AppleWebKit/537.36 (KHTML, like Gecko) Chrome/44.0.2403.157 Safari/537.36"
10.14.28.76 - htl3r [26/Jan/2016:14:26:59 +0100] "GET /~dru/NWTK4/Labor/ HTTP/1.1" 200 1039 "http://netzwerktechnik.htl.rennweg.at/~dru/NWTK4/" "Mozilla/5.0 (Windows NT 10.0; Win64; x64) AppleWebKit/537.36 (KHTML, like Gecko) Chrome/48.0.2564.82 Safari/537.36"
10.0.79.80 - - [26/Jan/2016:14:27:01 +0100] "GET /~dru HTTP/1.1" 401 676 "http://netzwerktechnik.htl.rennweg.at/" "Mozilla/5.0 (X11; Linux x86_64) AppleWebKit/537.36 (KHTML, like Gecko) Chrome/44.0.2403.157 Safari/537.36"
10.0.79.72 - htl3r [26/Jan/2016:14:27:01 +0100] "GET /~dru/NWTK4/Handouts/ HTTP/1.1" 200 996 "http://netzwerktechnik.htl.rennweg.at/~dru/NWTK4/" "Mozilla/5.0 (X11; Linux x86_64) AppleWebKit/537.36 (KHTML, like Gecko) Chrome/44.0.2403.157 Safari/537.36"
10.14.28.76 - htl3r [26/Jan/2016:14:27:01 +0100] "GET /~dru/NWTK4/Labor/UE04_Firewall/ HTTP/1.1" 200 849 "http://netzwerktechnik.htl.rennweg.at/~dru/NWTK4/Labor/" "Mozilla/5.0 (Windows NT 10.0; Win64; x64) AppleWebKit/537.36 (KHTML, like Gecko) Chrome/48.0.2564.82 Safari/537.36"
10.14.28.76 - htl3r [26/Jan/2016:14:27:03 +0100] "GET /~dru/NWTK4/Labor/UE04_Firewall/UE04_Linux_Firewall.odt HTTP/1.1" 200 80281 "http://netzwerktechnik.htl.rennweg.at/~dru/NWTK4/Labor/UE04_Firewall/" "Mozilla/5.0 (Windows NT 10.0; Win64; x64) AppleWebKit/537.36 (KHTML, like Gecko) Chrome/48.0.2564.82 Safari/537.36"
10.0.79.72 - htl3r [26/Jan/2016:14:27:03 +0100] "GET /~dru/NWTK4/ HTTP/1.1" 200 857 "http://netzwerktechnik.htl.rennweg.at/~dru/NWTK4/Handouts/" "Mozilla/5.0 (X11; Linux x86_64) AppleWebKit/537.36 (KHTML, like Gecko) Chrome/44.0.2403.157 Safari/537.36"
10.0.79.72 - htl3r [26/Jan/2016:14:27:04 +0100] "GET /~dru/NWTK4/Labor/ HTTP/1.1" 200 1038 "http://netzwerktechnik.htl.rennweg.at/~dru/NWTK4/" "Mozilla/5.0 (X11; Linux x86_64) AppleWebKit/537.36 (KHTML, like Gecko) Chrome/44.0.2403.157 Safari/537.36"
10.0.79.72 - htl3r [26/Jan/2016:14:27:06 +0100] "GET /~dru/NWTK4/Labor/Survival_Guide_Linux_Netzwerkeinstellungen.pdf HTTP/1.1" 200 162169 "http://netzwerktechnik.htl.rennweg.at/~dru/NWTK4/Labor/" "Mozilla/5.0 (X11; Linux x86_64) AppleWebKit/537.36 (KHTML, like Gecko) Chrome/44.0.2403.157 Safari/537.36"
10.0.79.80 - htl3r [26/Jan/2016:14:27:07 +0100] "GET /~dru HTTP/1.1" 301 586 "http://netzwerktechnik.htl.rennweg.at/" "Mozilla/5.0 (X11; Linux x86_64) AppleWebKit/537.36 (KHTML, like Gecko) Chrome/44.0.2403.157 Safari/537.36"
10.0.79.80 - htl3r [26/Jan/2016:14:27:07 +0100] "GET /~dru/ HTTP/1.1" 200 940 "http://netzwerktechnik.htl.rennweg.at/" "Mozilla/5.0 (X11; Linux x86_64) AppleWebKit/537.36 (KHTML, like Gecko) Chrome/44.0.2403.157 Safari/537.36"
10.0.79.68 - htl3r [26/Jan/2016:14:27:08 +0100] "GET /~dru/NWTK4/Labor/ HTTP/1.1" 200 1039 "http://netzwerktechnik.htl.rennweg.at/~dru/NWTK4/Labor/UE04_Firewall/" "Mozilla/5.0 (X11; Linux x86_64) AppleWebKit/537.36 (KHTML, like Gecko) Chrome/44.0.2403.157 Safari/537.36"
10.0.79.80 - htl3r [26/Jan/2016:14:27:11 +0100] "GET /~dru/NWTK4/ HTTP/1.1" 200 857 "http://netzwerktechnik.htl.rennweg.at/~dru/" "Mozilla/5.0 (X11; Linux x86_64) AppleWebKit/537.36 (KHTML, like Gecko) Chrome/44.0.2403.157 Safari/537.36"
10.0.79.80 - htl3r [26/Jan/2016:14:27:11 +0100] "GET /~dru/NWTK4/Labor/ HTTP/1.1" 200 1038 "http://netzwerktechnik.htl.rennweg.at/~dru/NWTK4/" "Mozilla/5.0 (X11; Linux x86_64) AppleWebKit/537.36 (KHTML, like Gecko) Chrome/44.0.2403.157 Safari/537.36"
10.0.79.68 - htl3r [26/Jan/2016:14:27:12 +0100] "GET /~dru/NWTK4/ HTTP/1.1" 200 857 "http://netzwerktechnik.htl.rennweg.at/~dru/NWTK4/Labor/" "Mozilla/5.0 (X11; Linux x86_64) AppleWebKit/537.36 (KHTML, like Gecko) Chrome/44.0.2403.157 Safari/537.36"
10.0.79.80 - htl3r [26/Jan/2016:14:27:13 +0100] "GET /~dru/NWTK4/Labor/UE04_Firewall/ HTTP/1.1" 200 849 "http://netzwerktechnik.htl.rennweg.at/~dru/NWTK4/Labor/" "Mozilla/5.0 (X11; Linux x86_64) AppleWebKit/537.36 (KHTML, like Gecko) Chrome/44.0.2403.157 Safari/537.36"
10.0.79.68 - htl3r [26/Jan/2016:14:27:15 +0100] "GET /~dru/NWTK4/Labor/ HTTP/1.1" 200 1038 "http://netzwerktechnik.htl.rennweg.at/~dru/NWTK4/" "Mozilla/5.0 (X11; Linux x86_64) AppleWebKit/537.36 (KHTML, like Gecko) Chrome/44.0.2403.157 Safari/537.36"
10.0.79.80 - htl3r [26/Jan/2016:14:27:15 +0100] "GET /~dru/NWTK4/Labor/UE04_Firewall/UE04_Linux_Firewall.odt HTTP/1.1" 200 80281 "http://netzwerktechnik.htl.rennweg.at/~dru/NWTK4/Labor/UE04_Firewall/" "Mozilla/5.0 (X11; Linux x86_64) AppleWebKit/537.36 (KHTML, like Gecko) Chrome/44.0.2403.157 Safari/537.36"
10.0.79.68 - htl3r [26/Jan/2016:14:27:16 +0100] "GET /~dru/NWTK4/Labor/Survival_Guide_Linux_Netzwerkeinstellungen.pdf HTTP/1.1" 304 189 "http://netzwerktechnik.htl.rennweg.at/~dru/NWTK4/Labor/" "Mozilla/5.0 (X11; Linux x86_64) AppleWebKit/537.36 (KHTML, like Gecko) Chrome/44.0.2403.157 Safari/537.36"
10.0.79.68 - htl3r [26/Jan/2016:14:27:17 +0100] "GET /~dru/NWTK4/Labor/Survival_Guide_Linux_Netzwerkeinstellungen.pdf HTTP/1.1" 206 33119 "http://netzwerktechnik.htl.rennweg.at/~dru/NWTK4/Labor/Survival_Guide_Linux_Netzwerkeinstellungen.pdf" "Mozilla/5.0 (X11; Linux x86_64) AppleWebKit/537.36 (KHTML, like Gecko) Chrome/44.0.2403.157 Safari/537.36"
10.0.79.68 - htl3r [26/Jan/2016:14:27:17 +0100] "GET /~dru/NWTK4/Labor/Survival_Guide_Linux_Netzwerkeinstellungen.pdf HTTP/1.1" 206 129456 "http://netzwerktechnik.htl.rennweg.at/~dru/NWTK4/Labor/Survival_Guide_Linux_Netzwerkeinstellungen.pdf" "Mozilla/5.0 (X11; Linux x86_64) AppleWebKit/537.36 (KHTML, like Gecko) Chrome/44.0.2403.157 Safari/537.36"
10.14.26.110 - - [26/Jan/2016:14:27:55 +0100] "GET /~dru HTTP/1.1" 401 677 "http://netzwerktechnik.htl.rennweg.at/" "Mozilla/5.0 (Windows NT 6.3; WOW64) AppleWebKit/537.36 (KHTML, like Gecko) Chrome/47.0.2526.111 Safari/537.36"
10.14.26.110 - htl3r [26/Jan/2016:14:27:55 +0100] "GET /~dru HTTP/1.1" 301 585 "http://netzwerktechnik.htl.rennweg.at/" "Mozilla/5.0 (Windows NT 6.3; WOW64) AppleWebKit/537.36 (KHTML, like Gecko) Chrome/47.0.2526.111 Safari/537.36"
10.14.26.110 - htl3r [26/Jan/2016:14:27:55 +0100] "GET /~dru/ HTTP/1.1" 200 940 "http://netzwerktechnik.htl.rennweg.at/" "Mozilla/5.0 (Windows NT 6.3; WOW64) AppleWebKit/537.36 (KHTML, like Gecko) Chrome/47.0.2526.111 Safari/537.36"
10.14.26.110 - htl3r [26/Jan/2016:14:27:57 +0100] "GET /~dru/NWTK4/ HTTP/1.1" 200 857 "http://netzwerktechnik.htl.rennweg.at/~dru/" "Mozilla/5.0 (Windows NT 6.3; WOW64) AppleWebKit/537.36 (KHTML, like Gecko) Chrome/47.0.2526.111 Safari/537.36"
