10.0.79.79 - htl3r [25/Jan/2016:12:43:03 +0100] "GET /SYT-BS/3xI/ HTTP/1.1" 200 2398 "http://netzwerktechnik.htl.rennweg.at/SYT-BS/" "Mozilla/5.0 (X11; Linux x86_64) AppleWebKit/537.36 (KHTML, like Gecko) Chrome/44.0.2403.157 Safari/537.36"
10.0.79.79 - htl3r [25/Jan/2016:12:43:04 +0100] "GET /SYT-BS/3xI/Labor/ HTTP/1.1" 200 5615 "http://netzwerktechnik.htl.rennweg.at/SYT-BS/3xI/" "Mozilla/5.0 (X11; Linux x86_64) AppleWebKit/537.36 (KHTML, like Gecko) Chrome/44.0.2403.157 Safari/537.36"
10.0.79.79 - htl3r [25/Jan/2016:12:43:06 +0100] "GET /SYT-BS/3xI/Labor/UE11_Linux_Scripting-full.pdf HTTP/1.1" 200 138942 "http://netzwerktechnik.htl.rennweg.at/SYT-BS/3xI/Labor/" "Mozilla/5.0 (X11; Linux x86_64) AppleWebKit/537.36 (KHTML, like Gecko) Chrome/44.0.2403.157 Safari/537.36"
10.0.79.83 - htl3r [25/Jan/2016:12:43:06 +0100] "GET /SYT-BS/ HTTP/1.1" 200 2102 "http://netzwerktechnik.htl.rennweg.at/" "Mozilla/5.0 (X11; Ubuntu; Linux x86_64; rv:40.0) Gecko/20100101 Firefox/40.0"
10.0.79.79 - htl3r [25/Jan/2016:12:43:06 +0100] "GET /SYT-BS/3xI/Labor/UE11_Linux_Scripting-full.pdf HTTP/1.1" 206 33118 "http://netzwerktechnik.htl.rennweg.at/SYT-BS/3xI/Labor/UE11_Linux_Scripting-full.pdf" "Mozilla/5.0 (X11; Linux x86_64) AppleWebKit/537.36 (KHTML, like Gecko) Chrome/44.0.2403.157 Safari/537.36"
10.0.79.79 - htl3r [25/Jan/2016:12:43:06 +0100] "GET /SYT-BS/3xI/Labor/UE11_Linux_Scripting-full.pdf HTTP/1.1" 206 106229 "http://netzwerktechnik.htl.rennweg.at/SYT-BS/3xI/Labor/UE11_Linux_Scripting-full.pdf" "Mozilla/5.0 (X11; Linux x86_64) AppleWebKit/537.36 (KHTML, like Gecko) Chrome/44.0.2403.157 Safari/537.36"
10.0.79.83 - htl3r [25/Jan/2016:12:43:10 +0100] "GET /SYT-BS/3xI/ HTTP/1.1" 200 2397 "http://netzwerktechnik.htl.rennweg.at/SYT-BS/" "Mozilla/5.0 (X11; Ubuntu; Linux x86_64; rv:40.0) Gecko/20100101 Firefox/40.0"
10.0.79.83 - htl3r [25/Jan/2016:12:43:12 +0100] "GET /SYT-BS/3xI/Labor/ HTTP/1.1" 200 5615 "http://netzwerktechnik.htl.rennweg.at/SYT-BS/3xI/" "Mozilla/5.0 (X11; Ubuntu; Linux x86_64; rv:40.0) Gecko/20100101 Firefox/40.0"
10.0.79.83 - htl3r [25/Jan/2016:12:43:16 +0100] "GET /SYT-BS/3xI/Labor/UE11_Linux_Scripting-full.pdf HTTP/1.1" 200 138942 "http://netzwerktechnik.htl.rennweg.at/SYT-BS/3xI/Labor/" "Mozilla/5.0 (X11; Ubuntu; Linux x86_64; rv:40.0) Gecko/20100101 Firefox/40.0"
10.14.24.117 - - [25/Jan/2016:12:43:27 +0100] "GET /SYT-BS HTTP/1.1" 401 677 "http://netzwerktechnik.htl.rennweg.at/" "Mozilla/5.0 (Macintosh; Intel Mac OS X 10_11) AppleWebKit/601.1.56 (KHTML, like Gecko) Version/9.0 Safari/601.1.56"
10.14.24.117 - htl3r [25/Jan/2016:12:43:27 +0100] "GET /SYT-BS HTTP/1.1" 301 588 "http://netzwerktechnik.htl.rennweg.at/" "Mozilla/5.0 (Macintosh; Intel Mac OS X 10_11) AppleWebKit/601.1.56 (KHTML, like Gecko) Version/9.0 Safari/601.1.56"
10.14.24.117 - htl3r [25/Jan/2016:12:43:27 +0100] "GET /SYT-BS/ HTTP/1.1" 200 2101 "http://netzwerktechnik.htl.rennweg.at/" "Mozilla/5.0 (Macintosh; Intel Mac OS X 10_11) AppleWebKit/601.1.56 (KHTML, like Gecko) Version/9.0 Safari/601.1.56"
10.14.24.117 - htl3r [25/Jan/2016:12:43:27 +0100] "GET /~hor/theme/style.css HTTP/1.1" 200 1197 "http://netzwerktechnik.htl.rennweg.at/SYT-BS/" "Mozilla/5.0 (Macintosh; Intel Mac OS X 10_11) AppleWebKit/601.1.56 (KHTML, like Gecko) Version/9.0 Safari/601.1.56"
10.14.24.117 - htl3r [25/Jan/2016:12:43:27 +0100] "GET /~hor/theme/icons/folder.png HTTP/1.1" 200 687 "http://netzwerktechnik.htl.rennweg.at/SYT-BS/" "Mozilla/5.0 (Macintosh; Intel Mac OS X 10_11) AppleWebKit/601.1.56 (KHTML, like Gecko) Version/9.0 Safari/601.1.56"
10.14.24.117 - htl3r [25/Jan/2016:12:43:27 +0100] "GET /~hor/theme/icons/blank.png HTTP/1.1" 200 518 "http://netzwerktechnik.htl.rennweg.at/SYT-BS/" "Mozilla/5.0 (Macintosh; Intel Mac OS X 10_11) AppleWebKit/601.1.56 (KHTML, like Gecko) Version/9.0 Safari/601.1.56"
10.14.24.117 - htl3r [25/Jan/2016:12:43:27 +0100] "GET /~hor/theme/icons/folder-home.png HTTP/1.1" 200 910 "http://netzwerktechnik.htl.rennweg.at/SYT-BS/" "Mozilla/5.0 (Macintosh; Intel Mac OS X 10_11) AppleWebKit/601.1.56 (KHTML, like Gecko) Version/9.0 Safari/601.1.56"
10.14.24.117 - htl3r [25/Jan/2016:12:43:28 +0100] "GET /SYT-BS/3xI/ HTTP/1.1" 200 2397 "http://netzwerktechnik.htl.rennweg.at/SYT-BS/" "Mozilla/5.0 (Macintosh; Intel Mac OS X 10_11) AppleWebKit/601.1.56 (KHTML, like Gecko) Version/9.0 Safari/601.1.56"
10.14.24.117 - htl3r [25/Jan/2016:12:43:29 +0100] "GET /SYT-BS/3xI/Labor/ HTTP/1.1" 200 5615 "http://netzwerktechnik.htl.rennweg.at/SYT-BS/3xI/" "Mozilla/5.0 (Macintosh; Intel Mac OS X 10_11) AppleWebKit/601.1.56 (KHTML, like Gecko) Version/9.0 Safari/601.1.56"
10.14.24.117 - htl3r [25/Jan/2016:12:43:29 +0100] "GET /~hor/theme/icons/default.png HTTP/1.1" 200 602 "http://netzwerktechnik.htl.rennweg.at/SYT-BS/3xI/Labor/" "Mozilla/5.0 (Macintosh; Intel Mac OS X 10_11) AppleWebKit/601.1.56 (KHTML, like Gecko) Version/9.0 Safari/601.1.56"
10.14.24.117 - htl3r [25/Jan/2016:12:43:29 +0100] "GET /~hor/theme/icons/pdf.png HTTP/1.1" 200 1090 "http://netzwerktechnik.htl.rennweg.at/SYT-BS/3xI/Labor/" "Mozilla/5.0 (Macintosh; Intel Mac OS X 10_11) AppleWebKit/601.1.56 (KHTML, like Gecko) Version/9.0 Safari/601.1.56"
10.14.24.117 - htl3r [25/Jan/2016:12:43:34 +0100] "GET /SYT-BS/3xI/Labor/Vorlage/ HTTP/1.1" 200 2496 "http://netzwerktechnik.htl.rennweg.at/SYT-BS/3xI/Labor/" "Mozilla/5.0 (Macintosh; Intel Mac OS X 10_11) AppleWebKit/601.1.56 (KHTML, like Gecko) Version/9.0 Safari/601.1.56"
10.14.24.117 - - [25/Jan/2016:12:43:34 +0100] "GET /icons/odf6ott-20x22.png HTTP/1.1" 200 1314 "http://netzwerktechnik.htl.rennweg.at/SYT-BS/3xI/Labor/Vorlage/" "Mozilla/5.0 (Macintosh; Intel Mac OS X 10_11) AppleWebKit/601.1.56 (KHTML, like Gecko) Version/9.0 Safari/601.1.56"
10.14.24.117 - htl3r [25/Jan/2016:12:43:37 +0100] "GET /SYT-BS/3xI/Labor/ HTTP/1.1" 200 5615 "http://netzwerktechnik.htl.rennweg.at/SYT-BS/3xI/Labor/Vorlage/" "Mozilla/5.0 (Macintosh; Intel Mac OS X 10_11) AppleWebKit/601.1.56 (KHTML, like Gecko) Version/9.0 Safari/601.1.56"
10.14.24.117 - htl3r [25/Jan/2016:12:43:39 +0100] "GET /SYT-BS/3xI/Labor/UE11_Linux_Scripting-full.pdf HTTP/1.1" 200 138942 "http://netzwerktechnik.htl.rennweg.at/SYT-BS/3xI/Labor/" "Mozilla/5.0 (Macintosh; Intel Mac OS X 10_11) AppleWebKit/601.1.56 (KHTML, like Gecko) Version/9.0 Safari/601.1.56"
10.14.24.117 - - [25/Jan/2016:12:43:48 +0100] "GET / HTTP/1.1" 200 854 "-" "Mozilla/5.0 (Macintosh; Intel Mac OS X 10.11; rv:41.0) Gecko/20100101 Firefox/41.0"
10.14.24.117 - - [25/Jan/2016:12:43:48 +0100] "GET /img/htl.png HTTP/1.1" 200 19214 "http://netzwerktechnik.htl.rennweg.at/" "Mozilla/5.0 (Macintosh; Intel Mac OS X 10.11; rv:41.0) Gecko/20100101 Firefox/41.0"
10.14.24.117 - - [25/Jan/2016:12:43:48 +0100] "GET /favicon.ico HTTP/1.1" 200 720 "-" "Mozilla/5.0 (Macintosh; Intel Mac OS X 10.11; rv:41.0) Gecko/20100101 Firefox/41.0"
10.14.24.117 - - [25/Jan/2016:12:43:55 +0100] "GET /SYT-BS HTTP/1.1" 401 677 "http://netzwerktechnik.htl.rennweg.at/" "Mozilla/5.0 (Macintosh; Intel Mac OS X 10.11; rv:41.0) Gecko/20100101 Firefox/41.0"
10.14.24.117 - htl3r [25/Jan/2016:12:44:00 +0100] "GET /SYT-BS HTTP/1.1" 301 588 "http://netzwerktechnik.htl.rennweg.at/" "Mozilla/5.0 (Macintosh; Intel Mac OS X 10.11; rv:41.0) Gecko/20100101 Firefox/41.0"
10.14.24.117 - htl3r [25/Jan/2016:12:44:00 +0100] "GET /SYT-BS/ HTTP/1.1" 200 2101 "http://netzwerktechnik.htl.rennweg.at/" "Mozilla/5.0 (Macintosh; Intel Mac OS X 10.11; rv:41.0) Gecko/20100101 Firefox/41.0"
10.14.24.117 - htl3r [25/Jan/2016:12:44:00 +0100] "GET /~hor/theme/style.css HTTP/1.1" 200 1197 "http://netzwerktechnik.htl.rennweg.at/SYT-BS/" "Mozilla/5.0 (Macintosh; Intel Mac OS X 10.11; rv:41.0) Gecko/20100101 Firefox/41.0"
10.14.24.117 - htl3r [25/Jan/2016:12:44:00 +0100] "GET /~hor/theme/icons/blank.png HTTP/1.1" 200 518 "http://netzwerktechnik.htl.rennweg.at/SYT-BS/" "Mozilla/5.0 (Macintosh; Intel Mac OS X 10.11; rv:41.0) Gecko/20100101 Firefox/41.0"
10.14.24.117 - htl3r [25/Jan/2016:12:44:00 +0100] "GET /~hor/theme/icons/folder-home.png HTTP/1.1" 200 909 "http://netzwerktechnik.htl.rennweg.at/SYT-BS/" "Mozilla/5.0 (Macintosh; Intel Mac OS X 10.11; rv:41.0) Gecko/20100101 Firefox/41.0"
10.14.24.117 - htl3r [25/Jan/2016:12:44:00 +0100] "GET /~hor/theme/icons/folder.png HTTP/1.1" 200 687 "http://netzwerktechnik.htl.rennweg.at/SYT-BS/" "Mozilla/5.0 (Macintosh; Intel Mac OS X 10.11; rv:41.0) Gecko/20100101 Firefox/41.0"
10.14.24.117 - htl3r [25/Jan/2016:12:44:02 +0100] "GET /SYT-BS/3xI/ HTTP/1.1" 200 2397 "http://netzwerktechnik.htl.rennweg.at/SYT-BS/" "Mozilla/5.0 (Macintosh; Intel Mac OS X 10.11; rv:41.0) Gecko/20100101 Firefox/41.0"
10.14.24.117 - htl3r [25/Jan/2016:12:44:03 +0100] "GET /SYT-BS/3xI/Labor/ HTTP/1.1" 200 5615 "http://netzwerktechnik.htl.rennweg.at/SYT-BS/3xI/" "Mozilla/5.0 (Macintosh; Intel Mac OS X 10.11; rv:41.0) Gecko/20100101 Firefox/41.0"
10.14.24.117 - htl3r [25/Jan/2016:12:44:03 +0100] "GET /~hor/theme/icons/default.png HTTP/1.1" 200 602 "http://netzwerktechnik.htl.rennweg.at/SYT-BS/3xI/Labor/" "Mozilla/5.0 (Macintosh; Intel Mac OS X 10.11; rv:41.0) Gecko/20100101 Firefox/41.0"
10.14.24.117 - htl3r [25/Jan/2016:12:44:03 +0100] "GET /~hor/theme/icons/pdf.png HTTP/1.1" 200 1090 "http://netzwerktechnik.htl.rennweg.at/SYT-BS/3xI/Labor/" "Mozilla/5.0 (Macintosh; Intel Mac OS X 10.11; rv:41.0) Gecko/20100101 Firefox/41.0"
10.14.25.181 - htl3r [25/Jan/2016:12:44:23 +0100] "GET /%7Ehor/theme/icons/folder.png HTTP/1.1" 200 687 "http://moodle.htl.rennweg.at/alt/course/view.php?id=603" "Mozilla/5.0 (Windows NT 10.0; WOW64; rv:43.0) Gecko/20100101 Firefox/43.0"
10.14.24.117 - htl3r [25/Jan/2016:12:44:28 +0100] "GET /SYT-BS/3xI/Labor/Vorlage/ HTTP/1.1" 200 2497 "http://netzwerktechnik.htl.rennweg.at/SYT-BS/3xI/Labor/" "Mozilla/5.0 (Macintosh; Intel Mac OS X 10.11; rv:41.0) Gecko/20100101 Firefox/41.0"
10.14.24.117 - - [25/Jan/2016:12:44:28 +0100] "GET /icons/odf6ott-20x22.png HTTP/1.1" 200 1314 "http://netzwerktechnik.htl.rennweg.at/SYT-BS/3xI/Labor/Vorlage/" "Mozilla/5.0 (Macintosh; Intel Mac OS X 10.11; rv:41.0) Gecko/20100101 Firefox/41.0"
10.14.24.117 - htl3r [25/Jan/2016:12:44:39 +0100] "GET /SYT-BS/3xI/Labor/Vorlage/UExx_Protokollvorlage.ott HTTP/1.1" 200 67108 "http://netzwerktechnik.htl.rennweg.at/SYT-BS/3xI/Labor/Vorlage/" "Mozilla/5.0 (Macintosh; Intel Mac OS X 10.11; rv:41.0) Gecko/20100101 Firefox/41.0"
40.77.167.22 - - [25/Jan/2016:12:45:07 +0100] "GET /~prt HTTP/1.1" 401 677 "-" "Mozilla/5.0 (compatible; bingbot/2.0; +http://www.bing.com/bingbot.htm)"
10.0.0.114 - htl3r [25/Jan/2016:12:45:18 +0100] "GET /SYT-BS/3xI/Labor/Vorlage/ HTTP/1.1" 200 2497 "http://netzwerktechnik.htl.rennweg.at/SYT-BS/3xI/Labor/" "Mozilla/5.0 (X11; Ubuntu; Linux x86_64; rv:40.0) Gecko/20100101 Firefox/40.0"
10.0.0.114 - htl3r [25/Jan/2016:12:45:22 +0100] "GET /SYT-BS/3xI/Labor/Vorlage/UExx_Protokollvorlage.ott HTTP/1.1" 200 67107 "http://netzwerktechnik.htl.rennweg.at/SYT-BS/3xI/Labor/Vorlage/" "Mozilla/5.0 (X11; Ubuntu; Linux x86_64; rv:40.0) Gecko/20100101 Firefox/40.0"
10.0.0.114 - htl3r [25/Jan/2016:12:45:27 +0100] "GET /SYT-BS/3xI/Labor/Vorlage/UExx_Protokollvorlage.ott HTTP/1.1" 200 67108 "http://netzwerktechnik.htl.rennweg.at/SYT-BS/3xI/Labor/Vorlage/" "Mozilla/5.0 (X11; Ubuntu; Linux x86_64; rv:40.0) Gecko/20100101 Firefox/40.0"
10.14.24.117 - htl3r [25/Jan/2016:12:45:50 +0100] "GET /SYT-BS/3xI/Labor/ HTTP/1.1" 200 5616 "http://netzwerktechnik.htl.rennweg.at/SYT-BS/3xI/Labor/Vorlage/" "Mozilla/5.0 (Macintosh; Intel Mac OS X 10.11; rv:41.0) Gecko/20100101 Firefox/41.0"
10.14.24.117 - htl3r [25/Jan/2016:12:45:52 +0100] "GET /SYT-BS/3xI/Labor/UE11_Linux_Scripting-full.pdf HTTP/1.1" 200 138942 "http://netzwerktechnik.htl.rennweg.at/SYT-BS/3xI/Labor/" "Mozilla/5.0 (Macintosh; Intel Mac OS X 10.11; rv:41.0) Gecko/20100101 Firefox/41.0"
10.14.25.213 - - [25/Jan/2016:12:45:53 +0100] "GET /~hor/ HTTP/1.1" 401 677 "-" "Mozilla/5.0 (Macintosh; Intel Mac OS X 10_11_2) AppleWebKit/537.36 (KHTML, like Gecko) Chrome/47.0.2526.111 Safari/537.36"
10.14.25.213 - - [25/Jan/2016:12:45:54 +0100] "GET /~hor/ HTTP/1.1" 401 676 "-" "Mozilla/5.0 (Macintosh; Intel Mac OS X 10_11_2) AppleWebKit/537.36 (KHTML, like Gecko) Chrome/47.0.2526.111 Safari/537.36"
10.14.25.213 - - [25/Jan/2016:12:45:54 +0100] "GET /~hor/ HTTP/1.1" 401 676 "-" "Mozilla/5.0 (Macintosh; Intel Mac OS X 10_11_2) AppleWebKit/537.36 (KHTML, like Gecko) Chrome/47.0.2526.111 Safari/537.36"
10.14.25.213 - htl3r [25/Jan/2016:12:45:56 +0100] "GET /~hor/ HTTP/1.1" 200 3198 "-" "Mozilla/5.0 (Macintosh; Intel Mac OS X 10_11_2) AppleWebKit/537.36 (KHTML, like Gecko) Chrome/47.0.2526.111 Safari/537.36"
10.14.25.213 - htl3r [25/Jan/2016:12:45:56 +0100] "GET /~hor/theme/style.css HTTP/1.1" 200 1197 "http://netzwerktechnik.htl.rennweg.at/~hor/" "Mozilla/5.0 (Macintosh; Intel Mac OS X 10_11_2) AppleWebKit/537.36 (KHTML, like Gecko) Chrome/47.0.2526.111 Safari/537.36"
10.14.25.213 - htl3r [25/Jan/2016:12:45:56 +0100] "GET /~hor/theme/icons/blank.png HTTP/1.1" 200 517 "http://netzwerktechnik.htl.rennweg.at/~hor/" "Mozilla/5.0 (Macintosh; Intel Mac OS X 10_11_2) AppleWebKit/537.36 (KHTML, like Gecko) Chrome/47.0.2526.111 Safari/537.36"
10.14.25.213 - htl3r [25/Jan/2016:12:45:56 +0100] "GET /~hor/theme/icons/folder-home.png HTTP/1.1" 200 909 "http://netzwerktechnik.htl.rennweg.at/~hor/" "Mozilla/5.0 (Macintosh; Intel Mac OS X 10_11_2) AppleWebKit/537.36 (KHTML, like Gecko) Chrome/47.0.2526.111 Safari/537.36"
10.14.25.213 - htl3r [25/Jan/2016:12:45:56 +0100] "GET /~hor/theme/icons/folder.png HTTP/1.1" 200 686 "http://netzwerktechnik.htl.rennweg.at/~hor/" "Mozilla/5.0 (Macintosh; Intel Mac OS X 10_11_2) AppleWebKit/537.36 (KHTML, like Gecko) Chrome/47.0.2526.111 Safari/537.36"
10.14.25.213 - - [25/Jan/2016:12:45:58 +0100] "GET / HTTP/1.1" 200 853 "http://netzwerktechnik.htl.rennweg.at/~hor/" "Mozilla/5.0 (Macintosh; Intel Mac OS X 10_11_2) AppleWebKit/537.36 (KHTML, like Gecko) Chrome/47.0.2526.111 Safari/537.36"
10.14.25.213 - - [25/Jan/2016:12:45:58 +0100] "GET /img/htl.png HTTP/1.1" 200 19214 "http://netzwerktechnik.htl.rennweg.at/" "Mozilla/5.0 (Macintosh; Intel Mac OS X 10_11_2) AppleWebKit/537.36 (KHTML, like Gecko) Chrome/47.0.2526.111 Safari/537.36"
10.14.25.213 - - [25/Jan/2016:12:45:59 +0100] "GET /SYT-BS HTTP/1.1" 401 676 "http://netzwerktechnik.htl.rennweg.at/" "Mozilla/5.0 (Macintosh; Intel Mac OS X 10_11_2) AppleWebKit/537.36 (KHTML, like Gecko) Chrome/47.0.2526.111 Safari/537.36"
10.14.25.213 - htl3r [25/Jan/2016:12:45:59 +0100] "GET /SYT-BS HTTP/1.1" 301 588 "http://netzwerktechnik.htl.rennweg.at/" "Mozilla/5.0 (Macintosh; Intel Mac OS X 10_11_2) AppleWebKit/537.36 (KHTML, like Gecko) Chrome/47.0.2526.111 Safari/537.36"
10.14.25.213 - htl3r [25/Jan/2016:12:45:59 +0100] "GET /SYT-BS/ HTTP/1.1" 200 2101 "http://netzwerktechnik.htl.rennweg.at/" "Mozilla/5.0 (Macintosh; Intel Mac OS X 10_11_2) AppleWebKit/537.36 (KHTML, like Gecko) Chrome/47.0.2526.111 Safari/537.36"
10.14.25.213 - htl3r [25/Jan/2016:12:46:01 +0100] "GET /SYT-BS/3xI/ HTTP/1.1" 200 2397 "http://netzwerktechnik.htl.rennweg.at/SYT-BS/" "Mozilla/5.0 (Macintosh; Intel Mac OS X 10_11_2) AppleWebKit/537.36 (KHTML, like Gecko) Chrome/47.0.2526.111 Safari/537.36"
10.14.25.213 - htl3r [25/Jan/2016:12:46:03 +0100] "GET /SYT-BS/3xI/Handouts/ HTTP/1.1" 200 1724 "http://netzwerktechnik.htl.rennweg.at/SYT-BS/3xI/" "Mozilla/5.0 (Macintosh; Intel Mac OS X 10_11_2) AppleWebKit/537.36 (KHTML, like Gecko) Chrome/47.0.2526.111 Safari/537.36"
10.14.25.213 - htl3r [25/Jan/2016:12:46:04 +0100] "GET /SYT-BS/3xI/ HTTP/1.1" 200 2397 "http://netzwerktechnik.htl.rennweg.at/SYT-BS/3xI/Handouts/" "Mozilla/5.0 (Macintosh; Intel Mac OS X 10_11_2) AppleWebKit/537.36 (KHTML, like Gecko) Chrome/47.0.2526.111 Safari/537.36"
10.14.25.213 - htl3r [25/Jan/2016:12:46:05 +0100] "GET /SYT-BS/3xI/Leistungsbeurteilung/ HTTP/1.1" 200 2078 "http://netzwerktechnik.htl.rennweg.at/SYT-BS/3xI/" "Mozilla/5.0 (Macintosh; Intel Mac OS X 10_11_2) AppleWebKit/537.36 (KHTML, like Gecko) Chrome/47.0.2526.111 Safari/537.36"
10.14.25.213 - htl3r [25/Jan/2016:12:46:05 +0100] "GET /~hor/theme/icons/pdf.png HTTP/1.1" 200 1090 "http://netzwerktechnik.htl.rennweg.at/SYT-BS/3xI/Leistungsbeurteilung/" "Mozilla/5.0 (Macintosh; Intel Mac OS X 10_11_2) AppleWebKit/537.36 (KHTML, like Gecko) Chrome/47.0.2526.111 Safari/537.36"
10.14.25.213 - htl3r [25/Jan/2016:12:46:06 +0100] "GET /SYT-BS/3xI/ HTTP/1.1" 200 2397 "http://netzwerktechnik.htl.rennweg.at/SYT-BS/3xI/Leistungsbeurteilung/" "Mozilla/5.0 (Macintosh; Intel Mac OS X 10_11_2) AppleWebKit/537.36 (KHTML, like Gecko) Chrome/47.0.2526.111 Safari/537.36"
10.14.25.213 - htl3r [25/Jan/2016:12:46:07 +0100] "GET /SYT-BS/3xI/Labor/ HTTP/1.1" 200 5615 "http://netzwerktechnik.htl.rennweg.at/SYT-BS/3xI/" "Mozilla/5.0 (Macintosh; Intel Mac OS X 10_11_2) AppleWebKit/537.36 (KHTML, like Gecko) Chrome/47.0.2526.111 Safari/537.36"
10.14.25.213 - htl3r [25/Jan/2016:12:46:07 +0100] "GET /~hor/theme/icons/default.png HTTP/1.1" 200 602 "http://netzwerktechnik.htl.rennweg.at/SYT-BS/3xI/Labor/" "Mozilla/5.0 (Macintosh; Intel Mac OS X 10_11_2) AppleWebKit/537.36 (KHTML, like Gecko) Chrome/47.0.2526.111 Safari/537.36"
10.14.25.213 - htl3r [25/Jan/2016:12:46:10 +0100] "GET /SYT-BS/3xI/Labor/UE11_Linux_Scripting-full.pdf HTTP/1.1" 200 138942 "http://netzwerktechnik.htl.rennweg.at/SYT-BS/3xI/Labor/" "Mozilla/5.0 (Macintosh; Intel Mac OS X 10_11_2) AppleWebKit/537.36 (KHTML, like Gecko) Chrome/47.0.2526.111 Safari/537.36"
10.14.25.213 - htl3r [25/Jan/2016:12:46:11 +0100] "GET /SYT-BS/3xI/Labor/UE11_Linux_Scripting-full.pdf HTTP/1.1" 206 33118 "http://netzwerktechnik.htl.rennweg.at/SYT-BS/3xI/Labor/UE11_Linux_Scripting-full.pdf" "Mozilla/5.0 (Macintosh; Intel Mac OS X 10_11_2) AppleWebKit/537.36 (KHTML, like Gecko) Chrome/47.0.2526.111 Safari/537.36"
10.14.25.213 - htl3r [25/Jan/2016:12:46:11 +0100] "GET /SYT-BS/3xI/Labor/UE11_Linux_Scripting-full.pdf HTTP/1.1" 206 106229 "http://netzwerktechnik.htl.rennweg.at/SYT-BS/3xI/Labor/UE11_Linux_Scripting-full.pdf" "Mozilla/5.0 (Macintosh; Intel Mac OS X 10_11_2) AppleWebKit/537.36 (KHTML, like Gecko) Chrome/47.0.2526.111 Safari/537.36"
10.14.25.213 - - [25/Jan/2016:12:46:47 +0100] "GET /SYT-BS/3xI/Labor/UE11_Linux_Scripting-full.pdf HTTP/1.1" 401 677 "-" "Mozilla/5.0 (Macintosh; Intel Mac OS X 10.11; rv:40.0) Gecko/20100101 Firefox/40.0"
10.14.25.213 - htl3r [25/Jan/2016:12:46:49 +0100] "GET /SYT-BS/3xI/Labor/UE11_Linux_Scripting-full.pdf HTTP/1.1" 200 138942 "-" "Mozilla/5.0 (Macintosh; Intel Mac OS X 10.11; rv:40.0) Gecko/20100101 Firefox/40.0"
10.14.25.213 - - [25/Jan/2016:12:46:49 +0100] "GET /favicon.ico HTTP/1.1" 200 720 "-" "Mozilla/5.0 (Macintosh; Intel Mac OS X 10.11; rv:40.0) Gecko/20100101 Firefox/40.0"
10.14.16.198 - htl3r [25/Jan/2016:12:47:10 +0100] "GET /SYT-BS/ HTTP/1.1" 200 2102 "http://netzwerktechnik.htl.rennweg.at/" "Mozilla/5.0 (Windows NT 10.0; WOW64; rv:43.0) Gecko/20100101 Firefox/43.0"
10.14.16.198 - htl3r [25/Jan/2016:12:47:12 +0100] "GET /SYT-BS/3xI/ HTTP/1.1" 200 2397 "http://netzwerktechnik.htl.rennweg.at/SYT-BS/" "Mozilla/5.0 (Windows NT 10.0; WOW64; rv:43.0) Gecko/20100101 Firefox/43.0"
10.14.16.198 - htl3r [25/Jan/2016:12:47:13 +0100] "GET /SYT-BS/3xI/Labor/ HTTP/1.1" 200 5615 "http://netzwerktechnik.htl.rennweg.at/SYT-BS/3xI/" "Mozilla/5.0 (Windows NT 10.0; WOW64; rv:43.0) Gecko/20100101 Firefox/43.0"
40.77.167.11 - - [25/Jan/2016:12:48:08 +0100] "GET /~zai HTTP/1.1" 401 677 "-" "Mozilla/5.0 (compatible; bingbot/2.0; +http://www.bing.com/bingbot.htm)"
213.208.148.212 - htl3r [25/Jan/2016:12:49:07 +0100] "GET /~dru/NWTK5/Handouts/02%20-%20Network%20Management%20ABCs.pdf HTTP/1.1" 200 130985 "http://netzwerktechnik.htl.rennweg.at/~dru/NWTK5/Handouts/" "Mozilla/5.0 (Windows NT 10.0; WOW64) AppleWebKit/537.36 (KHTML, like Gecko) Chrome/47.0.2526.111 Safari/537.36"
10.2.59.41 - - [25/Jan/2016:12:49:21 +0100] "GET / HTTP/1.1" 304 210 "-" "Mozilla/5.0 (Windows NT 10.0; WOW64) AppleWebKit/537.36 (KHTML, like Gecko) Chrome/47.0.2526.111 Safari/537.36"
10.2.59.41 - - [25/Jan/2016:12:49:22 +0100] "GET /favicon.ico HTTP/1.1" 200 720 "http://netzwerktechnik.htl.rennweg.at/" "Mozilla/5.0 (Windows NT 10.0; WOW64) AppleWebKit/537.36 (KHTML, like Gecko) Chrome/47.0.2526.111 Safari/537.36"
10.2.59.41 - - [25/Jan/2016:12:49:25 +0100] "GET /~dru HTTP/1.1" 401 676 "http://netzwerktechnik.htl.rennweg.at/" "Mozilla/5.0 (Windows NT 10.0; WOW64) AppleWebKit/537.36 (KHTML, like Gecko) Chrome/47.0.2526.111 Safari/537.36"
10.2.59.41 - htl3r [25/Jan/2016:12:49:26 +0100] "GET /~dru HTTP/1.1" 301 585 "http://netzwerktechnik.htl.rennweg.at/" "Mozilla/5.0 (Windows NT 10.0; WOW64) AppleWebKit/537.36 (KHTML, like Gecko) Chrome/47.0.2526.111 Safari/537.36"
10.2.59.41 - htl3r [25/Jan/2016:12:49:26 +0100] "GET /~dru/ HTTP/1.1" 200 940 "http://netzwerktechnik.htl.rennweg.at/" "Mozilla/5.0 (Windows NT 10.0; WOW64) AppleWebKit/537.36 (KHTML, like Gecko) Chrome/47.0.2526.111 Safari/537.36"
10.2.59.41 - htl3r [25/Jan/2016:12:49:27 +0100] "GET /~dru/styles/dirlisting.css HTTP/1.1" 200 805 "http://netzwerktechnik.htl.rennweg.at/~dru/" "Mozilla/5.0 (Windows NT 10.0; WOW64) AppleWebKit/537.36 (KHTML, like Gecko) Chrome/47.0.2526.111 Safari/537.36"
10.2.59.41 - htl3r [25/Jan/2016:12:49:27 +0100] "GET /~dru/images/folder_yellow.png HTTP/1.1" 200 927 "http://netzwerktechnik.htl.rennweg.at/~dru/" "Mozilla/5.0 (Windows NT 10.0; WOW64) AppleWebKit/537.36 (KHTML, like Gecko) Chrome/47.0.2526.111 Safari/537.36"
10.2.59.41 - htl3r [25/Jan/2016:12:49:27 +0100] "GET /~dru/images/logo_htl3r.gif HTTP/1.1" 200 6076 "http://netzwerktechnik.htl.rennweg.at/~dru/styles/dirlisting.css" "Mozilla/5.0 (Windows NT 10.0; WOW64) AppleWebKit/537.36 (KHTML, like Gecko) Chrome/47.0.2526.111 Safari/537.36"
10.14.25.170 - - [25/Jan/2016:12:49:28 +0100] "GET / HTTP/1.1" 200 854 "-" "Mozilla/5.0 (Windows NT 10.0; WOW64; rv:43.0) Gecko/20100101 Firefox/43.0"
10.14.25.170 - - [25/Jan/2016:12:49:28 +0100] "GET /img/htl.png HTTP/1.1" 200 19214 "http://netzwerktechnik.htl.rennweg.at/" "Mozilla/5.0 (Windows NT 10.0; WOW64; rv:43.0) Gecko/20100101 Firefox/43.0"
10.2.59.41 - htl3r [25/Jan/2016:12:49:29 +0100] "GET /~dru/NWTK5/ HTTP/1.1" 200 851 "http://netzwerktechnik.htl.rennweg.at/~dru/" "Mozilla/5.0 (Windows NT 10.0; WOW64) AppleWebKit/537.36 (KHTML, like Gecko) Chrome/47.0.2526.111 Safari/537.36"
10.2.59.41 - htl3r [25/Jan/2016:12:49:29 +0100] "GET /~dru/images/1uparrow.png HTTP/1.1" 200 861 "http://netzwerktechnik.htl.rennweg.at/~dru/NWTK5/" "Mozilla/5.0 (Windows NT 10.0; WOW64) AppleWebKit/537.36 (KHTML, like Gecko) Chrome/47.0.2526.111 Safari/537.36"
10.2.59.41 - htl3r [25/Jan/2016:12:49:30 +0100] "GET /~dru/NWTK5/Labor/ HTTP/1.1" 200 1005 "http://netzwerktechnik.htl.rennweg.at/~dru/NWTK5/" "Mozilla/5.0 (Windows NT 10.0; WOW64) AppleWebKit/537.36 (KHTML, like Gecko) Chrome/47.0.2526.111 Safari/537.36"
10.14.25.170 - - [25/Jan/2016:12:49:31 +0100] "GET /~dru HTTP/1.1" 401 676 "http://netzwerktechnik.htl.rennweg.at/" "Mozilla/5.0 (Windows NT 10.0; WOW64; rv:43.0) Gecko/20100101 Firefox/43.0"
213.208.148.212 - - [25/Jan/2016:12:49:32 +0100] "GET /favicon.ico HTTP/1.1" 200 721 "-" "Mozilla/5.0 (Windows NT 6.3; WOW64; rv:43.0) Gecko/20100101 Firefox/43.0"
213.208.148.212 - - [25/Jan/2016:12:49:33 +0100] "GET / HTTP/1.1" 200 853 "-" "Mozilla/5.0 (Windows NT 6.3; WOW64; rv:43.0) Gecko/20100101 Firefox/43.0"
213.208.148.212 - - [25/Jan/2016:12:49:34 +0100] "GET /img/htl.png HTTP/1.1" 200 19214 "http://netzwerktechnik.htl.rennweg.at/" "Mozilla/5.0 (Windows NT 6.3; WOW64; rv:43.0) Gecko/20100101 Firefox/43.0"
10.2.59.41 - htl3r [25/Jan/2016:12:49:34 +0100] "GET /~dru/NWTK5/ HTTP/1.1" 200 851 "http://netzwerktechnik.htl.rennweg.at/~dru/NWTK5/Labor/" "Mozilla/5.0 (Windows NT 10.0; WOW64) AppleWebKit/537.36 (KHTML, like Gecko) Chrome/47.0.2526.111 Safari/537.36"
10.14.25.170 - htl3r [25/Jan/2016:12:49:34 +0100] "GET /~dru HTTP/1.1" 301 585 "http://netzwerktechnik.htl.rennweg.at/" "Mozilla/5.0 (Windows NT 10.0; WOW64; rv:43.0) Gecko/20100101 Firefox/43.0"
10.14.25.170 - htl3r [25/Jan/2016:12:49:34 +0100] "GET /~dru/ HTTP/1.1" 200 940 "http://netzwerktechnik.htl.rennweg.at/" "Mozilla/5.0 (Windows NT 10.0; WOW64; rv:43.0) Gecko/20100101 Firefox/43.0"
10.14.25.170 - htl3r [25/Jan/2016:12:49:34 +0100] "GET /~dru/styles/dirlisting.css HTTP/1.1" 200 805 "http://netzwerktechnik.htl.rennweg.at/~dru/" "Mozilla/5.0 (Windows NT 10.0; WOW64; rv:43.0) Gecko/20100101 Firefox/43.0"
10.14.25.170 - htl3r [25/Jan/2016:12:49:35 +0100] "GET /~dru/images/folder_yellow.png HTTP/1.1" 200 927 "http://netzwerktechnik.htl.rennweg.at/~dru/" "Mozilla/5.0 (Windows NT 10.0; WOW64; rv:43.0) Gecko/20100101 Firefox/43.0"
10.14.25.170 - htl3r [25/Jan/2016:12:49:35 +0100] "GET /~dru/images/logo_htl3r.gif HTTP/1.1" 200 6076 "http://netzwerktechnik.htl.rennweg.at/~dru/styles/dirlisting.css" "Mozilla/5.0 (Windows NT 10.0; WOW64; rv:43.0) Gecko/20100101 Firefox/43.0"
10.2.59.41 - htl3r [25/Jan/2016:12:49:35 +0100] "GET /~dru/NWTK5/Handouts/ HTTP/1.1" 200 912 "http://netzwerktechnik.htl.rennweg.at/~dru/NWTK5/" "Mozilla/5.0 (Windows NT 10.0; WOW64) AppleWebKit/537.36 (KHTML, like Gecko) Chrome/47.0.2526.111 Safari/537.36"
10.2.59.45 - - [25/Jan/2016:12:49:37 +0100] "GET / HTTP/1.1" 200 854 "-" "Mozilla/5.0 (Windows NT 6.1; Win64; x64) AppleWebKit/537.36 (KHTML, like Gecko) Chrome/47.0.2526.111 Safari/537.36"
10.2.59.45 - - [25/Jan/2016:12:49:37 +0100] "GET /img/htl.png HTTP/1.1" 200 19214 "http://netzwerktechnik.htl.rennweg.at/" "Mozilla/5.0 (Windows NT 6.1; Win64; x64) AppleWebKit/537.36 (KHTML, like Gecko) Chrome/47.0.2526.111 Safari/537.36"
10.2.59.41 - htl3r [25/Jan/2016:12:49:37 +0100] "GET /~dru/NWTK5/Handouts/02%20-%20Network%20Management%20ABCs.pdf HTTP/1.1" 200 130984 "http://netzwerktechnik.htl.rennweg.at/~dru/NWTK5/Handouts/" "Mozilla/5.0 (Windows NT 10.0; WOW64) AppleWebKit/537.36 (KHTML, like Gecko) Chrome/47.0.2526.111 Safari/537.36"
10.2.59.45 - - [25/Jan/2016:12:49:37 +0100] "GET /favicon.ico HTTP/1.1" 200 720 "http://netzwerktechnik.htl.rennweg.at/" "Mozilla/5.0 (Windows NT 6.1; Win64; x64) AppleWebKit/537.36 (KHTML, like Gecko) Chrome/47.0.2526.111 Safari/537.36"
10.14.24.80 - - [25/Jan/2016:12:49:46 +0100] "GET /favicon.ico HTTP/1.1" 200 721 "-" "Mozilla/5.0 (Windows NT 10.0; WOW64; rv:43.0) Gecko/20100101 Firefox/43.0"
10.14.24.80 - - [25/Jan/2016:12:49:47 +0100] "GET / HTTP/1.1" 200 853 "-" "Mozilla/5.0 (Windows NT 10.0; WOW64; rv:43.0) Gecko/20100101 Firefox/43.0"
10.14.24.80 - - [25/Jan/2016:12:49:47 +0100] "GET /img/htl.png HTTP/1.1" 200 19214 "http://netzwerktechnik.htl.rennweg.at/" "Mozilla/5.0 (Windows NT 10.0; WOW64; rv:43.0) Gecko/20100101 Firefox/43.0"
10.2.59.45 - - [25/Jan/2016:12:49:47 +0100] "GET /~dru HTTP/1.1" 401 677 "http://netzwerktechnik.htl.rennweg.at/" "Mozilla/5.0 (Windows NT 6.1; Win64; x64) AppleWebKit/537.36 (KHTML, like Gecko) Chrome/47.0.2526.111 Safari/537.36"
10.2.59.45 - - [25/Jan/2016:12:49:47 +0100] "GET /favicon.ico HTTP/1.1" 200 721 "-" "Mozilla/5.0 (Windows NT 6.1; Win64; x64) AppleWebKit/537.36 (KHTML, like Gecko) Chrome/47.0.2526.111 Safari/537.36"
213.208.148.212 - - [25/Jan/2016:12:49:49 +0100] "GET /~dru HTTP/1.1" 401 677 "http://netzwerktechnik.htl.rennweg.at/" "Mozilla/5.0 (Windows NT 6.3; WOW64; rv:43.0) Gecko/20100101 Firefox/43.0"
104.131.93.124 - - [25/Jan/2016:12:49:49 +0100] "GET /favicon.ico HTTP/1.1" 200 721 "-" "Mozilla/5.0 (Windows NT 6.1; Win64; x64) AppleWebKit/537.36 (KHTML, like Gecko) Chrome/47.0.2526.111 Safari/537.36"
10.14.24.80 - - [25/Jan/2016:12:49:49 +0100] "GET /~dru HTTP/1.1" 401 676 "http://netzwerktechnik.htl.rennweg.at/" "Mozilla/5.0 (Windows NT 10.0; WOW64; rv:43.0) Gecko/20100101 Firefox/43.0"
213.208.148.212 - htl3r [25/Jan/2016:12:49:50 +0100] "GET /~dru HTTP/1.1" 301 585 "http://netzwerktechnik.htl.rennweg.at/" "Mozilla/5.0 (Windows NT 6.3; WOW64; rv:43.0) Gecko/20100101 Firefox/43.0"
213.208.148.212 - htl3r [25/Jan/2016:12:49:50 +0100] "GET /~dru/ HTTP/1.1" 200 940 "http://netzwerktechnik.htl.rennweg.at/" "Mozilla/5.0 (Windows NT 6.3; WOW64; rv:43.0) Gecko/20100101 Firefox/43.0"
213.208.148.212 - htl3r [25/Jan/2016:12:49:50 +0100] "GET /~dru/styles/dirlisting.css HTTP/1.1" 200 805 "http://netzwerktechnik.htl.rennweg.at/~dru/" "Mozilla/5.0 (Windows NT 6.3; WOW64; rv:43.0) Gecko/20100101 Firefox/43.0"
213.208.148.212 - htl3r [25/Jan/2016:12:49:50 +0100] "GET /~dru/images/folder_yellow.png HTTP/1.1" 200 928 "http://netzwerktechnik.htl.rennweg.at/~dru/" "Mozilla/5.0 (Windows NT 6.3; WOW64; rv:43.0) Gecko/20100101 Firefox/43.0"
213.208.148.212 - htl3r [25/Jan/2016:12:49:50 +0100] "GET /~dru/images/logo_htl3r.gif HTTP/1.1" 200 6076 "http://netzwerktechnik.htl.rennweg.at/~dru/styles/dirlisting.css" "Mozilla/5.0 (Windows NT 6.3; WOW64; rv:43.0) Gecko/20100101 Firefox/43.0"
213.208.148.212 - - [25/Jan/2016:12:49:50 +0100] "GET /favicon.ico HTTP/1.1" 304 186 "-" "Mozilla/5.0 (Windows NT 6.3; WOW64; rv:43.0) Gecko/20100101 Firefox/43.0"
10.14.24.80 - htl3r [25/Jan/2016:12:49:51 +0100] "GET /~dru HTTP/1.1" 301 585 "http://netzwerktechnik.htl.rennweg.at/" "Mozilla/5.0 (Windows NT 10.0; WOW64; rv:43.0) Gecko/20100101 Firefox/43.0"
10.14.24.80 - htl3r [25/Jan/2016:12:49:51 +0100] "GET /~dru/ HTTP/1.1" 200 940 "http://netzwerktechnik.htl.rennweg.at/" "Mozilla/5.0 (Windows NT 10.0; WOW64; rv:43.0) Gecko/20100101 Firefox/43.0"
10.14.24.80 - htl3r [25/Jan/2016:12:49:51 +0100] "GET /~dru/styles/dirlisting.css HTTP/1.1" 200 805 "http://netzwerktechnik.htl.rennweg.at/~dru/" "Mozilla/5.0 (Windows NT 10.0; WOW64; rv:43.0) Gecko/20100101 Firefox/43.0"
10.14.24.80 - htl3r [25/Jan/2016:12:49:51 +0100] "GET /~dru/images/folder_yellow.png HTTP/1.1" 200 928 "http://netzwerktechnik.htl.rennweg.at/~dru/" "Mozilla/5.0 (Windows NT 10.0; WOW64; rv:43.0) Gecko/20100101 Firefox/43.0"
10.14.24.80 - htl3r [25/Jan/2016:12:49:51 +0100] "GET /~dru/images/logo_htl3r.gif HTTP/1.1" 200 6076 "http://netzwerktechnik.htl.rennweg.at/~dru/styles/dirlisting.css" "Mozilla/5.0 (Windows NT 10.0; WOW64; rv:43.0) Gecko/20100101 Firefox/43.0"
10.14.24.80 - - [25/Jan/2016:12:49:51 +0100] "GET /favicon.ico HTTP/1.1" 304 186 "-" "Mozilla/5.0 (Windows NT 10.0; WOW64; rv:43.0) Gecko/20100101 Firefox/43.0"
213.208.148.212 - htl3r [25/Jan/2016:12:49:52 +0100] "GET /~dru/NWTK5/ HTTP/1.1" 200 851 "http://netzwerktechnik.htl.rennweg.at/~dru/" "Mozilla/5.0 (Windows NT 6.3; WOW64; rv:43.0) Gecko/20100101 Firefox/43.0"
213.208.148.212 - htl3r [25/Jan/2016:12:49:52 +0100] "GET /~dru/images/1uparrow.png HTTP/1.1" 200 861 "http://netzwerktechnik.htl.rennweg.at/~dru/NWTK5/" "Mozilla/5.0 (Windows NT 6.3; WOW64; rv:43.0) Gecko/20100101 Firefox/43.0"
10.14.24.80 - htl3r [25/Jan/2016:12:49:53 +0100] "GET /~dru/NWTK5/ HTTP/1.1" 200 851 "http://netzwerktechnik.htl.rennweg.at/~dru/" "Mozilla/5.0 (Windows NT 10.0; WOW64; rv:43.0) Gecko/20100101 Firefox/43.0"
10.14.24.80 - htl3r [25/Jan/2016:12:49:53 +0100] "GET /~dru/images/1uparrow.png HTTP/1.1" 200 861 "http://netzwerktechnik.htl.rennweg.at/~dru/NWTK5/" "Mozilla/5.0 (Windows NT 10.0; WOW64; rv:43.0) Gecko/20100101 Firefox/43.0"
213.208.148.212 - htl3r [25/Jan/2016:12:49:54 +0100] "GET /~dru/NWTK5/Handouts/ HTTP/1.1" 200 912 "http://netzwerktechnik.htl.rennweg.at/~dru/NWTK5/" "Mozilla/5.0 (Windows NT 6.3; WOW64; rv:43.0) Gecko/20100101 Firefox/43.0"
213.208.148.212 - htl3r [25/Jan/2016:12:49:55 +0100] "GET /~dru/NWTK5/Handouts/02%20-%20Network%20Management%20ABCs.pdf HTTP/1.1" 200 130984 "http://netzwerktechnik.htl.rennweg.at/~dru/NWTK5/Handouts/" "Mozilla/5.0 (Windows NT 6.3; WOW64; rv:43.0) Gecko/20100101 Firefox/43.0"
213.208.148.212 - htl3r [25/Jan/2016:12:49:56 +0100] "GET /~dru/NWTK5/Handouts/02%20-%20Network%20Management%20ABCs.pdf HTTP/1.1" 206 65502 "http://netzwerktechnik.htl.rennweg.at/~dru/NWTK5/Handouts/" "Mozilla/5.0 (Windows NT 6.3; WOW64; rv:43.0) Gecko/20100101 Firefox/43.0"
10.2.59.45 - htl3r [25/Jan/2016:12:49:58 +0100] "GET /~dru HTTP/1.1" 301 586 "http://netzwerktechnik.htl.rennweg.at/" "Mozilla/5.0 (Windows NT 6.1; Win64; x64) AppleWebKit/537.36 (KHTML, like Gecko) Chrome/47.0.2526.111 Safari/537.36"
10.2.59.45 - htl3r [25/Jan/2016:12:49:58 +0100] "GET /~dru/ HTTP/1.1" 200 940 "http://netzwerktechnik.htl.rennweg.at/" "Mozilla/5.0 (Windows NT 6.1; Win64; x64) AppleWebKit/537.36 (KHTML, like Gecko) Chrome/47.0.2526.111 Safari/537.36"
10.2.59.45 - htl3r [25/Jan/2016:12:49:58 +0100] "GET /~dru/styles/dirlisting.css HTTP/1.1" 200 805 "http://netzwerktechnik.htl.rennweg.at/~dru/" "Mozilla/5.0 (Windows NT 6.1; Win64; x64) AppleWebKit/537.36 (KHTML, like Gecko) Chrome/47.0.2526.111 Safari/537.36"
10.2.59.45 - htl3r [25/Jan/2016:12:49:58 +0100] "GET /~dru/images/folder_yellow.png HTTP/1.1" 200 928 "http://netzwerktechnik.htl.rennweg.at/~dru/" "Mozilla/5.0 (Windows NT 6.1; Win64; x64) AppleWebKit/537.36 (KHTML, like Gecko) Chrome/47.0.2526.111 Safari/537.36"
10.14.24.80 - htl3r [25/Jan/2016:12:49:58 +0100] "GET /~dru/NWTK5/Handouts/ HTTP/1.1" 200 913 "http://netzwerktechnik.htl.rennweg.at/~dru/NWTK5/" "Mozilla/5.0 (Windows NT 10.0; WOW64; rv:43.0) Gecko/20100101 Firefox/43.0"
10.2.59.45 - htl3r [25/Jan/2016:12:49:58 +0100] "GET /~dru/images/logo_htl3r.gif HTTP/1.1" 200 6076 "http://netzwerktechnik.htl.rennweg.at/~dru/styles/dirlisting.css" "Mozilla/5.0 (Windows NT 6.1; Win64; x64) AppleWebKit/537.36 (KHTML, like Gecko) Chrome/47.0.2526.111 Safari/537.36"
10.14.25.26 - htl3r [25/Jan/2016:12:49:59 +0100] "GET /~dru HTTP/1.1" 301 586 "http://netzwerktechnik.htl.rennweg.at/" "Mozilla/5.0 (Windows NT 10.0; WOW64) AppleWebKit/537.36 (KHTML, like Gecko) Chrome/47.0.2526.111 Safari/537.36"
10.14.25.26 - htl3r [25/Jan/2016:12:50:00 +0100] "GET /~dru/ HTTP/1.1" 200 940 "http://netzwerktechnik.htl.rennweg.at/" "Mozilla/5.0 (Windows NT 10.0; WOW64) AppleWebKit/537.36 (KHTML, like Gecko) Chrome/47.0.2526.111 Safari/537.36"
10.14.25.26 - htl3r [25/Jan/2016:12:50:00 +0100] "GET /~dru/images/folder_yellow.png HTTP/1.1" 200 927 "http://netzwerktechnik.htl.rennweg.at/~dru/" "Mozilla/5.0 (Windows NT 10.0; WOW64) AppleWebKit/537.36 (KHTML, like Gecko) Chrome/47.0.2526.111 Safari/537.36"
10.14.25.26 - htl3r [25/Jan/2016:12:50:00 +0100] "GET /~dru/images/logo_htl3r.gif HTTP/1.1" 200 6076 "http://netzwerktechnik.htl.rennweg.at/~dru/styles/dirlisting.css" "Mozilla/5.0 (Windows NT 10.0; WOW64) AppleWebKit/537.36 (KHTML, like Gecko) Chrome/47.0.2526.111 Safari/537.36"
10.14.24.80 - htl3r [25/Jan/2016:12:50:01 +0100] "GET /~dru/NWTK5/Handouts/02%20-%20Network%20Management%20ABCs.pdf HTTP/1.1" 200 130984 "http://netzwerktechnik.htl.rennweg.at/~dru/NWTK5/Handouts/" "Mozilla/5.0 (Windows NT 10.0; WOW64; rv:43.0) Gecko/20100101 Firefox/43.0"
10.14.25.65 - - [25/Jan/2016:12:50:03 +0100] "GET /img/htl.png HTTP/1.1" 200 19215 "http://netzwerktechnik.htl.rennweg.at/" "Mozilla/5.0 (Macintosh; Intel Mac OS X 10_11_1) AppleWebKit/601.2.7 (KHTML, like Gecko) Version/9.0.1 Safari/601.2.7"
10.14.25.26 - htl3r [25/Jan/2016:12:50:23 +0100] "GET /~dru/NWTK5/ HTTP/1.1" 200 852 "http://netzwerktechnik.htl.rennweg.at/~dru/" "Mozilla/5.0 (Windows NT 10.0; WOW64) AppleWebKit/537.36 (KHTML, like Gecko) Chrome/47.0.2526.111 Safari/537.36"
10.14.25.26 - htl3r [25/Jan/2016:12:50:27 +0100] "GET /~dru/images/1uparrow.png HTTP/1.1" 200 861 "http://netzwerktechnik.htl.rennweg.at/~dru/NWTK5/" "Mozilla/5.0 (Windows NT 10.0; WOW64) AppleWebKit/537.36 (KHTML, like Gecko) Chrome/47.0.2526.111 Safari/537.36"
10.14.25.65 - - [25/Jan/2016:12:50:30 +0100] "GET /~dru HTTP/1.1" 401 677 "http://netzwerktechnik.htl.rennweg.at/" "Mozilla/5.0 (Macintosh; Intel Mac OS X 10_11_1) AppleWebKit/601.2.7 (KHTML, like Gecko) Version/9.0.1 Safari/601.2.7"
10.14.25.65 - htl3r [25/Jan/2016:12:50:30 +0100] "GET /~dru HTTP/1.1" 301 585 "http://netzwerktechnik.htl.rennweg.at/" "Mozilla/5.0 (Macintosh; Intel Mac OS X 10_11_1) AppleWebKit/601.2.7 (KHTML, like Gecko) Version/9.0.1 Safari/601.2.7"
10.14.25.65 - htl3r [25/Jan/2016:12:50:30 +0100] "GET /~dru/ HTTP/1.1" 200 940 "http://netzwerktechnik.htl.rennweg.at/" "Mozilla/5.0 (Macintosh; Intel Mac OS X 10_11_1) AppleWebKit/601.2.7 (KHTML, like Gecko) Version/9.0.1 Safari/601.2.7"
10.14.25.65 - htl3r [25/Jan/2016:12:50:31 +0100] "GET /~dru/styles/dirlisting.css HTTP/1.1" 200 805 "http://netzwerktechnik.htl.rennweg.at/~dru/" "Mozilla/5.0 (Macintosh; Intel Mac OS X 10_11_1) AppleWebKit/601.2.7 (KHTML, like Gecko) Version/9.0.1 Safari/601.2.7"
10.14.25.65 - htl3r [25/Jan/2016:12:50:31 +0100] "GET /~dru/images/folder_yellow.png HTTP/1.1" 200 928 "http://netzwerktechnik.htl.rennweg.at/~dru/" "Mozilla/5.0 (Macintosh; Intel Mac OS X 10_11_1) AppleWebKit/601.2.7 (KHTML, like Gecko) Version/9.0.1 Safari/601.2.7"
10.14.25.65 - htl3r [25/Jan/2016:12:50:31 +0100] "GET /~dru/images/logo_htl3r.gif HTTP/1.1" 200 6076 "http://netzwerktechnik.htl.rennweg.at/~dru/" "Mozilla/5.0 (Macintosh; Intel Mac OS X 10_11_1) AppleWebKit/601.2.7 (KHTML, like Gecko) Version/9.0.1 Safari/601.2.7"
10.14.25.65 - htl3r [25/Jan/2016:12:50:32 +0100] "GET /~dru/NWTK5/ HTTP/1.1" 200 851 "http://netzwerktechnik.htl.rennweg.at/~dru/" "Mozilla/5.0 (Macintosh; Intel Mac OS X 10_11_1) AppleWebKit/601.2.7 (KHTML, like Gecko) Version/9.0.1 Safari/601.2.7"
10.14.25.65 - htl3r [25/Jan/2016:12:50:32 +0100] "GET /~dru/images/1uparrow.png HTTP/1.1" 200 861 "http://netzwerktechnik.htl.rennweg.at/~dru/NWTK5/" "Mozilla/5.0 (Macintosh; Intel Mac OS X 10_11_1) AppleWebKit/601.2.7 (KHTML, like Gecko) Version/9.0.1 Safari/601.2.7"
10.14.25.65 - htl3r [25/Jan/2016:12:50:41 +0100] "GET /~dru/NWTK5/Labor/ HTTP/1.1" 200 1006 "http://netzwerktechnik.htl.rennweg.at/~dru/NWTK5/" "Mozilla/5.0 (Macintosh; Intel Mac OS X 10_11_1) AppleWebKit/601.2.7 (KHTML, like Gecko) Version/9.0.1 Safari/601.2.7"
123.125.71.92 - - [25/Jan/2016:12:50:41 +0100] "GET / HTTP/1.1" 200 817 "-" "Mozilla/5.0 (compatible; Baiduspider/2.0; +http://www.baidu.com/search/spider.html)"
10.14.25.65 - htl3r [25/Jan/2016:12:50:41 +0100] "GET /~dru/NWTK5/ HTTP/1.1" 200 851 "http://netzwerktechnik.htl.rennweg.at/~dru/NWTK5/Labor/" "Mozilla/5.0 (Macintosh; Intel Mac OS X 10_11_1) AppleWebKit/601.2.7 (KHTML, like Gecko) Version/9.0.1 Safari/601.2.7"
10.14.25.65 - htl3r [25/Jan/2016:12:50:42 +0100] "GET /~dru/NWTK5/Handouts/ HTTP/1.1" 200 912 "http://netzwerktechnik.htl.rennweg.at/~dru/NWTK5/" "Mozilla/5.0 (Macintosh; Intel Mac OS X 10_11_1) AppleWebKit/601.2.7 (KHTML, like Gecko) Version/9.0.1 Safari/601.2.7"
10.14.25.170 - htl3r [25/Jan/2016:12:50:49 +0100] "GET /~dru/NWTK5/ HTTP/1.1" 200 852 "http://netzwerktechnik.htl.rennweg.at/~dru/" "Mozilla/5.0 (Windows NT 10.0; WOW64; rv:43.0) Gecko/20100101 Firefox/43.0"
10.14.25.170 - htl3r [25/Jan/2016:12:50:49 +0100] "GET /~dru/images/1uparrow.png HTTP/1.1" 200 861 "http://netzwerktechnik.htl.rennweg.at/~dru/NWTK5/" "Mozilla/5.0 (Windows NT 10.0; WOW64; rv:43.0) Gecko/20100101 Firefox/43.0"
10.14.25.170 - htl3r [25/Jan/2016:12:50:53 +0100] "GET /~dru/NWTK5/Handouts/ HTTP/1.1" 200 912 "http://netzwerktechnik.htl.rennweg.at/~dru/NWTK5/" "Mozilla/5.0 (Windows NT 10.0; WOW64; rv:43.0) Gecko/20100101 Firefox/43.0"
10.14.25.170 - htl3r [25/Jan/2016:12:50:56 +0100] "GET /~dru/NWTK5/Handouts/02%20-%20Network%20Management%20ABCs.pdf HTTP/1.1" 200 130984 "http://netzwerktechnik.htl.rennweg.at/~dru/NWTK5/Handouts/" "Mozilla/5.0 (Windows NT 10.0; WOW64; rv:43.0) Gecko/20100101 Firefox/43.0"
10.14.25.170 - htl3r [25/Jan/2016:12:50:56 +0100] "GET /~dru/NWTK5/Handouts/02%20-%20Network%20Management%20ABCs.pdf HTTP/1.1" 206 65888 "http://netzwerktechnik.htl.rennweg.at/~dru/NWTK5/Handouts/" "Mozilla/5.0 (Windows NT 10.0; WOW64; rv:43.0) Gecko/20100101 Firefox/43.0"
10.14.25.170 - htl3r [25/Jan/2016:12:50:56 +0100] "GET /~dru/NWTK5/Handouts/02%20-%20Network%20Management%20ABCs.pdf HTTP/1.1" 206 65503 "http://netzwerktechnik.htl.rennweg.at/~dru/NWTK5/Handouts/" "Mozilla/5.0 (Windows NT 10.0; WOW64; rv:43.0) Gecko/20100101 Firefox/43.0"
10.14.25.65 - htl3r [25/Jan/2016:12:50:59 +0100] "GET /~dru/NWTK5/Handouts/02%20-%20Network%20Management%20ABCs.pdf HTTP/1.1" 200 130985 "http://netzwerktechnik.htl.rennweg.at/~dru/NWTK5/Handouts/" "Mozilla/5.0 (Macintosh; Intel Mac OS X 10_11_1) AppleWebKit/601.2.7 (KHTML, like Gecko) Version/9.0.1 Safari/601.2.7"
10.14.25.26 - htl3r [25/Jan/2016:12:51:05 +0100] "GET /~dru/NWTK5/Labor/ HTTP/1.1" 200 1006 "http://netzwerktechnik.htl.rennweg.at/~dru/NWTK5/" "Mozilla/5.0 (Windows NT 10.0; WOW64) AppleWebKit/537.36 (KHTML, like Gecko) Chrome/47.0.2526.111 Safari/537.36"
10.14.25.26 - htl3r [25/Jan/2016:12:51:49 +0100] "GET /~dru/NWTK5/ HTTP/1.1" 200 852 "http://netzwerktechnik.htl.rennweg.at/~dru/NWTK5/Labor/" "Mozilla/5.0 (Windows NT 10.0; WOW64) AppleWebKit/537.36 (KHTML, like Gecko) Chrome/47.0.2526.111 Safari/537.36"
10.14.25.26 - htl3r [25/Jan/2016:12:51:59 +0100] "GET /~dru/NWTK5/Handouts/ HTTP/1.1" 200 913 "http://netzwerktechnik.htl.rennweg.at/~dru/NWTK5/" "Mozilla/5.0 (Windows NT 10.0; WOW64) AppleWebKit/537.36 (KHTML, like Gecko) Chrome/47.0.2526.111 Safari/537.36"
10.14.25.26 - htl3r [25/Jan/2016:12:52:08 +0100] "GET /~dru/NWTK5/Handouts/02%20-%20Network%20Management%20ABCs.pdf HTTP/1.1" 200 130985 "http://netzwerktechnik.htl.rennweg.at/~dru/NWTK5/Handouts/" "Mozilla/5.0 (Windows NT 10.0; WOW64) AppleWebKit/537.36 (KHTML, like Gecko) Chrome/47.0.2526.111 Safari/537.36"
10.14.25.26 - htl3r [25/Jan/2016:12:52:19 +0100] "GET /~dru/NWTK5/Handouts/02%20-%20Network%20Management%20ABCs.pdf HTTP/1.1" 200 130985 "http://netzwerktechnik.htl.rennweg.at/~dru/NWTK5/Handouts/" "Mozilla/5.0 (Windows NT 10.0; WOW64) AppleWebKit/537.36 (KHTML, like Gecko) Chrome/47.0.2526.111 Safari/537.36"
10.0.72.8 - - [25/Jan/2016:12:55:53 +0100] "GET /SYT-BS/ HTTP/1.1" 401 677 "-" "Mozilla/5.0 (X11; Ubuntu; Linux x86_64; rv:40.0) Gecko/20100101 Firefox/40.0"
10.0.72.8 - htl3r [25/Jan/2016:12:55:55 +0100] "GET /SYT-BS/ HTTP/1.1" 200 2101 "-" "Mozilla/5.0 (X11; Ubuntu; Linux x86_64; rv:40.0) Gecko/20100101 Firefox/40.0"
10.0.72.8 - htl3r [25/Jan/2016:12:55:59 +0100] "GET /SYT-BS/3xI/ HTTP/1.1" 200 2397 "http://netzwerktechnik.htl.rennweg.at/SYT-BS/" "Mozilla/5.0 (X11; Ubuntu; Linux x86_64; rv:40.0) Gecko/20100101 Firefox/40.0"
10.0.72.8 - htl3r [25/Jan/2016:12:56:00 +0100] "GET /SYT-BS/3xI/Labor/ HTTP/1.1" 200 5615 "http://netzwerktechnik.htl.rennweg.at/SYT-BS/3xI/" "Mozilla/5.0 (X11; Ubuntu; Linux x86_64; rv:40.0) Gecko/20100101 Firefox/40.0"
10.0.72.8 - htl3r [25/Jan/2016:12:56:03 +0100] "GET /SYT-BS/3xI/Labor/UE11_Linux_Scripting-full.pdf HTTP/1.1" 200 138942 "http://netzwerktechnik.htl.rennweg.at/SYT-BS/3xI/Labor/" "Mozilla/5.0 (X11; Ubuntu; Linux x86_64; rv:40.0) Gecko/20100101 Firefox/40.0"
10.0.79.68 - htl3r [25/Jan/2016:12:57:40 +0100] "GET /SYT-BS/3xI/Labor/UE11_Linux_Scripting-full.pdf HTTP/1.1" 206 33119 "http://netzwerktechnik.htl.rennweg.at/SYT-BS/3xI/Labor/UE11_Linux_Scripting-full.pdf" "Mozilla/5.0 (X11; Linux x86_64) AppleWebKit/537.36 (KHTML, like Gecko) Chrome/44.0.2403.157 Safari/537.36"
10.0.79.68 - htl3r [25/Jan/2016:12:57:40 +0100] "GET /SYT-BS/3xI/Labor/UE11_Linux_Scripting-full.pdf HTTP/1.1" 206 106229 "http://netzwerktechnik.htl.rennweg.at/SYT-BS/3xI/Labor/UE11_Linux_Scripting-full.pdf" "Mozilla/5.0 (X11; Linux x86_64) AppleWebKit/537.36 (KHTML, like Gecko) Chrome/44.0.2403.157 Safari/537.36"
80.110.94.58 - - [25/Jan/2016:13:02:38 +0100] "GET / HTTP/1.1" 200 854 "-" "Mozilla/5.0 (Windows NT 6.1; WOW64) AppleWebKit/537.36 (KHTML, like Gecko) Chrome/47.0.2526.111 Safari/537.36"
80.110.94.58 - - [25/Jan/2016:13:02:38 +0100] "GET /img/htl.png HTTP/1.1" 200 19214 "http://netzwerktechnik.htl.rennweg.at/" "Mozilla/5.0 (Windows NT 6.1; WOW64) AppleWebKit/537.36 (KHTML, like Gecko) Chrome/47.0.2526.111 Safari/537.36"
80.110.94.58 - - [25/Jan/2016:13:02:38 +0100] "GET /favicon.ico HTTP/1.1" 200 720 "http://netzwerktechnik.htl.rennweg.at/" "Mozilla/5.0 (Windows NT 6.1; WOW64) AppleWebKit/537.36 (KHTML, like Gecko) Chrome/47.0.2526.111 Safari/537.36"
80.110.94.58 - - [25/Jan/2016:13:02:40 +0100] "GET /~dru HTTP/1.1" 401 676 "http://netzwerktechnik.htl.rennweg.at/" "Mozilla/5.0 (Windows NT 6.1; WOW64) AppleWebKit/537.36 (KHTML, like Gecko) Chrome/47.0.2526.111 Safari/537.36"
80.110.94.58 - htl3r [25/Jan/2016:13:02:41 +0100] "GET /~dru HTTP/1.1" 301 585 "http://netzwerktechnik.htl.rennweg.at/" "Mozilla/5.0 (Windows NT 6.1; WOW64) AppleWebKit/537.36 (KHTML, like Gecko) Chrome/47.0.2526.111 Safari/537.36"
80.110.94.58 - htl3r [25/Jan/2016:13:02:41 +0100] "GET /~dru/ HTTP/1.1" 200 940 "http://netzwerktechnik.htl.rennweg.at/" "Mozilla/5.0 (Windows NT 6.1; WOW64) AppleWebKit/537.36 (KHTML, like Gecko) Chrome/47.0.2526.111 Safari/537.36"
80.110.94.58 - htl3r [25/Jan/2016:13:02:41 +0100] "GET /~dru/styles/dirlisting.css HTTP/1.1" 200 805 "http://netzwerktechnik.htl.rennweg.at/~dru/" "Mozilla/5.0 (Windows NT 6.1; WOW64) AppleWebKit/537.36 (KHTML, like Gecko) Chrome/47.0.2526.111 Safari/537.36"
80.110.94.58 - htl3r [25/Jan/2016:13:02:41 +0100] "GET /~dru/images/folder_yellow.png HTTP/1.1" 200 928 "http://netzwerktechnik.htl.rennweg.at/~dru/" "Mozilla/5.0 (Windows NT 6.1; WOW64) AppleWebKit/537.36 (KHTML, like Gecko) Chrome/47.0.2526.111 Safari/537.36"
80.110.94.58 - htl3r [25/Jan/2016:13:02:41 +0100] "GET /~dru/images/logo_htl3r.gif HTTP/1.1" 200 6076 "http://netzwerktechnik.htl.rennweg.at/~dru/styles/dirlisting.css" "Mozilla/5.0 (Windows NT 6.1; WOW64) AppleWebKit/537.36 (KHTML, like Gecko) Chrome/47.0.2526.111 Safari/537.36"
80.110.94.58 - htl3r [25/Jan/2016:13:02:43 +0100] "GET /~dru/4AF/ HTTP/1.1" 200 2954 "http://netzwerktechnik.htl.rennweg.at/~dru/" "Mozilla/5.0 (Windows NT 6.1; WOW64) AppleWebKit/537.36 (KHTML, like Gecko) Chrome/47.0.2526.111 Safari/537.36"
80.110.94.58 - htl3r [25/Jan/2016:13:02:43 +0100] "GET /~dru/styles/issue.css HTTP/1.1" 200 446 "http://netzwerktechnik.htl.rennweg.at/~dru/4AF/" "Mozilla/5.0 (Windows NT 6.1; WOW64) AppleWebKit/537.36 (KHTML, like Gecko) Chrome/47.0.2526.111 Safari/537.36"
80.110.94.58 - htl3r [25/Jan/2016:13:02:57 +0100] "GET /~dru/4AF/Best%C3%A4tigung%20des%20Betriebes%20%C3%BCber%20den%20Antritt%20des%20Praktikums%20eines%20Praktikanten HTTP/1.1" 302 651 "http://netzwerktechnik.htl.rennweg.at/~dru/4AF/" "Mozilla/5.0 (Windows NT 6.1; WOW64) AppleWebKit/537.36 (KHTML, like Gecko) Chrome/47.0.2526.111 Safari/537.36"
40.77.167.43 - - [25/Jan/2016:13:25:39 +0100] "GET /~rie HTTP/1.1" 401 677 "-" "Mozilla/5.0 (compatible; bingbot/2.0; +http://www.bing.com/bingbot.htm)"
222.186.34.155 - - [25/Jan/2016:13:28:32 +0100] "GET https://m.baidu.com/ HTTP/1.1" 200 2260 "-" "HttpClient"
40.77.167.43 - - [25/Jan/2016:13:30:14 +0100] "GET /SEW HTTP/1.1" 401 677 "-" "Mozilla/5.0 (compatible; bingbot/2.0; +http://www.bing.com/bingbot.htm)"
10.14.16.204 - - [25/Jan/2016:13:30:31 +0100] "GET /favicon.ico HTTP/1.1" 200 721 "http://netzwerktechnik.htl.rennweg.at/SYT-BS/3xI/Labor/" "Mozilla/5.0 (Windows NT 10.0; WOW64) AppleWebKit/537.36 (KHTML, like Gecko) Chrome/47.0.2526.111 Safari/537.36"
40.77.167.11 - - [25/Jan/2016:13:55:54 +0100] "GET /~wsr HTTP/1.1" 401 677 "-" "Mozilla/5.0 (compatible; bingbot/2.0; +http://www.bing.com/bingbot.htm)"
40.77.167.11 - - [25/Jan/2016:13:55:54 +0100] "GET /labor HTTP/1.1" 401 676 "-" "Mozilla/5.0 (compatible; bingbot/2.0; +http://www.bing.com/bingbot.htm)"
10.0.79.68 - htl3r [25/Jan/2016:14:03:42 +0100] "GET /SYT-BS/3xI/Labor/Vorlage/ HTTP/1.1" 200 2497 "http://netzwerktechnik.htl.rennweg.at/SYT-BS/3xI/Labor/" "Mozilla/5.0 (X11; Linux x86_64) AppleWebKit/537.36 (KHTML, like Gecko) Chrome/44.0.2403.157 Safari/537.36"
10.0.79.68 - htl3r [25/Jan/2016:14:03:45 +0100] "GET /SYT-BS/3xI/Labor/Vorlage/UExx_Protokollvorlage.ott HTTP/1.1" 200 67107 "http://netzwerktechnik.htl.rennweg.at/SYT-BS/3xI/Labor/Vorlage/" "Mozilla/5.0 (X11; Linux x86_64) AppleWebKit/537.36 (KHTML, like Gecko) Chrome/44.0.2403.157 Safari/537.36"
10.0.79.79 - htl3r [25/Jan/2016:14:04:30 +0100] "GET /SYT-BS/ HTTP/1.1" 200 2102 "http://netzwerktechnik.htl.rennweg.at/" "Mozilla/5.0 (X11; Linux x86_64) AppleWebKit/537.36 (KHTML, like Gecko) Chrome/44.0.2403.157 Safari/537.36"
10.0.79.79 - htl3r [25/Jan/2016:14:04:32 +0100] "GET /SYT-BS/3xI/ HTTP/1.1" 200 2397 "http://netzwerktechnik.htl.rennweg.at/SYT-BS/" "Mozilla/5.0 (X11; Linux x86_64) AppleWebKit/537.36 (KHTML, like Gecko) Chrome/44.0.2403.157 Safari/537.36"
10.0.79.79 - htl3r [25/Jan/2016:14:04:34 +0100] "GET /SYT-BS/3xI/Labor/ HTTP/1.1" 200 5615 "http://netzwerktechnik.htl.rennweg.at/SYT-BS/3xI/" "Mozilla/5.0 (X11; Linux x86_64) AppleWebKit/537.36 (KHTML, like Gecko) Chrome/44.0.2403.157 Safari/537.36"
10.0.79.79 - htl3r [25/Jan/2016:14:04:36 +0100] "GET /SYT-BS/3xI/Labor/Vorlage/ HTTP/1.1" 200 2496 "http://netzwerktechnik.htl.rennweg.at/SYT-BS/3xI/Labor/" "Mozilla/5.0 (X11; Linux x86_64) AppleWebKit/537.36 (KHTML, like Gecko) Chrome/44.0.2403.157 Safari/537.36"
10.0.79.79 - - [25/Jan/2016:14:04:36 +0100] "GET /icons/odf6ott-20x22.png HTTP/1.1" 200 1314 "http://netzwerktechnik.htl.rennweg.at/SYT-BS/3xI/Labor/Vorlage/" "Mozilla/5.0 (X11; Linux x86_64) AppleWebKit/537.36 (KHTML, like Gecko) Chrome/44.0.2403.157 Safari/537.36"
10.0.79.79 - htl3r [25/Jan/2016:14:04:39 +0100] "GET /SYT-BS/3xI/Labor/Vorlage/UExx_Protokollvorlage.ott HTTP/1.1" 200 67107 "http://netzwerktechnik.htl.rennweg.at/SYT-BS/3xI/Labor/Vorlage/" "Mozilla/5.0 (X11; Linux x86_64) AppleWebKit/537.36 (KHTML, like Gecko) Chrome/44.0.2403.157 Safari/537.36"
40.77.167.11 - - [25/Jan/2016:14:18:59 +0100] "GET / HTTP/1.1" 200 854 "-" "Mozilla/5.0 (iPhone; CPU iPhone OS 7_0 like Mac OS X) AppleWebKit/537.51.1 (KHTML, like Gecko) Version/7.0 Mobile/11A465 Safari/9537.53 (compatible; bingbot/2.0;  http://www.bing.com/bingbot.htm)"
10.0.72.8 - - [25/Jan/2016:14:20:16 +0100] "GET /~dru/BSYS/Labor/ HTTP/1.1" 200 1225 "-" "Mozilla/5.0 (X11; Ubuntu; Linux x86_64; rv:40.0) Gecko/20100101 Firefox/40.0"
10.0.72.8 - - [25/Jan/2016:14:20:18 +0100] "GET /~dru/BSYS/Labor/BSYS-Uebung08_Linux_Festplattenverwaltung.pdf HTTP/1.1" 200 175894 "http://netzwerktechnik.htl.rennweg.at/~dru/BSYS/Labor/" "Mozilla/5.0 (X11; Ubuntu; Linux x86_64; rv:40.0) Gecko/20100101 Firefox/40.0"
