84.113.138.16 - - [25/Jan/2016:07:40:52 +0100] "GET /favicon.ico HTTP/1.1" 200 721 "-" "Mozilla/5.0 (iPod touch; CPU iPhone OS 8_4 like Mac OS X) AppleWebKit/600.1.4 (KHTML, like Gecko) Mobile/12H143"
40.77.167.43 - - [25/Jan/2016:07:56:40 +0100] "GET /images/ HTTP/1.1" 404 169006 "-" "Mozilla/5.0 (compatible; bingbot/2.0; +http://www.bing.com/bingbot.htm)"
40.77.167.22 - - [25/Jan/2016:08:31:14 +0100] "GET /SYT-BS HTTP/1.1" 401 677 "-" "Mozilla/5.0 (compatible; bingbot/2.0; +http://www.bing.com/bingbot.htm)"
10.14.25.168 - - [25/Jan/2016:08:46:56 +0100] "GET / HTTP/1.1" 200 854 "https://www.google.at/" "Mozilla/5.0 (Macintosh; Intel Mac OS X 10_10_5) AppleWebKit/537.36 (KHTML, like Gecko) Chrome/47.0.2526.111 Safari/537.36"
10.14.25.168 - - [25/Jan/2016:08:46:56 +0100] "GET /img/htl.png HTTP/1.1" 200 19214 "http://netzwerktechnik.htl.rennweg.at/" "Mozilla/5.0 (Macintosh; Intel Mac OS X 10_10_5) AppleWebKit/537.36 (KHTML, like Gecko) Chrome/47.0.2526.111 Safari/537.36"
10.14.25.168 - - [25/Jan/2016:08:46:56 +0100] "GET /favicon.ico HTTP/1.1" 200 720 "http://netzwerktechnik.htl.rennweg.at/" "Mozilla/5.0 (Macintosh; Intel Mac OS X 10_10_5) AppleWebKit/537.36 (KHTML, like Gecko) Chrome/47.0.2526.111 Safari/537.36"
10.14.25.168 - - [25/Jan/2016:08:47:08 +0100] "GET /~prt HTTP/1.1" 401 677 "http://netzwerktechnik.htl.rennweg.at/" "Mozilla/5.0 (Macintosh; Intel Mac OS X 10_10_5) AppleWebKit/537.36 (KHTML, like Gecko) Chrome/47.0.2526.111 Safari/537.36"
10.14.25.168 - htlr3 [25/Jan/2016:08:47:14 +0100] "GET /~prt HTTP/1.1" 401 677 "http://netzwerktechnik.htl.rennweg.at/" "Mozilla/5.0 (Macintosh; Intel Mac OS X 10_10_5) AppleWebKit/537.36 (KHTML, like Gecko) Chrome/47.0.2526.111 Safari/537.36"
10.14.25.168 - htl3r [25/Jan/2016:08:47:22 +0100] "GET /~prt HTTP/1.1" 301 585 "http://netzwerktechnik.htl.rennweg.at/" "Mozilla/5.0 (Macintosh; Intel Mac OS X 10_10_5) AppleWebKit/537.36 (KHTML, like Gecko) Chrome/47.0.2526.111 Safari/537.36"
10.14.25.168 - htl3r [25/Jan/2016:08:47:23 +0100] "GET /~prt/ HTTP/1.1" 200 785 "http://netzwerktechnik.htl.rennweg.at/" "Mozilla/5.0 (Macintosh; Intel Mac OS X 10_10_5) AppleWebKit/537.36 (KHTML, like Gecko) Chrome/47.0.2526.111 Safari/537.36"
10.14.25.168 - htl3r [25/Jan/2016:08:47:23 +0100] "GET /~dru/styles/dirlisting.css HTTP/1.1" 200 805 "http://netzwerktechnik.htl.rennweg.at/~prt/" "Mozilla/5.0 (Macintosh; Intel Mac OS X 10_10_5) AppleWebKit/537.36 (KHTML, like Gecko) Chrome/47.0.2526.111 Safari/537.36"
10.14.25.168 - htl3r [25/Jan/2016:08:47:23 +0100] "GET /~dru/images/folder_yellow.png HTTP/1.1" 200 928 "http://netzwerktechnik.htl.rennweg.at/~prt/" "Mozilla/5.0 (Macintosh; Intel Mac OS X 10_10_5) AppleWebKit/537.36 (KHTML, like Gecko) Chrome/47.0.2526.111 Safari/537.36"
10.14.25.168 - htl3r [25/Jan/2016:08:47:23 +0100] "GET /~dru/images/logo_htl3r.gif HTTP/1.1" 200 6076 "http://netzwerktechnik.htl.rennweg.at/~dru/styles/dirlisting.css" "Mozilla/5.0 (Macintosh; Intel Mac OS X 10_10_5) AppleWebKit/537.36 (KHTML, like Gecko) Chrome/47.0.2526.111 Safari/537.36"
10.14.25.168 - htl3r [25/Jan/2016:08:47:25 +0100] "GET /~prt/NWTK/ HTTP/1.1" 200 694 "http://netzwerktechnik.htl.rennweg.at/~prt/" "Mozilla/5.0 (Macintosh; Intel Mac OS X 10_10_5) AppleWebKit/537.36 (KHTML, like Gecko) Chrome/47.0.2526.111 Safari/537.36"
10.14.25.168 - - [25/Jan/2016:08:47:48 +0100] "-" 408 0 "-" "-"
10.14.25.168 - - [25/Jan/2016:08:47:49 +0100] "-" 408 0 "-" "-"
10.14.24.117 - - [25/Jan/2016:09:00:34 +0100] "GET / HTTP/1.1" 200 854 "-" "Mozilla/5.0 (Macintosh; Intel Mac OS X 10_11) AppleWebKit/601.1.56 (KHTML, like Gecko) Version/9.0 Safari/601.1.56"
10.14.24.117 - - [25/Jan/2016:09:00:34 +0100] "GET /img/htl.png HTTP/1.1" 200 19214 "http://netzwerktechnik.htl.rennweg.at/" "Mozilla/5.0 (Macintosh; Intel Mac OS X 10_11) AppleWebKit/601.1.56 (KHTML, like Gecko) Version/9.0 Safari/601.1.56"
10.14.24.117 - - [25/Jan/2016:09:00:34 +0100] "GET /favicon.ico HTTP/1.1" 200 720 "http://netzwerktechnik.htl.rennweg.at/" "Mozilla/5.0 (Macintosh; Intel Mac OS X 10_11) AppleWebKit/601.1.56 (KHTML, like Gecko) Version/9.0 Safari/601.1.56"
66.249.93.58 - - [25/Jan/2016:09:07:41 +0100] "GET /SEW/ HTTP/1.1" 401 677 "-" "Mozilla/5.0 (Windows NT 6.1; rv:6.0) Gecko/20110814 Firefox/6.0 Google Favicon"
40.77.167.43 - - [25/Jan/2016:09:23:57 +0100] "GET /images/ HTTP/1.1" 404 169006 "-" "Mozilla/5.0 (compatible; bingbot/2.0; +http://www.bing.com/bingbot.htm)"
66.249.64.119 - - [25/Jan/2016:09:28:52 +0100] "GET /robots.txt HTTP/1.1" 404 169006 "-" "Mozilla/5.0 (compatible; Googlebot/2.1; +http://www.google.com/bot.html)"
66.249.64.114 - - [25/Jan/2016:09:28:52 +0100] "GET / HTTP/1.1" 200 854 "-" "DoCoMo/2.0 N905i(c100;TB;W24H16) (compatible; Googlebot-Mobile/2.1; +http://www.google.com/bot.html)"
10.14.24.10 - - [25/Jan/2016:09:29:27 +0100] "GET /favicon.ico HTTP/1.1" 200 721 "-" "Mozilla/5.0 (Windows NT 6.3; WOW64; rv:43.0) Gecko/20100101 Firefox/43.0"
66.249.64.114 - - [25/Jan/2016:09:34:31 +0100] "GET /~rie HTTP/1.1" 401 677 "-" "DoCoMo/2.0 N905i(c100;TB;W24H16) (compatible; Googlebot-Mobile/2.1; +http://www.google.com/bot.html)"
213.208.148.212 - - [25/Jan/2016:09:49:53 +0100] "GET /~hor HTTP/1.1" 401 677 "http://nwt.at/" "Mozilla/5.0 (Windows NT 10.0; WOW64; rv:43.0) Gecko/20100101 Firefox/43.0"
213.208.148.212 - htl3r [25/Jan/2016:09:49:55 +0100] "GET /~hor HTTP/1.1" 301 584 "http://nwt.at/" "Mozilla/5.0 (Windows NT 10.0; WOW64; rv:43.0) Gecko/20100101 Firefox/43.0"
213.208.148.212 - htl3r [25/Jan/2016:09:49:55 +0100] "GET /~hor/ HTTP/1.1" 200 2935 "http://nwt.at/" "Mozilla/5.0 (Windows NT 10.0; WOW64; rv:43.0) Gecko/20100101 Firefox/43.0"
213.208.148.212 - htl3r [25/Jan/2016:09:49:55 +0100] "GET /~hor/theme/style.css HTTP/1.1" 200 1197 "http://netzwerktechnik.htl.rennweg.at/~hor/" "Mozilla/5.0 (Windows NT 10.0; WOW64; rv:43.0) Gecko/20100101 Firefox/43.0"
213.208.148.212 - htl3r [25/Jan/2016:09:49:55 +0100] "GET /~hor/theme/icons/blank.png HTTP/1.1" 200 517 "http://netzwerktechnik.htl.rennweg.at/~hor/" "Mozilla/5.0 (Windows NT 10.0; WOW64; rv:43.0) Gecko/20100101 Firefox/43.0"
213.208.148.212 - htl3r [25/Jan/2016:09:49:55 +0100] "GET /~hor/theme/icons/folder-home.png HTTP/1.1" 200 910 "http://netzwerktechnik.htl.rennweg.at/~hor/" "Mozilla/5.0 (Windows NT 10.0; WOW64; rv:43.0) Gecko/20100101 Firefox/43.0"
213.208.148.212 - htl3r [25/Jan/2016:09:49:55 +0100] "GET /~hor/theme/icons/folder.png HTTP/1.1" 200 687 "http://netzwerktechnik.htl.rennweg.at/~hor/" "Mozilla/5.0 (Windows NT 10.0; WOW64; rv:43.0) Gecko/20100101 Firefox/43.0"
213.208.148.212 - htl3r [25/Jan/2016:09:49:57 +0100] "GET /~dru/ HTTP/1.1" 200 940 "http://nwt.at/" "Mozilla/5.0 (Windows NT 10.0; WOW64; rv:43.0) Gecko/20100101 Firefox/43.0"
213.208.148.212 - htl3r [25/Jan/2016:09:50:00 +0100] "GET /~dru/NWTK4/ HTTP/1.1" 200 857 "http://netzwerktechnik.htl.rennweg.at/~dru/" "Mozilla/5.0 (Windows NT 10.0; WOW64; rv:43.0) Gecko/20100101 Firefox/43.0"
213.208.148.212 - htl3r [25/Jan/2016:09:50:01 +0100] "GET /~dru/NWTK4/Labor/ HTTP/1.1" 200 1038 "http://netzwerktechnik.htl.rennweg.at/~dru/NWTK4/" "Mozilla/5.0 (Windows NT 10.0; WOW64; rv:43.0) Gecko/20100101 Firefox/43.0"
213.208.148.212 - htl3r [25/Jan/2016:09:50:03 +0100] "GET /~dru/NWTK4/Handouts/ HTTP/1.1" 200 995 "http://netzwerktechnik.htl.rennweg.at/~dru/NWTK4/" "Mozilla/5.0 (Windows NT 10.0; WOW64; rv:43.0) Gecko/20100101 Firefox/43.0"
213.208.148.212 - htl3r [25/Jan/2016:09:50:10 +0100] "GET /~dru/NWTK4/Handouts/04%20-%20Netfilter%20Basics.pdf HTTP/1.1" 200 284939 "http://netzwerktechnik.htl.rennweg.at/~dru/NWTK4/Handouts/" "Mozilla/5.0 (Windows NT 10.0; WOW64; rv:43.0) Gecko/20100101 Firefox/43.0"
213.208.148.212 - htl3r [25/Jan/2016:09:50:13 +0100] "GET /~dru/NWTK4/Handouts/04%20-%20Netfilter%20Basics.pdf HTTP/1.1" 206 65888 "http://netzwerktechnik.htl.rennweg.at/~dru/NWTK4/Handouts/" "Mozilla/5.0 (Windows NT 10.0; WOW64; rv:43.0) Gecko/20100101 Firefox/43.0"
213.208.148.212 - htl3r [25/Jan/2016:09:50:13 +0100] "GET /~dru/NWTK4/Handouts/04%20-%20Netfilter%20Basics.pdf HTTP/1.1" 206 22850 "http://netzwerktechnik.htl.rennweg.at/~dru/NWTK4/Handouts/" "Mozilla/5.0 (Windows NT 10.0; WOW64; rv:43.0) Gecko/20100101 Firefox/43.0"
213.208.148.212 - htl3r [25/Jan/2016:09:50:13 +0100] "GET /~dru/NWTK4/Handouts/04%20-%20Netfilter%20Basics.pdf HTTP/1.1" 206 65892 "http://netzwerktechnik.htl.rennweg.at/~dru/NWTK4/Handouts/" "Mozilla/5.0 (Windows NT 10.0; WOW64; rv:43.0) Gecko/20100101 Firefox/43.0"
213.208.148.212 - htl3r [25/Jan/2016:09:50:13 +0100] "GET /~dru/NWTK4/Handouts/04%20-%20Netfilter%20Basics.pdf HTTP/1.1" 206 65893 "http://netzwerktechnik.htl.rennweg.at/~dru/NWTK4/Handouts/" "Mozilla/5.0 (Windows NT 10.0; WOW64; rv:43.0) Gecko/20100101 Firefox/43.0"
213.208.148.212 - htl3r [25/Jan/2016:09:50:13 +0100] "GET /~dru/NWTK4/Handouts/04%20-%20Netfilter%20Basics.pdf HTTP/1.1" 206 65894 "http://netzwerktechnik.htl.rennweg.at/~dru/NWTK4/Handouts/" "Mozilla/5.0 (Windows NT 10.0; WOW64; rv:43.0) Gecko/20100101 Firefox/43.0"
213.208.148.212 - htl3r [25/Jan/2016:09:50:20 +0100] "GET /~dru/NWTK4/Handouts/03%20-%20Netfilter%20Intro.pdf HTTP/1.1" 200 564525 "http://netzwerktechnik.htl.rennweg.at/~dru/NWTK4/Handouts/" "Mozilla/5.0 (Windows NT 10.0; WOW64; rv:43.0) Gecko/20100101 Firefox/43.0"
213.208.148.212 - htl3r [25/Jan/2016:09:50:20 +0100] "GET /~dru/NWTK4/Handouts/03%20-%20Netfilter%20Intro.pdf HTTP/1.1" 206 40292 "http://netzwerktechnik.htl.rennweg.at/~dru/NWTK4/Handouts/" "Mozilla/5.0 (Windows NT 10.0; WOW64; rv:43.0) Gecko/20100101 Firefox/43.0"
213.208.148.212 - htl3r [25/Jan/2016:09:50:21 +0100] "GET /~dru/NWTK4/Handouts/03%20-%20Netfilter%20Intro.pdf HTTP/1.1" 206 65893 "http://netzwerktechnik.htl.rennweg.at/~dru/NWTK4/Handouts/" "Mozilla/5.0 (Windows NT 10.0; WOW64; rv:43.0) Gecko/20100101 Firefox/43.0"
10.14.25.26 - - [25/Jan/2016:09:52:13 +0100] "GET /SEW/ HTTP/1.1" 401 677 "http://netzwerktechnik.htl.rennweg.at/" "Mozilla/5.0 (Windows NT 10.0; WOW64) AppleWebKit/537.36 (KHTML, like Gecko) Chrome/47.0.2526.111 Safari/537.36"
10.14.25.26 - - [25/Jan/2016:09:52:13 +0100] "GET /favicon.ico HTTP/1.1" 200 721 "-" "Mozilla/5.0 (Windows NT 10.0; WOW64) AppleWebKit/537.36 (KHTML, like Gecko) Chrome/47.0.2526.111 Safari/537.36"
162.243.158.7 - - [25/Jan/2016:09:52:15 +0100] "GET /favicon.ico HTTP/1.1" 200 721 "-" "Mozilla/5.0 (Windows NT 10.0; WOW64) AppleWebKit/537.36 (KHTML, like Gecko) Chrome/47.0.2526.111 Safari/537.36"
10.14.25.26 - htl3r [25/Jan/2016:09:52:29 +0100] "GET /SEW/ HTTP/1.1" 200 3056 "http://netzwerktechnik.htl.rennweg.at/" "Mozilla/5.0 (Windows NT 10.0; WOW64) AppleWebKit/537.36 (KHTML, like Gecko) Chrome/47.0.2526.111 Safari/537.36"
10.14.25.26 - htl3r [25/Jan/2016:09:52:47 +0100] "GET /SEW/5xI-NW/ HTTP/1.1" 200 3409 "http://netzwerktechnik.htl.rennweg.at/SEW/" "Mozilla/5.0 (Windows NT 10.0; WOW64) AppleWebKit/537.36 (KHTML, like Gecko) Chrome/47.0.2526.111 Safari/537.36"
10.14.25.26 - - [25/Jan/2016:09:52:52 +0100] "GET /~dru HTTP/1.1" 401 677 "http://netzwerktechnik.htl.rennweg.at/" "Mozilla/5.0 (Windows NT 10.0; WOW64) AppleWebKit/537.36 (KHTML, like Gecko) Chrome/47.0.2526.111 Safari/537.36"
10.14.25.26 - htl3r [25/Jan/2016:09:52:52 +0100] "GET /~dru HTTP/1.1" 301 585 "http://netzwerktechnik.htl.rennweg.at/" "Mozilla/5.0 (Windows NT 10.0; WOW64) AppleWebKit/537.36 (KHTML, like Gecko) Chrome/47.0.2526.111 Safari/537.36"
10.14.25.26 - htl3r [25/Jan/2016:09:52:52 +0100] "GET /~dru/ HTTP/1.1" 200 940 "http://netzwerktechnik.htl.rennweg.at/" "Mozilla/5.0 (Windows NT 10.0; WOW64) AppleWebKit/537.36 (KHTML, like Gecko) Chrome/47.0.2526.111 Safari/537.36"
10.14.25.26 - htl3r [25/Jan/2016:09:52:53 +0100] "GET /~dru/images/folder_yellow.png HTTP/1.1" 200 927 "http://netzwerktechnik.htl.rennweg.at/~dru/" "Mozilla/5.0 (Windows NT 10.0; WOW64) AppleWebKit/537.36 (KHTML, like Gecko) Chrome/47.0.2526.111 Safari/537.36"
10.14.25.26 - htl3r [25/Jan/2016:09:52:53 +0100] "GET /~dru/images/logo_htl3r.gif HTTP/1.1" 200 6076 "http://netzwerktechnik.htl.rennweg.at/~dru/styles/dirlisting.css" "Mozilla/5.0 (Windows NT 10.0; WOW64) AppleWebKit/537.36 (KHTML, like Gecko) Chrome/47.0.2526.111 Safari/537.36"
10.14.25.26 - htl3r [25/Jan/2016:09:53:03 +0100] "GET /~dru/NWTK5/ HTTP/1.1" 200 852 "http://netzwerktechnik.htl.rennweg.at/~dru/" "Mozilla/5.0 (Windows NT 10.0; WOW64) AppleWebKit/537.36 (KHTML, like Gecko) Chrome/47.0.2526.111 Safari/537.36"
10.14.25.26 - htl3r [25/Jan/2016:09:53:03 +0100] "GET /~dru/images/1uparrow.png HTTP/1.1" 200 861 "http://netzwerktechnik.htl.rennweg.at/~dru/NWTK5/" "Mozilla/5.0 (Windows NT 10.0; WOW64) AppleWebKit/537.36 (KHTML, like Gecko) Chrome/47.0.2526.111 Safari/537.36"
10.14.25.26 - htl3r [25/Jan/2016:09:53:05 +0100] "GET /~dru/NWTK5/Labor/ HTTP/1.1" 200 1005 "http://netzwerktechnik.htl.rennweg.at/~dru/NWTK5/" "Mozilla/5.0 (Windows NT 10.0; WOW64) AppleWebKit/537.36 (KHTML, like Gecko) Chrome/47.0.2526.111 Safari/537.36"
10.14.25.26 - htl3r [25/Jan/2016:09:53:11 +0100] "GET /~dru/NWTK5/Labor/UE04_Nagios.pdf HTTP/1.1" 200 265136 "http://netzwerktechnik.htl.rennweg.at/~dru/NWTK5/Labor/" "Mozilla/5.0 (Windows NT 10.0; WOW64) AppleWebKit/537.36 (KHTML, like Gecko) Chrome/47.0.2526.111 Safari/537.36"
66.249.93.58 - - [25/Jan/2016:10:01:04 +0100] "GET / HTTP/1.1" 200 854 "-" "Mozilla/5.0 (Windows NT 6.1; rv:6.0) Gecko/20110814 Firefox/6.0 Google Favicon"
66.102.9.68 - - [25/Jan/2016:10:01:04 +0100] "GET / HTTP/1.1" 200 854 "http://www.google.com/search" "Mozilla/5.0 (X11; Linux x86_64) AppleWebKit/537.36 (KHTML, like Gecko; Google Web Preview) Chrome/27.0.1453 Safari/537.36"
66.249.93.60 - - [25/Jan/2016:10:01:04 +0100] "GET /favicon.ico HTTP/1.1" 200 721 "-" "Mozilla/5.0 (Windows NT 6.1; rv:6.0) Gecko/20110814 Firefox/6.0 Google Favicon"
66.102.9.82 - - [25/Jan/2016:10:01:04 +0100] "GET /img/htl.png HTTP/1.1" 200 19215 "http://netzwerktechnik.htl.rennweg.at/" "Mozilla/5.0 (X11; Linux x86_64) AppleWebKit/537.36 (KHTML, like Gecko; Google Web Preview) Chrome/27.0.1453 Safari/537.36"
10.14.26.179 - - [25/Jan/2016:10:17:31 +0100] "GET / HTTP/1.1" 200 854 "-" "Mozilla/5.0 (Windows NT 6.3; WOW64) AppleWebKit/537.36 (KHTML, like Gecko) Chrome/47.0.2526.111 Safari/537.36"
10.14.26.179 - - [25/Jan/2016:10:17:31 +0100] "GET /img/htl.png HTTP/1.1" 200 19214 "http://netzwerktechnik.htl.rennweg.at/" "Mozilla/5.0 (Windows NT 6.3; WOW64) AppleWebKit/537.36 (KHTML, like Gecko) Chrome/47.0.2526.111 Safari/537.36"
40.77.167.11 - - [25/Jan/2016:10:45:09 +0100] "GET /robots.txt HTTP/1.1" 404 45540 "-" "Mozilla/5.0 (compatible; bingbot/2.0; +http://www.bing.com/bingbot.htm)"
40.77.167.11 - - [25/Jan/2016:10:45:30 +0100] "GET / HTTP/1.1" 200 854 "-" "Mozilla/5.0 (compatible; bingbot/2.0; +http://www.bing.com/bingbot.htm)"
10.14.27.1 - - [25/Jan/2016:10:56:03 +0100] "GET / HTTP/1.1" 304 210 "-" "Mozilla/5.0 (Windows NT 10.0; WOW64; rv:43.0) Gecko/20100101 Firefox/43.0"
10.14.27.1 - - [25/Jan/2016:10:56:03 +0100] "GET /img/htl.png HTTP/1.1" 304 187 "http://netzwerktechnik.htl.rennweg.at/" "Mozilla/5.0 (Windows NT 10.0; WOW64; rv:43.0) Gecko/20100101 Firefox/43.0"
10.14.27.1 - htl3r [25/Jan/2016:11:05:13 +0100] "GET /~zai HTTP/1.1" 301 586 "http://netzwerktechnik.htl.rennweg.at/" "Mozilla/5.0 (Windows NT 10.0; WOW64; rv:43.0) Gecko/20100101 Firefox/43.0"
10.14.27.1 - htl3r [25/Jan/2016:11:05:13 +0100] "GET /~zai/ HTTP/1.1" 200 2386 "http://netzwerktechnik.htl.rennweg.at/" "Mozilla/5.0 (Windows NT 10.0; WOW64; rv:43.0) Gecko/20100101 Firefox/43.0"
10.14.27.1 - htl3r [25/Jan/2016:11:05:14 +0100] "GET /~hor/theme/style.css HTTP/1.1" 200 1197 "http://netzwerktechnik.htl.rennweg.at/~zai/" "Mozilla/5.0 (Windows NT 10.0; WOW64; rv:43.0) Gecko/20100101 Firefox/43.0"
10.14.27.1 - htl3r [25/Jan/2016:11:05:15 +0100] "GET /~hor/theme/icons/blank.png HTTP/1.1" 200 517 "http://netzwerktechnik.htl.rennweg.at/~zai/" "Mozilla/5.0 (Windows NT 10.0; WOW64; rv:43.0) Gecko/20100101 Firefox/43.0"
10.14.27.1 - htl3r [25/Jan/2016:11:05:15 +0100] "GET /~hor/theme/icons/folder-home.png HTTP/1.1" 200 910 "http://netzwerktechnik.htl.rennweg.at/~zai/" "Mozilla/5.0 (Windows NT 10.0; WOW64; rv:43.0) Gecko/20100101 Firefox/43.0"
10.14.27.1 - htl3r [25/Jan/2016:11:05:15 +0100] "GET /~hor/theme/icons/folder.png HTTP/1.1" 200 687 "http://netzwerktechnik.htl.rennweg.at/~zai/" "Mozilla/5.0 (Windows NT 10.0; WOW64; rv:43.0) Gecko/20100101 Firefox/43.0"
10.14.27.1 - htl3r [25/Jan/2016:11:05:15 +0100] "GET /~hor/theme/icons/doc.png HTTP/1.1" 200 827 "http://netzwerktechnik.htl.rennweg.at/~zai/" "Mozilla/5.0 (Windows NT 10.0; WOW64; rv:43.0) Gecko/20100101 Firefox/43.0"
10.14.27.1 - htl3r [25/Jan/2016:11:05:18 +0100] "GET /~zai/HTL/ HTTP/1.1" 200 2161 "http://netzwerktechnik.htl.rennweg.at/~zai/" "Mozilla/5.0 (Windows NT 10.0; WOW64; rv:43.0) Gecko/20100101 Firefox/43.0"
10.14.27.1 - - [25/Jan/2016:11:07:03 +0100] "GET /~zai/HTL/NWT-2xI/Handouts/ HTTP/1.1" 404 169006 "http://moodle.htl.rennweg.at/alt/mod/url/view.php?id=24048" "Mozilla/5.0 (Windows NT 10.0; WOW64; rv:43.0) Gecko/20100101 Firefox/43.0"
10.14.27.1 - - [25/Jan/2016:11:07:03 +0100] "GET /~zai/HTL/NWT-2xI/Handouts/ HTTP/1.1" 404 169005 "-" "Mozilla/5.0 (Windows NT 10.0; WOW64; rv:43.0) Gecko/20100101 Firefox/43.0"
10.0.0.114 - - [25/Jan/2016:11:18:09 +0100] "GET /favicon.ico HTTP/1.1" 200 721 "-" "Mozilla/5.0 (Windows NT 6.3; WOW64; rv:43.0) Gecko/20100101 Firefox/43.0"
213.208.148.212 - - [25/Jan/2016:11:24:40 +0100] "GET / HTTP/1.1" 200 854 "-" "Mozilla/5.0 (Windows NT 6.3; WOW64; rv:43.0) Gecko/20100101 Firefox/43.0"
213.208.148.212 - - [25/Jan/2016:11:24:42 +0100] "GET /favicon.ico HTTP/1.1" 200 720 "-" "Mozilla/5.0 (Windows NT 6.3; WOW64; rv:43.0) Gecko/20100101 Firefox/43.0"
213.208.148.212 - - [25/Jan/2016:11:24:45 +0100] "GET /SEW HTTP/1.1" 401 676 "http://netzwerktechnik.htl.rennweg.at/" "Mozilla/5.0 (Windows NT 6.3; WOW64; rv:43.0) Gecko/20100101 Firefox/43.0"
213.208.148.212 - htl3r [25/Jan/2016:11:24:49 +0100] "GET /SEW HTTP/1.1" 301 582 "http://netzwerktechnik.htl.rennweg.at/" "Mozilla/5.0 (Windows NT 6.3; WOW64; rv:43.0) Gecko/20100101 Firefox/43.0"
213.208.148.212 - htl3r [25/Jan/2016:11:24:49 +0100] "GET /SEW/ HTTP/1.1" 200 3055 "http://netzwerktechnik.htl.rennweg.at/" "Mozilla/5.0 (Windows NT 6.3; WOW64; rv:43.0) Gecko/20100101 Firefox/43.0"
213.208.148.212 - htl3r [25/Jan/2016:11:24:50 +0100] "GET /~hor/theme/style.css HTTP/1.1" 200 1197 "http://netzwerktechnik.htl.rennweg.at/SEW/" "Mozilla/5.0 (Windows NT 6.3; WOW64; rv:43.0) Gecko/20100101 Firefox/43.0"
213.208.148.212 - htl3r [25/Jan/2016:11:24:50 +0100] "GET /~hor/theme/icons/blank.png HTTP/1.1" 200 518 "http://netzwerktechnik.htl.rennweg.at/SEW/" "Mozilla/5.0 (Windows NT 6.3; WOW64; rv:43.0) Gecko/20100101 Firefox/43.0"
213.208.148.212 - htl3r [25/Jan/2016:11:24:50 +0100] "GET /~hor/theme/icons/folder-home.png HTTP/1.1" 200 910 "http://netzwerktechnik.htl.rennweg.at/SEW/" "Mozilla/5.0 (Windows NT 6.3; WOW64; rv:43.0) Gecko/20100101 Firefox/43.0"
213.208.148.212 - htl3r [25/Jan/2016:11:24:50 +0100] "GET /~hor/theme/icons/folder.png HTTP/1.1" 200 686 "http://netzwerktechnik.htl.rennweg.at/SEW/" "Mozilla/5.0 (Windows NT 6.3; WOW64; rv:43.0) Gecko/20100101 Firefox/43.0"
213.208.148.212 - htl3r [25/Jan/2016:11:24:50 +0100] "GET /~hor/theme/icons/pdf.png HTTP/1.1" 200 1091 "http://netzwerktechnik.htl.rennweg.at/SEW/" "Mozilla/5.0 (Windows NT 6.3; WOW64; rv:43.0) Gecko/20100101 Firefox/43.0"
213.208.148.212 - - [25/Jan/2016:11:24:51 +0100] "GET /favicon.ico HTTP/1.1" 304 186 "-" "Mozilla/5.0 (Windows NT 6.3; WOW64; rv:43.0) Gecko/20100101 Firefox/43.0"
213.208.148.212 - htl3r [25/Jan/2016:11:24:53 +0100] "GET /SEW/4xI-NW/ HTTP/1.1" 200 4360 "http://netzwerktechnik.htl.rennweg.at/SEW/" "Mozilla/5.0 (Windows NT 6.3; WOW64; rv:43.0) Gecko/20100101 Firefox/43.0"
213.208.148.212 - htl3r [25/Jan/2016:11:24:53 +0100] "GET /~hor/theme/icons/zip.png HTTP/1.1" 200 908 "http://netzwerktechnik.htl.rennweg.at/SEW/4xI-NW/" "Mozilla/5.0 (Windows NT 6.3; WOW64; rv:43.0) Gecko/20100101 Firefox/43.0"
213.208.148.212 - htl3r [25/Jan/2016:11:24:53 +0100] "GET /~hor/theme/icons/text.png HTTP/1.1" 200 754 "http://netzwerktechnik.htl.rennweg.at/SEW/4xI-NW/" "Mozilla/5.0 (Windows NT 6.3; WOW64; rv:43.0) Gecko/20100101 Firefox/43.0"
213.208.148.212 - htl3r [25/Jan/2016:11:25:01 +0100] "GET /SEW/4xI-NW/05_python.pdf HTTP/1.1" 200 448988 "http://netzwerktechnik.htl.rennweg.at/SEW/4xI-NW/" "Mozilla/5.0 (Windows NT 6.3; WOW64; rv:43.0) Gecko/20100101 Firefox/43.0"
213.208.148.212 - htl3r [25/Jan/2016:11:25:03 +0100] "GET /SEW/4xI-NW/05_python.pdf HTTP/1.1" 206 65892 "http://netzwerktechnik.htl.rennweg.at/SEW/4xI-NW/" "Mozilla/5.0 (Windows NT 6.3; WOW64; rv:43.0) Gecko/20100101 Firefox/43.0"
213.208.148.212 - htl3r [25/Jan/2016:11:25:03 +0100] "GET /SEW/4xI-NW/05_python.pdf HTTP/1.1" 206 55827 "http://netzwerktechnik.htl.rennweg.at/SEW/4xI-NW/" "Mozilla/5.0 (Windows NT 6.3; WOW64; rv:43.0) Gecko/20100101 Firefox/43.0"
10.14.25.65 - - [25/Jan/2016:11:54:13 +0100] "GET / HTTP/1.1" 200 854 "-" "Mozilla/5.0 (Macintosh; Intel Mac OS X 10_11_1) AppleWebKit/601.2.7 (KHTML, like Gecko) Version/9.0.1 Safari/601.2.7"
10.14.25.65 - - [25/Jan/2016:11:54:13 +0100] "GET /img/htl.png HTTP/1.1" 200 19214 "http://netzwerktechnik.htl.rennweg.at/" "Mozilla/5.0 (Macintosh; Intel Mac OS X 10_11_1) AppleWebKit/601.2.7 (KHTML, like Gecko) Version/9.0.1 Safari/601.2.7"
10.14.25.65 - - [25/Jan/2016:11:54:13 +0100] "GET /favicon.ico HTTP/1.1" 200 720 "http://netzwerktechnik.htl.rennweg.at/" "Mozilla/5.0 (Macintosh; Intel Mac OS X 10_11_1) AppleWebKit/601.2.7 (KHTML, like Gecko) Version/9.0.1 Safari/601.2.7"
10.14.25.65 - - [25/Jan/2016:11:54:19 +0100] "GET /SEW HTTP/1.1" 401 677 "http://netzwerktechnik.htl.rennweg.at/" "Mozilla/5.0 (Macintosh; Intel Mac OS X 10_11_1) AppleWebKit/601.2.7 (KHTML, like Gecko) Version/9.0.1 Safari/601.2.7"
10.14.25.65 - htl3r [25/Jan/2016:11:54:19 +0100] "GET /SEW HTTP/1.1" 301 582 "http://netzwerktechnik.htl.rennweg.at/" "Mozilla/5.0 (Macintosh; Intel Mac OS X 10_11_1) AppleWebKit/601.2.7 (KHTML, like Gecko) Version/9.0.1 Safari/601.2.7"
10.14.25.65 - htl3r [25/Jan/2016:11:54:19 +0100] "GET /SEW/ HTTP/1.1" 200 3055 "http://netzwerktechnik.htl.rennweg.at/" "Mozilla/5.0 (Macintosh; Intel Mac OS X 10_11_1) AppleWebKit/601.2.7 (KHTML, like Gecko) Version/9.0.1 Safari/601.2.7"
10.14.25.65 - htl3r [25/Jan/2016:11:54:20 +0100] "GET /~hor/theme/style.css HTTP/1.1" 200 1197 "http://netzwerktechnik.htl.rennweg.at/SEW/" "Mozilla/5.0 (Macintosh; Intel Mac OS X 10_11_1) AppleWebKit/601.2.7 (KHTML, like Gecko) Version/9.0.1 Safari/601.2.7"
10.14.25.65 - htl3r [25/Jan/2016:11:54:20 +0100] "GET /~hor/theme/icons/folder-home.png HTTP/1.1" 200 910 "http://netzwerktechnik.htl.rennweg.at/SEW/" "Mozilla/5.0 (Macintosh; Intel Mac OS X 10_11_1) AppleWebKit/601.2.7 (KHTML, like Gecko) Version/9.0.1 Safari/601.2.7"
10.14.25.65 - htl3r [25/Jan/2016:11:54:20 +0100] "GET /~hor/theme/icons/folder.png HTTP/1.1" 200 687 "http://netzwerktechnik.htl.rennweg.at/SEW/" "Mozilla/5.0 (Macintosh; Intel Mac OS X 10_11_1) AppleWebKit/601.2.7 (KHTML, like Gecko) Version/9.0.1 Safari/601.2.7"
10.14.25.65 - htl3r [25/Jan/2016:11:54:20 +0100] "GET /~hor/theme/icons/blank.png HTTP/1.1" 200 518 "http://netzwerktechnik.htl.rennweg.at/SEW/" "Mozilla/5.0 (Macintosh; Intel Mac OS X 10_11_1) AppleWebKit/601.2.7 (KHTML, like Gecko) Version/9.0.1 Safari/601.2.7"
10.14.25.65 - htl3r [25/Jan/2016:11:54:21 +0100] "GET /SEW/5xI-NW/ HTTP/1.1" 200 3408 "http://netzwerktechnik.htl.rennweg.at/SEW/" "Mozilla/5.0 (Macintosh; Intel Mac OS X 10_11_1) AppleWebKit/601.2.7 (KHTML, like Gecko) Version/9.0.1 Safari/601.2.7"
10.14.25.65 - htl3r [25/Jan/2016:11:54:23 +0100] "GET /SEW/5xI-NW/plf_1_1/ HTTP/1.1" 200 3326 "http://netzwerktechnik.htl.rennweg.at/SEW/5xI-NW/" "Mozilla/5.0 (Macintosh; Intel Mac OS X 10_11_1) AppleWebKit/601.2.7 (KHTML, like Gecko) Version/9.0.1 Safari/601.2.7"
10.14.25.65 - - [25/Jan/2016:11:54:23 +0100] "GET /icons/text.gif HTTP/1.1" 200 519 "http://netzwerktechnik.htl.rennweg.at/SEW/5xI-NW/plf_1_1/" "Mozilla/5.0 (Macintosh; Intel Mac OS X 10_11_1) AppleWebKit/601.2.7 (KHTML, like Gecko) Version/9.0.1 Safari/601.2.7"
10.14.25.65 - htl3r [25/Jan/2016:11:54:23 +0100] "GET /~hor/theme/icons/archive.png HTTP/1.1" 200 842 "http://netzwerktechnik.htl.rennweg.at/SEW/5xI-NW/plf_1_1/" "Mozilla/5.0 (Macintosh; Intel Mac OS X 10_11_1) AppleWebKit/601.2.7 (KHTML, like Gecko) Version/9.0.1 Safari/601.2.7"
10.14.25.65 - htl3r [25/Jan/2016:11:54:23 +0100] "GET /~hor/theme/icons/zip.png HTTP/1.1" 200 908 "http://netzwerktechnik.htl.rennweg.at/SEW/5xI-NW/plf_1_1/" "Mozilla/5.0 (Macintosh; Intel Mac OS X 10_11_1) AppleWebKit/601.2.7 (KHTML, like Gecko) Version/9.0.1 Safari/601.2.7"
10.14.25.65 - htl3r [25/Jan/2016:11:54:25 +0100] "GET /SEW/5xI-NW/plf_1_1/5DN-Stand-20160117.pdf HTTP/1.1" 200 39161 "http://netzwerktechnik.htl.rennweg.at/SEW/5xI-NW/plf_1_1/" "Mozilla/5.0 (Macintosh; Intel Mac OS X 10_11_1) AppleWebKit/601.2.7 (KHTML, like Gecko) Version/9.0.1 Safari/601.2.7"
10.0.79.72 - - [25/Jan/2016:12:34:50 +0100] "GET / HTTP/1.1" 304 210 "-" "Mozilla/5.0 (X11; Linux x86_64) AppleWebKit/537.36 (KHTML, like Gecko) Chrome/44.0.2403.157 Safari/537.36"
10.0.79.72 - - [25/Jan/2016:12:34:52 +0100] "GET /SYT-BS HTTP/1.1" 401 676 "http://netzwerktechnik.htl.rennweg.at/" "Mozilla/5.0 (X11; Linux x86_64) AppleWebKit/537.36 (KHTML, like Gecko) Chrome/44.0.2403.157 Safari/537.36"
10.0.79.72 - - [25/Jan/2016:12:34:57 +0100] "GET /SYT-BS HTTP/1.1" 401 676 "http://netzwerktechnik.htl.rennweg.at/" "Mozilla/5.0 (X11; Linux x86_64) AppleWebKit/537.36 (KHTML, like Gecko) Chrome/44.0.2403.157 Safari/537.36"
10.0.79.72 - htl3r [25/Jan/2016:12:34:59 +0100] "GET /SYT-BS HTTP/1.1" 301 588 "http://netzwerktechnik.htl.rennweg.at/" "Mozilla/5.0 (X11; Linux x86_64) AppleWebKit/537.36 (KHTML, like Gecko) Chrome/44.0.2403.157 Safari/537.36"
10.0.79.72 - htl3r [25/Jan/2016:12:34:59 +0100] "GET /SYT-BS/ HTTP/1.1" 200 2101 "http://netzwerktechnik.htl.rennweg.at/" "Mozilla/5.0 (X11; Linux x86_64) AppleWebKit/537.36 (KHTML, like Gecko) Chrome/44.0.2403.157 Safari/537.36"
10.0.79.72 - htl3r [25/Jan/2016:12:34:59 +0100] "GET /~hor/theme/style.css HTTP/1.1" 304 210 "http://netzwerktechnik.htl.rennweg.at/SYT-BS/" "Mozilla/5.0 (X11; Linux x86_64) AppleWebKit/537.36 (KHTML, like Gecko) Chrome/44.0.2403.157 Safari/537.36"
10.0.79.72 - htl3r [25/Jan/2016:12:34:59 +0100] "GET /~hor/theme/icons/blank.png HTTP/1.1" 304 187 "http://netzwerktechnik.htl.rennweg.at/SYT-BS/" "Mozilla/5.0 (X11; Linux x86_64) AppleWebKit/537.36 (KHTML, like Gecko) Chrome/44.0.2403.157 Safari/537.36"
10.0.79.72 - htl3r [25/Jan/2016:12:34:59 +0100] "GET /~hor/theme/icons/folder.png HTTP/1.1" 304 187 "http://netzwerktechnik.htl.rennweg.at/SYT-BS/" "Mozilla/5.0 (X11; Linux x86_64) AppleWebKit/537.36 (KHTML, like Gecko) Chrome/44.0.2403.157 Safari/537.36"
10.0.79.72 - htl3r [25/Jan/2016:12:34:59 +0100] "GET /~hor/theme/icons/folder-home.png HTTP/1.1" 304 187 "http://netzwerktechnik.htl.rennweg.at/SYT-BS/" "Mozilla/5.0 (X11; Linux x86_64) AppleWebKit/537.36 (KHTML, like Gecko) Chrome/44.0.2403.157 Safari/537.36"
10.0.79.72 - htl3r [25/Jan/2016:12:35:01 +0100] "GET /SYT-BS/3xI/ HTTP/1.1" 200 2397 "http://netzwerktechnik.htl.rennweg.at/SYT-BS/" "Mozilla/5.0 (X11; Linux x86_64) AppleWebKit/537.36 (KHTML, like Gecko) Chrome/44.0.2403.157 Safari/537.36"
10.0.79.72 - htl3r [25/Jan/2016:12:35:02 +0100] "GET /SYT-BS/3xI/Labor/ HTTP/1.1" 200 5615 "http://netzwerktechnik.htl.rennweg.at/SYT-BS/3xI/" "Mozilla/5.0 (X11; Linux x86_64) AppleWebKit/537.36 (KHTML, like Gecko) Chrome/44.0.2403.157 Safari/537.36"
10.0.79.72 - htl3r [25/Jan/2016:12:35:02 +0100] "GET /~hor/theme/icons/default.png HTTP/1.1" 200 602 "http://netzwerktechnik.htl.rennweg.at/SYT-BS/3xI/Labor/" "Mozilla/5.0 (X11; Linux x86_64) AppleWebKit/537.36 (KHTML, like Gecko) Chrome/44.0.2403.157 Safari/537.36"
10.0.79.72 - htl3r [25/Jan/2016:12:35:07 +0100] "GET /SYT-BS/3xI/Labor/UE11_Linux_Scripting-full.pdf HTTP/1.1" 200 138943 "http://netzwerktechnik.htl.rennweg.at/SYT-BS/3xI/Labor/" "Mozilla/5.0 (X11; Linux x86_64) AppleWebKit/537.36 (KHTML, like Gecko) Chrome/44.0.2403.157 Safari/537.36"
10.0.79.77 - - [25/Jan/2016:12:35:20 +0100] "GET / HTTP/1.1" 304 210 "-" "Mozilla/5.0 (X11; Linux x86_64) AppleWebKit/537.36 (KHTML, like Gecko) Chrome/44.0.2403.157 Safari/537.36"
10.0.79.77 - - [25/Jan/2016:12:35:22 +0100] "GET /SYT-BS/ HTTP/1.1" 401 676 "http://netzwerktechnik.htl.rennweg.at/" "Mozilla/5.0 (X11; Linux x86_64) AppleWebKit/537.36 (KHTML, like Gecko) Chrome/44.0.2403.157 Safari/537.36"
10.0.79.77 - htl3r [25/Jan/2016:12:35:24 +0100] "GET /SYT-BS/ HTTP/1.1" 200 2101 "http://netzwerktechnik.htl.rennweg.at/" "Mozilla/5.0 (X11; Linux x86_64) AppleWebKit/537.36 (KHTML, like Gecko) Chrome/44.0.2403.157 Safari/537.36"
10.0.79.77 - htl3r [25/Jan/2016:12:35:25 +0100] "GET /SYT-BS/3xI/ HTTP/1.1" 200 2397 "http://netzwerktechnik.htl.rennweg.at/SYT-BS/" "Mozilla/5.0 (X11; Linux x86_64) AppleWebKit/537.36 (KHTML, like Gecko) Chrome/44.0.2403.157 Safari/537.36"
10.0.79.77 - htl3r [25/Jan/2016:12:35:26 +0100] "GET /SYT-BS/3xI/Labor/ HTTP/1.1" 200 5615 "http://netzwerktechnik.htl.rennweg.at/SYT-BS/3xI/" "Mozilla/5.0 (X11; Linux x86_64) AppleWebKit/537.36 (KHTML, like Gecko) Chrome/44.0.2403.157 Safari/537.36"
10.0.79.77 - - [25/Jan/2016:12:35:30 +0100] "HEAD /SYT-BS/3xI/Labor/UE11_Linux_Scripting-full.pdf HTTP/1.1" 401 327 "-" "gvfs/1.20.3"
10.0.79.77 - htl3r [25/Jan/2016:12:35:37 +0100] "GET /SYT-BS/3xI/Labor/UE11_Linux_Scripting-full.pdf HTTP/1.1" 200 138943 "http://netzwerktechnik.htl.rennweg.at/SYT-BS/3xI/Labor/" "Mozilla/5.0 (X11; Linux x86_64) AppleWebKit/537.36 (KHTML, like Gecko) Chrome/44.0.2403.157 Safari/537.36"
10.0.79.76 - - [25/Jan/2016:12:35:38 +0100] "GET /SYT-BS/3xI/ HTTP/1.1" 401 677 "-" "Mozilla/5.0 (X11; Linux x86_64) AppleWebKit/537.36 (KHTML, like Gecko) Chrome/44.0.2403.157 Safari/537.36"
10.0.0.114 - - [25/Jan/2016:12:35:44 +0100] "GET / HTTP/1.1" 304 210 "-" "Mozilla/5.0 (X11; Ubuntu; Linux x86_64; rv:40.0) Gecko/20100101 Firefox/40.0"
10.0.0.114 - - [25/Jan/2016:12:35:46 +0100] "GET /SYT-BS/ HTTP/1.1" 401 676 "http://netzwerktechnik.htl.rennweg.at/" "Mozilla/5.0 (X11; Ubuntu; Linux x86_64; rv:40.0) Gecko/20100101 Firefox/40.0"
10.0.0.114 - htl3r [25/Jan/2016:12:35:48 +0100] "GET /SYT-BS/ HTTP/1.1" 200 2101 "http://netzwerktechnik.htl.rennweg.at/" "Mozilla/5.0 (X11; Ubuntu; Linux x86_64; rv:40.0) Gecko/20100101 Firefox/40.0"
10.0.0.114 - htl3r [25/Jan/2016:12:35:49 +0100] "GET /SYT-BS/3xI/ HTTP/1.1" 200 2397 "http://netzwerktechnik.htl.rennweg.at/SYT-BS/" "Mozilla/5.0 (X11; Ubuntu; Linux x86_64; rv:40.0) Gecko/20100101 Firefox/40.0"
10.0.0.114 - htl3r [25/Jan/2016:12:35:50 +0100] "GET /SYT-BS/3xI/Labor/ HTTP/1.1" 200 5615 "http://netzwerktechnik.htl.rennweg.at/SYT-BS/3xI/" "Mozilla/5.0 (X11; Ubuntu; Linux x86_64; rv:40.0) Gecko/20100101 Firefox/40.0"
10.0.0.114 - htl3r [25/Jan/2016:12:35:51 +0100] "GET /SYT-BS/3xI/Labor/UE11_Linux_Scripting-full.pdf HTTP/1.1" 200 138942 "http://netzwerktechnik.htl.rennweg.at/SYT-BS/3xI/Labor/" "Mozilla/5.0 (X11; Ubuntu; Linux x86_64; rv:40.0) Gecko/20100101 Firefox/40.0"
10.0.0.114 - - [25/Jan/2016:12:36:00 +0100] "GET / HTTP/1.1" 304 210 "-" "Mozilla/5.0 (X11; Linux x86_64) AppleWebKit/537.36 (KHTML, like Gecko) Chrome/44.0.2403.157 Safari/537.36"
10.0.0.114 - - [25/Jan/2016:12:36:05 +0100] "GET /SYT-BS HTTP/1.1" 401 676 "http://netzwerktechnik.htl.rennweg.at/" "Mozilla/5.0 (X11; Linux x86_64) AppleWebKit/537.36 (KHTML, like Gecko) Chrome/44.0.2403.157 Safari/537.36"
10.0.0.114 - htl3r [25/Jan/2016:12:36:14 +0100] "GET /SYT-BS HTTP/1.1" 301 589 "http://netzwerktechnik.htl.rennweg.at/" "Mozilla/5.0 (X11; Linux x86_64) AppleWebKit/537.36 (KHTML, like Gecko) Chrome/44.0.2403.157 Safari/537.36"
10.0.0.114 - htl3r [25/Jan/2016:12:36:14 +0100] "GET /SYT-BS/ HTTP/1.1" 200 2101 "http://netzwerktechnik.htl.rennweg.at/" "Mozilla/5.0 (X11; Linux x86_64) AppleWebKit/537.36 (KHTML, like Gecko) Chrome/44.0.2403.157 Safari/537.36"
10.0.0.114 - htl3r [25/Jan/2016:12:36:18 +0100] "GET /SYT-BS/3xI/ HTTP/1.1" 200 2397 "http://netzwerktechnik.htl.rennweg.at/SYT-BS/" "Mozilla/5.0 (X11; Linux x86_64) AppleWebKit/537.36 (KHTML, like Gecko) Chrome/44.0.2403.157 Safari/537.36"
10.0.0.114 - htl3r [25/Jan/2016:12:36:20 +0100] "GET /SYT-BS/3xI/Labor/Vorlage/ HTTP/1.1" 200 2497 "http://netzwerktechnik.htl.rennweg.at/SYT-BS/3xI/Labor/" "Mozilla/5.0 (X11; Ubuntu; Linux x86_64; rv:40.0) Gecko/20100101 Firefox/40.0"
10.0.0.114 - htl3r [25/Jan/2016:12:36:21 +0100] "GET /SYT-BS/3xI/Labor/Vorlage/UExx_Protokollvorlage-CLIL.ott HTTP/1.1" 200 65871 "http://netzwerktechnik.htl.rennweg.at/SYT-BS/3xI/Labor/Vorlage/" "Mozilla/5.0 (X11; Ubuntu; Linux x86_64; rv:40.0) Gecko/20100101 Firefox/40.0"
10.0.0.114 - htl3r [25/Jan/2016:12:36:23 +0100] "GET /SYT-BS/3xI/Labor/Vorlage/UExx_Protokollvorlage.ott HTTP/1.1" 200 67107 "http://netzwerktechnik.htl.rennweg.at/SYT-BS/3xI/Labor/Vorlage/" "Mozilla/5.0 (X11; Ubuntu; Linux x86_64; rv:40.0) Gecko/20100101 Firefox/40.0"
10.0.0.114 - htl3r [25/Jan/2016:12:36:26 +0100] "GET /SYT-BS/3xI/Handouts/ HTTP/1.1" 200 1725 "http://netzwerktechnik.htl.rennweg.at/SYT-BS/3xI/" "Mozilla/5.0 (X11; Linux x86_64) AppleWebKit/537.36 (KHTML, like Gecko) Chrome/44.0.2403.157 Safari/537.36"
10.0.0.114 - htl3r [25/Jan/2016:12:36:28 +0100] "GET /SYT-BS/3xI/ HTTP/1.1" 200 2397 "http://netzwerktechnik.htl.rennweg.at/SYT-BS/3xI/Handouts/" "Mozilla/5.0 (X11; Linux x86_64) AppleWebKit/537.36 (KHTML, like Gecko) Chrome/44.0.2403.157 Safari/537.36"
213.208.148.212 - - [25/Jan/2016:12:36:28 +0100] "GET /~dru/NWTK5/Handouts/ HTTP/1.1" 401 677 "-" "Mozilla/5.0 (Windows NT 6.3; WOW64) AppleWebKit/537.36 (KHTML, like Gecko) Chrome/47.0.2526.111 Safari/537.36"
10.0.0.114 - htl3r [25/Jan/2016:12:36:28 +0100] "GET /SYT-BS/3xI/Labor/ HTTP/1.1" 200 5615 "http://netzwerktechnik.htl.rennweg.at/SYT-BS/3xI/" "Mozilla/5.0 (X11; Linux x86_64) AppleWebKit/537.36 (KHTML, like Gecko) Chrome/44.0.2403.157 Safari/537.36"
10.0.0.114 - htl3r [25/Jan/2016:12:36:31 +0100] "GET /SYT-BS/3xI/Labor/UE11_Linux_Scripting-full.pdf HTTP/1.1" 200 138942 "http://netzwerktechnik.htl.rennweg.at/SYT-BS/3xI/Labor/" "Mozilla/5.0 (X11; Linux x86_64) AppleWebKit/537.36 (KHTML, like Gecko) Chrome/44.0.2403.157 Safari/537.36"
184.95.52.198 - - [25/Jan/2016:12:36:33 +0100] "GET /favicon.ico HTTP/1.1" 200 721 "-" "Mozilla/5.0 (Windows NT 6.3; WOW64) AppleWebKit/537.36 (KHTML, like Gecko) Chrome/47.0.2526.111 Safari/537.36"
213.208.148.212 - - [25/Jan/2016:12:36:35 +0100] "GET /favicon.ico HTTP/1.1" 200 721 "-" "Mozilla/5.0 (Windows NT 6.3; WOW64) AppleWebKit/537.36 (KHTML, like Gecko) Chrome/47.0.2526.111 Safari/537.36"
10.0.0.114 - - [25/Jan/2016:12:36:53 +0100] "GET / HTTP/1.1" 304 210 "-" "Mozilla/5.0 (X11; Ubuntu; Linux x86_64; rv:40.0) Gecko/20100101 Firefox/40.0"
10.0.0.114 - - [25/Jan/2016:12:37:00 +0100] "GET /SYT-BS/ HTTP/1.1" 401 677 "http://netzwerktechnik.htl.rennweg.at/" "Mozilla/5.0 (X11; Ubuntu; Linux x86_64; rv:40.0) Gecko/20100101 Firefox/40.0"
10.14.16.204 - - [25/Jan/2016:12:37:01 +0100] "GET /~hor/theme/icons/folder.png HTTP/1.1" 401 677 "http://moodle.htl.rennweg.at/alt/course/view.php?id=603" "Mozilla/5.0 (Windows NT 10.0; WOW64) AppleWebKit/537.36 (KHTML, like Gecko) Chrome/47.0.2526.111 Safari/537.36"
10.0.79.80 - - [25/Jan/2016:12:37:03 +0100] "GET / HTTP/1.1" 304 210 "-" "Mozilla/5.0 (X11; Ubuntu; Linux x86_64; rv:40.0) Gecko/20100101 Firefox/40.0"
10.0.79.80 - - [25/Jan/2016:12:37:05 +0100] "GET /SYT-BS/ HTTP/1.1" 401 676 "http://netzwerktechnik.htl.rennweg.at/" "Mozilla/5.0 (X11; Ubuntu; Linux x86_64; rv:40.0) Gecko/20100101 Firefox/40.0"
10.0.0.114 - htl3r [25/Jan/2016:12:37:05 +0100] "GET /SYT-BS/ HTTP/1.1" 200 2102 "http://netzwerktechnik.htl.rennweg.at/" "Mozilla/5.0 (X11; Ubuntu; Linux x86_64; rv:40.0) Gecko/20100101 Firefox/40.0"
10.14.16.204 - htl3r [25/Jan/2016:12:37:06 +0100] "GET /~hor/theme/icons/folder.png HTTP/1.1" 200 686 "http://moodle.htl.rennweg.at/alt/course/view.php?id=603" "Mozilla/5.0 (Windows NT 10.0; WOW64) AppleWebKit/537.36 (KHTML, like Gecko) Chrome/47.0.2526.111 Safari/537.36"
10.0.79.75 - - [25/Jan/2016:12:37:07 +0100] "GET / HTTP/1.1" 304 210 "-" "Mozilla/5.0 (X11; Linux x86_64) AppleWebKit/537.36 (KHTML, like Gecko) Chrome/44.0.2403.157 Safari/537.36"
10.0.79.80 - htl3r [25/Jan/2016:12:37:07 +0100] "GET /SYT-BS/ HTTP/1.1" 200 2101 "http://netzwerktechnik.htl.rennweg.at/" "Mozilla/5.0 (X11; Ubuntu; Linux x86_64; rv:40.0) Gecko/20100101 Firefox/40.0"
10.0.0.114 - htl3r [25/Jan/2016:12:37:07 +0100] "GET /SYT-BS/3xI/ HTTP/1.1" 200 2397 "http://netzwerktechnik.htl.rennweg.at/SYT-BS/" "Mozilla/5.0 (X11; Ubuntu; Linux x86_64; rv:40.0) Gecko/20100101 Firefox/40.0"
10.0.79.80 - htl3r [25/Jan/2016:12:37:09 +0100] "GET /SYT-BS/2xI/ HTTP/1.1" 200 2397 "http://netzwerktechnik.htl.rennweg.at/SYT-BS/" "Mozilla/5.0 (X11; Ubuntu; Linux x86_64; rv:40.0) Gecko/20100101 Firefox/40.0"
10.0.79.80 - htl3r [25/Jan/2016:12:37:10 +0100] "GET /SYT-BS/ HTTP/1.1" 200 2101 "http://netzwerktechnik.htl.rennweg.at/SYT-BS/2xI/" "Mozilla/5.0 (X11; Ubuntu; Linux x86_64; rv:40.0) Gecko/20100101 Firefox/40.0"
10.0.79.75 - - [25/Jan/2016:12:37:10 +0100] "GET /SYT-BS HTTP/1.1" 401 676 "http://netzwerktechnik.htl.rennweg.at/" "Mozilla/5.0 (X11; Linux x86_64) AppleWebKit/537.36 (KHTML, like Gecko) Chrome/44.0.2403.157 Safari/537.36"
10.0.0.114 - htl3r [25/Jan/2016:12:37:11 +0100] "GET /SYT-BS/3xI/Labor/ HTTP/1.1" 200 5615 "http://netzwerktechnik.htl.rennweg.at/SYT-BS/3xI/" "Mozilla/5.0 (X11; Ubuntu; Linux x86_64; rv:40.0) Gecko/20100101 Firefox/40.0"
10.0.79.75 - htl3r [25/Jan/2016:12:37:12 +0100] "GET /SYT-BS HTTP/1.1" 301 588 "http://netzwerktechnik.htl.rennweg.at/" "Mozilla/5.0 (X11; Linux x86_64) AppleWebKit/537.36 (KHTML, like Gecko) Chrome/44.0.2403.157 Safari/537.36"
10.0.79.75 - htl3r [25/Jan/2016:12:37:12 +0100] "GET /SYT-BS/ HTTP/1.1" 200 2101 "http://netzwerktechnik.htl.rennweg.at/" "Mozilla/5.0 (X11; Linux x86_64) AppleWebKit/537.36 (KHTML, like Gecko) Chrome/44.0.2403.157 Safari/537.36"
10.0.79.80 - htl3r [25/Jan/2016:12:37:12 +0100] "GET /SYT-BS/3xI/ HTTP/1.1" 200 2397 "http://netzwerktechnik.htl.rennweg.at/SYT-BS/" "Mozilla/5.0 (X11; Ubuntu; Linux x86_64; rv:40.0) Gecko/20100101 Firefox/40.0"
10.0.79.75 - htl3r [25/Jan/2016:12:37:13 +0100] "GET /SYT-BS/3xI/ HTTP/1.1" 200 2397 "http://netzwerktechnik.htl.rennweg.at/SYT-BS/" "Mozilla/5.0 (X11; Linux x86_64) AppleWebKit/537.36 (KHTML, like Gecko) Chrome/44.0.2403.157 Safari/537.36"
10.0.79.80 - htl3r [25/Jan/2016:12:37:14 +0100] "GET /SYT-BS/3xI/Labor/ HTTP/1.1" 200 5615 "http://netzwerktechnik.htl.rennweg.at/SYT-BS/3xI/" "Mozilla/5.0 (X11; Ubuntu; Linux x86_64; rv:40.0) Gecko/20100101 Firefox/40.0"
10.0.0.114 - htl3r [25/Jan/2016:12:37:14 +0100] "GET /SYT-BS/3xI/Labor/UE11_Linux_Scripting-full.pdf HTTP/1.1" 200 138942 "http://netzwerktechnik.htl.rennweg.at/SYT-BS/3xI/Labor/" "Mozilla/5.0 (X11; Ubuntu; Linux x86_64; rv:40.0) Gecko/20100101 Firefox/40.0"
10.0.0.114 - - [25/Jan/2016:12:37:17 +0100] "GET / HTTP/1.1" 200 854 "-" "Mozilla/5.0 (X11; Linux x86_64) AppleWebKit/537.36 (KHTML, like Gecko) Chrome/44.0.2403.157 Safari/537.36"
10.0.0.114 - - [25/Jan/2016:12:37:17 +0100] "GET /img/htl.png HTTP/1.1" 200 19214 "http://netzwerktechnik.htl.rennweg.at/" "Mozilla/5.0 (X11; Linux x86_64) AppleWebKit/537.36 (KHTML, like Gecko) Chrome/44.0.2403.157 Safari/537.36"
10.0.0.114 - - [25/Jan/2016:12:37:17 +0100] "GET /favicon.ico HTTP/1.1" 200 720 "http://netzwerktechnik.htl.rennweg.at/" "Mozilla/5.0 (X11; Linux x86_64) AppleWebKit/537.36 (KHTML, like Gecko) Chrome/44.0.2403.157 Safari/537.36"
10.0.0.114 - - [25/Jan/2016:12:37:19 +0100] "GET /SYT-BS HTTP/1.1" 401 676 "http://netzwerktechnik.htl.rennweg.at/" "Mozilla/5.0 (X11; Linux x86_64) AppleWebKit/537.36 (KHTML, like Gecko) Chrome/44.0.2403.157 Safari/537.36"
10.0.0.114 - - [25/Jan/2016:12:37:20 +0100] "GET / HTTP/1.1" 304 210 "-" "Mozilla/5.0 (X11; Ubuntu; Linux x86_64; rv:40.0) Gecko/20100101 Firefox/40.0"
10.14.16.198 - - [25/Jan/2016:12:37:22 +0100] "GET / HTTP/1.1" 304 210 "-" "Mozilla/5.0 (Windows NT 10.0; WOW64; rv:43.0) Gecko/20100101 Firefox/43.0"
10.14.16.198 - - [25/Jan/2016:12:37:25 +0100] "GET /SYT-BS/ HTTP/1.1" 401 676 "http://netzwerktechnik.htl.rennweg.at/" "Mozilla/5.0 (Windows NT 10.0; WOW64; rv:43.0) Gecko/20100101 Firefox/43.0"
10.14.16.198 - htl3r [25/Jan/2016:12:37:27 +0100] "GET /SYT-BS/ HTTP/1.1" 200 2101 "http://netzwerktechnik.htl.rennweg.at/" "Mozilla/5.0 (Windows NT 10.0; WOW64; rv:43.0) Gecko/20100101 Firefox/43.0"
10.0.0.114 - htl3r [25/Jan/2016:12:37:27 +0100] "GET /SYT-BS HTTP/1.1" 301 589 "http://netzwerktechnik.htl.rennweg.at/" "Mozilla/5.0 (X11; Linux x86_64) AppleWebKit/537.36 (KHTML, like Gecko) Chrome/44.0.2403.157 Safari/537.36"
10.0.0.114 - htl3r [25/Jan/2016:12:37:27 +0100] "GET /SYT-BS/ HTTP/1.1" 200 2101 "http://netzwerktechnik.htl.rennweg.at/" "Mozilla/5.0 (X11; Linux x86_64) AppleWebKit/537.36 (KHTML, like Gecko) Chrome/44.0.2403.157 Safari/537.36"
10.0.0.114 - htl3r [25/Jan/2016:12:37:27 +0100] "GET /~hor/theme/style.css HTTP/1.1" 200 1197 "http://netzwerktechnik.htl.rennweg.at/SYT-BS/" "Mozilla/5.0 (X11; Linux x86_64) AppleWebKit/537.36 (KHTML, like Gecko) Chrome/44.0.2403.157 Safari/537.36"
10.0.0.114 - htl3r [25/Jan/2016:12:37:27 +0100] "GET /~hor/theme/icons/blank.png HTTP/1.1" 200 518 "http://netzwerktechnik.htl.rennweg.at/SYT-BS/" "Mozilla/5.0 (X11; Linux x86_64) AppleWebKit/537.36 (KHTML, like Gecko) Chrome/44.0.2403.157 Safari/537.36"
10.0.0.114 - htl3r [25/Jan/2016:12:37:27 +0100] "GET /~hor/theme/icons/folder.png HTTP/1.1" 200 686 "http://netzwerktechnik.htl.rennweg.at/SYT-BS/" "Mozilla/5.0 (X11; Linux x86_64) AppleWebKit/537.36 (KHTML, like Gecko) Chrome/44.0.2403.157 Safari/537.36"
10.0.0.114 - htl3r [25/Jan/2016:12:37:27 +0100] "GET /~hor/theme/icons/folder-home.png HTTP/1.1" 200 909 "http://netzwerktechnik.htl.rennweg.at/SYT-BS/" "Mozilla/5.0 (X11; Linux x86_64) AppleWebKit/537.36 (KHTML, like Gecko) Chrome/44.0.2403.157 Safari/537.36"
10.14.16.198 - htl3r [25/Jan/2016:12:37:29 +0100] "GET /SYT-BS/3xI/ HTTP/1.1" 200 2397 "http://netzwerktechnik.htl.rennweg.at/SYT-BS/" "Mozilla/5.0 (Windows NT 10.0; WOW64; rv:43.0) Gecko/20100101 Firefox/43.0"
10.0.0.114 - htl3r [25/Jan/2016:12:37:31 +0100] "GET /SYT-BS/3xI/ HTTP/1.1" 200 2397 "http://netzwerktechnik.htl.rennweg.at/SYT-BS/" "Mozilla/5.0 (X11; Linux x86_64) AppleWebKit/537.36 (KHTML, like Gecko) Chrome/44.0.2403.157 Safari/537.36"
10.14.16.198 - htl3r [25/Jan/2016:12:37:31 +0100] "GET /SYT-BS/3xI/Handouts/ HTTP/1.1" 200 1724 "http://netzwerktechnik.htl.rennweg.at/SYT-BS/3xI/" "Mozilla/5.0 (Windows NT 10.0; WOW64; rv:43.0) Gecko/20100101 Firefox/43.0"
10.0.79.75 - htl3r [25/Jan/2016:12:37:31 +0100] "GET /SYT-BS/3xI/Leistungsbeurteilung/ HTTP/1.1" 200 2079 "http://netzwerktechnik.htl.rennweg.at/SYT-BS/3xI/" "Mozilla/5.0 (X11; Linux x86_64) AppleWebKit/537.36 (KHTML, like Gecko) Chrome/44.0.2403.157 Safari/537.36"
10.14.16.198 - htl3r [25/Jan/2016:12:37:32 +0100] "GET /SYT-BS/3xI/ HTTP/1.1" 200 2397 "http://netzwerktechnik.htl.rennweg.at/SYT-BS/3xI/Handouts/" "Mozilla/5.0 (Windows NT 10.0; WOW64; rv:43.0) Gecko/20100101 Firefox/43.0"
10.0.0.114 - htl3r [25/Jan/2016:12:37:32 +0100] "GET /SYT-BS/3xI/Labor/ HTTP/1.1" 200 5615 "http://netzwerktechnik.htl.rennweg.at/SYT-BS/3xI/" "Mozilla/5.0 (X11; Linux x86_64) AppleWebKit/537.36 (KHTML, like Gecko) Chrome/44.0.2403.157 Safari/537.36"
10.0.0.114 - htl3r [25/Jan/2016:12:37:32 +0100] "GET /~hor/theme/icons/default.png HTTP/1.1" 200 602 "http://netzwerktechnik.htl.rennweg.at/SYT-BS/3xI/Labor/" "Mozilla/5.0 (X11; Linux x86_64) AppleWebKit/537.36 (KHTML, like Gecko) Chrome/44.0.2403.157 Safari/537.36"
10.0.0.114 - htl3r [25/Jan/2016:12:37:32 +0100] "GET /~hor/theme/icons/pdf.png HTTP/1.1" 200 1091 "http://netzwerktechnik.htl.rennweg.at/SYT-BS/3xI/Labor/" "Mozilla/5.0 (X11; Linux x86_64) AppleWebKit/537.36 (KHTML, like Gecko) Chrome/44.0.2403.157 Safari/537.36"
10.0.79.75 - htl3r [25/Jan/2016:12:37:32 +0100] "GET /SYT-BS/3xI/ HTTP/1.1" 200 2397 "http://netzwerktechnik.htl.rennweg.at/SYT-BS/3xI/Leistungsbeurteilung/" "Mozilla/5.0 (X11; Linux x86_64) AppleWebKit/537.36 (KHTML, like Gecko) Chrome/44.0.2403.157 Safari/537.36"
10.0.79.75 - htl3r [25/Jan/2016:12:37:32 +0100] "GET /SYT-BS/ HTTP/1.1" 200 2101 "http://netzwerktechnik.htl.rennweg.at/SYT-BS/3xI/" "Mozilla/5.0 (X11; Linux x86_64) AppleWebKit/537.36 (KHTML, like Gecko) Chrome/44.0.2403.157 Safari/537.36"
10.0.79.75 - htl3r [25/Jan/2016:12:37:33 +0100] "GET /SYT-BS/3xI/ HTTP/1.1" 200 2397 "http://netzwerktechnik.htl.rennweg.at/SYT-BS/" "Mozilla/5.0 (X11; Linux x86_64) AppleWebKit/537.36 (KHTML, like Gecko) Chrome/44.0.2403.157 Safari/537.36"
10.14.16.198 - htl3r [25/Jan/2016:12:37:33 +0100] "GET /SYT-BS/3xI/Labor/ HTTP/1.1" 200 5615 "http://netzwerktechnik.htl.rennweg.at/SYT-BS/3xI/" "Mozilla/5.0 (Windows NT 10.0; WOW64; rv:43.0) Gecko/20100101 Firefox/43.0"
10.0.0.114 - - [25/Jan/2016:12:37:34 +0100] "GET /SYT-BS/ HTTP/1.1" 401 677 "http://netzwerktechnik.htl.rennweg.at/" "Mozilla/5.0 (X11; Ubuntu; Linux x86_64; rv:40.0) Gecko/20100101 Firefox/40.0"
10.0.79.75 - htl3r [25/Jan/2016:12:37:34 +0100] "GET /SYT-BS/3xI/Labor/ HTTP/1.1" 200 5615 "http://netzwerktechnik.htl.rennweg.at/SYT-BS/3xI/" "Mozilla/5.0 (X11; Linux x86_64) AppleWebKit/537.36 (KHTML, like Gecko) Chrome/44.0.2403.157 Safari/537.36"
10.0.0.114 - htl3r [25/Jan/2016:12:37:35 +0100] "GET /SYT-BS/ HTTP/1.1" 200 2101 "http://netzwerktechnik.htl.rennweg.at/" "Mozilla/5.0 (X11; Ubuntu; Linux x86_64; rv:40.0) Gecko/20100101 Firefox/40.0"
10.0.0.114 - htl3r [25/Jan/2016:12:37:36 +0100] "GET /SYT-BS/3xI/Labor/UE11_Linux_Scripting-full.pdf HTTP/1.1" 200 138942 "http://netzwerktechnik.htl.rennweg.at/SYT-BS/3xI/Labor/" "Mozilla/5.0 (X11; Linux x86_64) AppleWebKit/537.36 (KHTML, like Gecko) Chrome/44.0.2403.157 Safari/537.36"
10.14.16.198 - htl3r [25/Jan/2016:12:37:36 +0100] "GET /SYT-BS/3xI/Labor/UE11_Linux_Scripting-full.pdf HTTP/1.1" 200 138942 "http://netzwerktechnik.htl.rennweg.at/SYT-BS/3xI/Labor/" "Mozilla/5.0 (Windows NT 10.0; WOW64; rv:43.0) Gecko/20100101 Firefox/43.0"
10.0.0.114 - - [25/Jan/2016:12:37:37 +0100] "GET / HTTP/1.1" 304 210 "-" "Mozilla/5.0 (X11; Linux x86_64) AppleWebKit/537.36 (KHTML, like Gecko) Chrome/44.0.2403.157 Safari/537.36"
10.0.0.114 - htl3r [25/Jan/2016:12:37:37 +0100] "GET /SYT-BS/3xI/ HTTP/1.1" 200 2397 "http://netzwerktechnik.htl.rennweg.at/SYT-BS/" "Mozilla/5.0 (X11; Ubuntu; Linux x86_64; rv:40.0) Gecko/20100101 Firefox/40.0"
10.0.79.75 - htl3r [25/Jan/2016:12:37:37 +0100] "GET /SYT-BS/3xI/Labor/UE11_Linux_Scripting-full.pdf HTTP/1.1" 200 138942 "http://netzwerktechnik.htl.rennweg.at/SYT-BS/3xI/Labor/" "Mozilla/5.0 (X11; Linux x86_64) AppleWebKit/537.36 (KHTML, like Gecko) Chrome/44.0.2403.157 Safari/537.36"
10.0.0.114 - htl3r [25/Jan/2016:12:37:38 +0100] "GET /SYT-BS/3xI/Labor/ HTTP/1.1" 200 5615 "http://netzwerktechnik.htl.rennweg.at/SYT-BS/3xI/" "Mozilla/5.0 (X11; Ubuntu; Linux x86_64; rv:40.0) Gecko/20100101 Firefox/40.0"
10.0.0.114 - - [25/Jan/2016:12:37:39 +0100] "GET /SYT-BS HTTP/1.1" 401 676 "http://netzwerktechnik.htl.rennweg.at/" "Mozilla/5.0 (X11; Linux x86_64) AppleWebKit/537.36 (KHTML, like Gecko) Chrome/44.0.2403.157 Safari/537.36"
10.0.0.114 - htl3r [25/Jan/2016:12:37:41 +0100] "GET /SYT-BS HTTP/1.1" 301 588 "http://netzwerktechnik.htl.rennweg.at/" "Mozilla/5.0 (X11; Linux x86_64) AppleWebKit/537.36 (KHTML, like Gecko) Chrome/44.0.2403.157 Safari/537.36"
10.0.0.114 - htl3r [25/Jan/2016:12:37:41 +0100] "GET /SYT-BS/ HTTP/1.1" 200 2101 "http://netzwerktechnik.htl.rennweg.at/" "Mozilla/5.0 (X11; Linux x86_64) AppleWebKit/537.36 (KHTML, like Gecko) Chrome/44.0.2403.157 Safari/537.36"
10.0.0.114 - htl3r [25/Jan/2016:12:37:44 +0100] "GET /SYT-BS/3xI/Labor/UE11_Linux_Scripting-full.pdf HTTP/1.1" 200 138943 "http://netzwerktechnik.htl.rennweg.at/SYT-BS/3xI/Labor/" "Mozilla/5.0 (X11; Ubuntu; Linux x86_64; rv:40.0) Gecko/20100101 Firefox/40.0"
10.0.0.114 - htl3r [25/Jan/2016:12:37:47 +0100] "GET /SYT-BS/3xI/ HTTP/1.1" 200 2398 "http://netzwerktechnik.htl.rennweg.at/SYT-BS/" "Mozilla/5.0 (X11; Linux x86_64) AppleWebKit/537.36 (KHTML, like Gecko) Chrome/44.0.2403.157 Safari/537.36"
10.0.79.80 - htl3r [25/Jan/2016:12:37:48 +0100] "GET /SYT-BS/3xI/Labor/UE11_Linux_Scripting-full.pdf HTTP/1.1" 200 138943 "http://netzwerktechnik.htl.rennweg.at/SYT-BS/3xI/Labor/" "Mozilla/5.0 (X11; Ubuntu; Linux x86_64; rv:40.0) Gecko/20100101 Firefox/40.0"
10.0.0.114 - - [25/Jan/2016:12:37:49 +0100] "GET / HTTP/1.1" 200 854 "-" "Mozilla/5.0 (X11; Linux x86_64) AppleWebKit/537.36 (KHTML, like Gecko) Chrome/44.0.2403.157 Safari/537.36"
10.0.0.114 - - [25/Jan/2016:12:37:49 +0100] "GET /favicon.ico HTTP/1.1" 304 186 "http://netzwerktechnik.htl.rennweg.at/" "Mozilla/5.0 (X11; Linux x86_64) AppleWebKit/537.36 (KHTML, like Gecko) Chrome/44.0.2403.157 Safari/537.36"
10.0.0.114 - htl3r [25/Jan/2016:12:37:49 +0100] "GET /SYT-BS/3xI/Labor/ HTTP/1.1" 200 5615 "http://netzwerktechnik.htl.rennweg.at/SYT-BS/3xI/" "Mozilla/5.0 (X11; Linux x86_64) AppleWebKit/537.36 (KHTML, like Gecko) Chrome/44.0.2403.157 Safari/537.36"
10.0.0.114 - htl3r [25/Jan/2016:12:37:49 +0100] "GET /~hor/theme/icons/default.png HTTP/1.1" 304 187 "http://netzwerktechnik.htl.rennweg.at/SYT-BS/3xI/Labor/" "Mozilla/5.0 (X11; Linux x86_64) AppleWebKit/537.36 (KHTML, like Gecko) Chrome/44.0.2403.157 Safari/537.36"
10.0.0.114 - htl3r [25/Jan/2016:12:37:50 +0100] "GET /SYT-BS/3xI/Labor/Vorlage/ HTTP/1.1" 200 2497 "http://netzwerktechnik.htl.rennweg.at/SYT-BS/3xI/Labor/" "Mozilla/5.0 (X11; Ubuntu; Linux x86_64; rv:40.0) Gecko/20100101 Firefox/40.0"
10.0.0.114 - htl3r [25/Jan/2016:12:37:51 +0100] "GET /SYT-BS/3xI/Labor/UE11_Linux_Scripting-full.pdf HTTP/1.1" 200 138942 "http://netzwerktechnik.htl.rennweg.at/SYT-BS/3xI/Labor/" "Mozilla/5.0 (X11; Linux x86_64) AppleWebKit/537.36 (KHTML, like Gecko) Chrome/44.0.2403.157 Safari/537.36"
